******************************************************************************
                  TI ARM Linker PC v5.2.2                      
******************************************************************************
>> Linked Mon Feb 29 13:50:26 2016

OUTPUT FILE NAME:   <base_project.out>
ENTRY POINT SYMBOL: "_c_int00"  address: 00000631


MEMORY CONFIGURATION

         name            origin    length      used     unused   attr    fill
----------------------  --------  ---------  --------  --------  ----  --------
  FLASH                 00000000   00100000  00000804  000ff7fc  R  X
  SRAM                  20000000   00040000  00000214  0003fdec  RW X


SEGMENT ALLOCATION MAP

run origin  load origin   length   init length attrs members
----------  ----------- ---------- ----------- ----- -------
00000000    00000000    00000808   00000808    r-x
  00000000    00000000    00000208   00000208    r-- .intvecs
  00000208    00000208    000005dc   000005dc    r-x .text
  000007e8    000007e8    00000020   00000020    r-- .cinit
20000000    20000000    00000214   00000000    rw-
  20000000    20000000    00000200   00000000    rw- .stack
  20000200    20000200    00000014   00000000    rw- .data


SECTION ALLOCATION MAP

 output                                  attributes/
section   page    origin      length       input sections
--------  ----  ----------  ----------   ----------------
.intvecs   0    00000000    00000208     
                  00000000    00000208     tm4c1294ncpdt_startup_ccs.obj (.intvecs)

.text      0    00000208    000005dc     
                  00000208    00000132     driverlib.lib : gpio.obj (.text:GPIOPadConfigSet)
                  0000033a    000000a4                   : gpio.obj (.text:GPIOPadConfigGet)
                  000003de    0000009c     rtsv7M4_T_le_v4SPD16_eabi.lib : memcpy_t2.obj (.text)
                  0000047a    0000007a                                   : memset_t2.obj (.text)
                  000004f4    0000006c                                   : autoinit.obj (.text)
                  00000560    0000006a                                   : copy_decompress_rle.obj (.text)
                  000005ca    00000002     --HOLE-- [fill = 0]
                  000005cc    00000064     main.obj (.text)
                  00000630    00000050     rtsv7M4_T_le_v4SPD16_eabi.lib : boot.obj (.text)
                  00000680    0000004c                                   : cpy_tbl.obj (.text)
                  000006cc    00000044                                   : exit.obj (.text)
                  00000710    00000034     driverlib.lib : sysctl.obj (.text:SysCtlPeripheralEnable)
                  00000744    0000002a                   : gpio.obj (.text:GPIODirModeSet)
                  0000076e    00000018                   : gpio.obj (.text:GPIOPinTypeGPIOOutput)
                  00000786    00000002     --HOLE-- [fill = 0]
                  00000788    00000018     rtsv7M4_T_le_v4SPD16_eabi.lib : args_main.obj (.text)
                  000007a0    00000014                                   : _lock.obj (.text)
                  000007b4    0000000e                                   : copy_decompress_none.obj (.text:decompress:none)
                  000007c2    0000000c     tm4c1294ncpdt_startup_ccs.obj (.text)
                  000007ce    00000006     driverlib.lib : gpio.obj (.text:GPIOPinWrite)
                  000007d4    00000006                   : sysctl.obj (.text:SysCtlDelay)
                  000007da    00000006     rtsv7M4_T_le_v4SPD16_eabi.lib : copy_decompress_rle.obj (.text:decompress:rle24)
                  000007e0    00000004                                   : pre_init.obj (.text)

.cinit     0    000007e8    00000020     
                  000007e8    0000000f     (.cinit..data.load) [load image, compression = rle]
                  000007f7    00000001     --HOLE-- [fill = 0]
                  000007f8    00000008     (__TI_handler_table)
                  00000800    00000008     (__TI_cinit_table)

.init_array 
*          0    00000000    00000000     UNINITIALIZED

.stack     0    20000000    00000200     UNINITIALIZED
                  20000000    00000200     --HOLE--

.data      0    20000200    00000014     UNINITIALIZED
                  20000200    00000008     rtsv7M4_T_le_v4SPD16_eabi.lib : _lock.obj (.data)
                  20000208    00000008                                   : exit.obj (.data)
                  20000210    00000004                                   : stkdepth_vars.obj (.data)

.TI.persistent 
*          0    20000200    00000000     UNINITIALIZED


LINKER GENERATED COPY TABLES

__TI_cinit_table @ 00000800 records: 1, size/record: 8, table size: 8
	.data: load addr=000007e8, load size=0000000f bytes, run addr=20000200, run size=00000014 bytes, compression=rle


LINKER GENERATED HANDLER TABLE

__TI_handler_table @ 000007f8 records: 2, size/record: 4, table size: 8
	index: 0, handler: __TI_decompress_rle24
	index: 1, handler: __TI_decompress_none


GLOBAL SYMBOLS: SORTED ALPHABETICALLY BY Name 

address   name                    
-------   ----                    
000006cd  C$$EXIT                 
00000745  GPIODirModeSet          
0000033b  GPIOPadConfigGet        
00000209  GPIOPadConfigSet        
0000076f  GPIOPinTypeGPIOOutput   
000007cf  GPIOPinWrite            
000007c3  ResetISR                
UNDEFED   SHT$$INIT_ARRAY$$Base   
UNDEFED   SHT$$INIT_ARRAY$$Limit  
000007d5  SysCtlDelay             
00000711  SysCtlPeripheralEnable  
20000200  __STACK_END             
00000200  __STACK_SIZE            
20000200  __STACK_TOP             
00000800  __TI_CINIT_Base         
00000808  __TI_CINIT_Limit        
000007f8  __TI_Handler_Table_Base 
00000800  __TI_Handler_Table_Limit
000004f5  __TI_auto_init          
20000208  __TI_cleanup_ptr        
000007b5  __TI_decompress_none    
000007db  __TI_decompress_rle24   
2000020c  __TI_dtors_ptr          
00000000  __TI_static_base__      
0000047b  __aeabi_memclr          
0000047b  __aeabi_memclr4         
0000047b  __aeabi_memclr8         
000003df  __aeabi_memcpy          
000003df  __aeabi_memcpy4         
000003df  __aeabi_memcpy8         
0000047d  __aeabi_memset          
0000047d  __aeabi_memset4         
0000047d  __aeabi_memset8         
ffffffff  __binit__               
ffffffff  __c_args__              
20000000  __stack                 
00000789  _args_main              
00000631  _c_int00                
20000200  _lock                   
000007af  _nop                    
000007a7  _register_lock          
000007a1  _register_unlock        
000007e1  _system_pre_init        
20000204  _unlock                 
000006d1  abort                   
ffffffff  binit                   
00000681  copy_in                 
000006d9  exit                    
00000000  g_pfnVectors            
000005cd  main                    
20000210  main_func_sp            
000003df  memcpy                  
00000483  memset                  


GLOBAL SYMBOLS: SORTED BY Symbol Address 

address   name                    
-------   ----                    
00000000  __TI_static_base__      
00000000  g_pfnVectors            
00000200  __STACK_SIZE            
00000209  GPIOPadConfigSet        
0000033b  GPIOPadConfigGet        
000003df  __aeabi_memcpy          
000003df  __aeabi_memcpy4         
000003df  __aeabi_memcpy8         
000003df  memcpy                  
0000047b  __aeabi_memclr          
0000047b  __aeabi_memclr4         
0000047b  __aeabi_memclr8         
0000047d  __aeabi_memset          
0000047d  __aeabi_memset4         
0000047d  __aeabi_memset8         
00000483  memset                  
000004f5  __TI_auto_init          
000005cd  main                    
00000631  _c_int00                
00000681  copy_in                 
000006cd  C$$EXIT                 
000006d1  abort                   
000006d9  exit                    
00000711  SysCtlPeripheralEnable  
00000745  GPIODirModeSet          
0000076f  GPIOPinTypeGPIOOutput   
00000789  _args_main              
000007a1  _register_unlock        
000007a7  _register_lock          
000007af  _nop                    
000007b5  __TI_decompress_none    
000007c3  ResetISR                
000007cf  GPIOPinWrite            
000007d5  SysCtlDelay             
000007db  __TI_decompress_rle24   
000007e1  _system_pre_init        
000007f8  __TI_Handler_Table_Base 
00000800  __TI_CINIT_Base         
00000800  __TI_Handler_Table_Limit
00000808  __TI_CINIT_Limit        
20000000  __stack                 
20000200  __STACK_END             
20000200  __STACK_TOP             
20000200  _lock                   
20000204  _unlock                 
20000208  __TI_cleanup_ptr        
2000020c  __TI_dtors_ptr          
20000210  main_func_sp            
ffffffff  __binit__               
ffffffff  __c_args__              
ffffffff  binit                   
UNDEFED   SHT$$INIT_ARRAY$$Base   
UNDEFED   SHT$$INIT_ARRAY$$Limit  

[53 symbols]
