******************************************************************************
                  TI ARM Linker PC v5.2.2                      
******************************************************************************
>> Linked Tue May 17 13:20:43 2016

OUTPUT FILE NAME:   <projekt_try2.out>
ENTRY POINT SYMBOL: "_c_int00"  address: 00000da1


MEMORY CONFIGURATION

         name            origin    length      used     unused   attr    fill
----------------------  --------  ---------  --------  --------  ----  --------
  FLASH                 00000000   00100000  00001516  000feaea  R  X
  SRAM                  20000000   00040000  000004e0  0003fb20  RW X


SEGMENT ALLOCATION MAP

run origin  load origin   length   init length attrs members
----------  ----------- ---------- ----------- ----- -------
00000000    00000000    00001518   00001518    r-x
  00000000    00000000    00000208   00000208    r-- .intvecs
  00000208    00000208    00000ece   00000ece    r-x .text
  000010d8    000010d8    000003b8   000003b8    r-- .const
  00001490    00001490    00000088   00000088    r-- .cinit
20000000    20000000    000004e0   00000000    rw-
  20000000    20000000    0000026c   00000000    rw- .vtable
  2000026c    2000026c    00000200   00000000    rw- .stack
  2000046c    2000046c    00000074   00000000    rw- .data


SECTION ALLOCATION MAP

 output                                  attributes/
section   page    origin      length       input sections
--------  ----  ----------  ----------   ----------------
.intvecs   0    00000000    00000208     
                  00000000    00000208     tm4c1294ncpdt_startup_ccs.obj (.intvecs)

.text      0    00000208    00000ece     
                  00000208    00000510     main.obj (.text)
                  00000718    00000204     driverlib.lib : sysctl.obj (.text:SysCtlClockFreqSet)
                  0000091c    00000132                   : gpio.obj (.text:GPIOPadConfigSet)
                  00000a4e    000000a4                   : gpio.obj (.text:GPIOPadConfigGet)
                  00000af2    0000009c     rtsv7M4_T_le_v4SPD16_eabi.lib : memcpy_t2.obj (.text)
                  00000b8e    0000007a                                   : memset_t2.obj (.text)
                  00000c08    0000006c                                   : autoinit.obj (.text)
                  00000c74    0000006a                                   : copy_decompress_rle.obj (.text)
                  00000cde    00000002     --HOLE-- [fill = 0]
                  00000ce0    00000068     driverlib.lib : interrupt.obj (.text:IntEnable)
                  00000d48    00000056                   : gpio.obj (.text:GPIOIntTypeSet)
                  00000d9e    00000002     --HOLE-- [fill = 0]
                  00000da0    00000050     rtsv7M4_T_le_v4SPD16_eabi.lib : boot.obj (.text)
                  00000df0    0000004c                                   : cpy_tbl.obj (.text)
                  00000e3c    00000048     driverlib.lib : sysctl.obj (.text:_SysCtlFrequencyGet)
                  00000e84    00000044     rtsv7M4_T_le_v4SPD16_eabi.lib : exit.obj (.text)
                  00000ec8    00000040     driverlib.lib : gpio.obj (.text:_GPIOIntNumberGet)
                  00000f08    00000038                   : sysctl.obj (.text:SysCtlPeripheralReady)
                  00000f40    00000034                   : interrupt.obj (.text:IntRegister)
                  00000f74    00000034                   : sysctl.obj (.text:SysCtlPeripheralEnable)
                  00000fa8    0000002a                   : gpio.obj (.text:GPIODirModeSet)
                  00000fd2    00000002     --HOLE-- [fill = 0]
                  00000fd4    00000020                   : sysctl.obj (.text:_SysCtlMemTimingGet)
                  00000ff4    00000018                   : gpio.obj (.text:GPIOIntRegister)
                  0000100c    00000018                   : gpio.obj (.text:GPIOPinTypeGPIOOutput)
                  00001024    00000018     rtsv7M4_T_le_v4SPD16_eabi.lib : args_main.obj (.text)
                  0000103c    00000014                                   : _lock.obj (.text)
                  00001050    00000012     driverlib.lib : gpio.obj (.text:GPIOPinTypeGPIOInput)
                  00001062    00000002     --HOLE-- [fill = 0]
                  00001064    00000010                   : systick.obj (.text:SysTickPeriodSet)
                  00001074    0000000e                   : gpio.obj (.text:GPIOIntStatus)
                  00001082    0000000e     rtsv7M4_T_le_v4SPD16_eabi.lib : copy_decompress_none.obj (.text:decompress:none)
                  00001090    0000000c     driverlib.lib : gpio.obj (.text:GPIOIntEnable)
                  0000109c    0000000c     rtsv7M4_T_le_v4SPD16_eabi.lib : copy_zero_init.obj (.text:decompress:ZI)
                  000010a8    0000000c     tm4c1294ncpdt_startup_ccs.obj (.text)
                  000010b4    00000006     driverlib.lib : gpio.obj (.text:GPIOIntClear)
                  000010ba    00000006                   : gpio.obj (.text:GPIOPinRead)
                  000010c0    00000006                   : gpio.obj (.text:GPIOPinWrite)
                  000010c6    00000006                   : sysctl.obj (.text:SysCtlDelay)
                  000010cc    00000006     rtsv7M4_T_le_v4SPD16_eabi.lib : copy_decompress_rle.obj (.text:decompress:rle24)
                  000010d2    00000004                                   : pre_init.obj (.text)

.const     0    000010d8    000003b8     
                  000010d8    00000120     driverlib.lib : sysctl.obj (.const:g_pppui32XTALtoVCO)
                  000011f8    000000c0                   : gpio.obj (.const:g_ppui32GPIOIntMapBlizzard)
                  000012b8    000000c0                   : gpio.obj (.const:g_ppui32GPIOIntMapSnowflake)
                  00001378    00000070                   : interrupt.obj (.const)
                  000013e8    0000006c                   : sysctl.obj (.const:g_pui32Xtals)
                  00001454    00000030                   : sysctl.obj (.const:g_sXTALtoMEMTIM)
                  00001484    00000008                   : sysctl.obj (.const)
                  0000148c    00000004     main.obj (.const:.string)

.cinit     0    00001490    00000088     
                  00001490    0000005e     (.cinit..data.load) [load image, compression = rle]
                  000014ee    00000002     --HOLE-- [fill = 0]
                  000014f0    0000000c     (__TI_handler_table)
                  000014fc    00000004     --HOLE-- [fill = 0]
                  00001500    00000008     (.cinit..vtable.load) [load image, compression = zero_init]
                  00001508    00000010     (__TI_cinit_table)

.init_array 
*          0    00000000    00000000     UNINITIALIZED

.vtable    0    20000000    0000026c     UNINITIALIZED
                  20000000    0000026c     driverlib.lib : interrupt.obj (.vtable)

.stack     0    2000026c    00000200     UNINITIALIZED
                  2000026c    00000200     --HOLE--

.data      0    2000046c    00000074     UNINITIALIZED
                  2000046c    00000054     main.obj (.data:motor1)
                  200004c0    0000000c     main.obj (.data)
                  200004cc    00000008     rtsv7M4_T_le_v4SPD16_eabi.lib : _lock.obj (.data)
                  200004d4    00000008                                   : exit.obj (.data)
                  200004dc    00000004                                   : stkdepth_vars.obj (.data)

.TI.persistent 
*          0    2000046c    00000000     UNINITIALIZED


LINKER GENERATED COPY TABLES

__TI_cinit_table @ 00001508 records: 2, size/record: 8, table size: 16
	.data: load addr=00001490, load size=0000005e bytes, run addr=2000046c, run size=00000074 bytes, compression=rle
	.vtable: load addr=00001500, load size=00000008 bytes, run addr=20000000, run size=0000026c bytes, compression=zero_init


LINKER GENERATED HANDLER TABLE

__TI_handler_table @ 000014f0 records: 3, size/record: 4, table size: 12
	index: 0, handler: __TI_zero_init
	index: 1, handler: __TI_decompress_rle24
	index: 2, handler: __TI_decompress_none


GLOBAL SYMBOLS: SORTED ALPHABETICALLY BY Name 

address   name                      
-------   ----                      
00000e85  C$$EXIT                   
00000fa9  GPIODirModeSet            
000010b5  GPIOIntClear              
00001091  GPIOIntEnable             
00000ff5  GPIOIntRegister           
00001075  GPIOIntStatus             
00000d49  GPIOIntTypeSet            
00000a4f  GPIOPadConfigGet          
0000091d  GPIOPadConfigSet          
000010bb  GPIOPinRead               
00001051  GPIOPinTypeGPIOInput      
0000100d  GPIOPinTypeGPIOOutput     
000010c1  GPIOPinWrite              
000004fb  GPIO_Pin_write            
000002ef  ISR_gpioUsrSW             
00000ce1  IntEnable                 
00000f41  IntRegister               
000010a9  ResetISR                  
UNDEFED   SHT$$INIT_ARRAY$$Base     
UNDEFED   SHT$$INIT_ARRAY$$Limit    
00000719  SysCtlClockFreqSet        
000010c7  SysCtlDelay               
00000f75  SysCtlPeripheralEnable    
00000f09  SysCtlPeripheralReady     
00001065  SysTickPeriodSet          
2000046c  __STACK_END               
00000200  __STACK_SIZE              
2000046c  __STACK_TOP               
00001508  __TI_CINIT_Base           
00001518  __TI_CINIT_Limit          
000014f0  __TI_Handler_Table_Base   
000014fc  __TI_Handler_Table_Limit  
00000c09  __TI_auto_init            
200004d4  __TI_cleanup_ptr          
00001083  __TI_decompress_none      
000010cd  __TI_decompress_rle24     
200004d8  __TI_dtors_ptr            
00000000  __TI_static_base__        
0000109d  __TI_zero_init            
00000b8f  __aeabi_memclr            
00000b8f  __aeabi_memclr4           
00000b8f  __aeabi_memclr8           
00000af3  __aeabi_memcpy            
00000af3  __aeabi_memcpy4           
00000af3  __aeabi_memcpy8           
00000b91  __aeabi_memset            
00000b91  __aeabi_memset4           
00000b91  __aeabi_memset8           
ffffffff  __binit__                 
ffffffff  __c_args__                
2000026c  __stack                   
00001025  _args_main                
00000da1  _c_int00                  
200004cc  _lock                     
0000104b  _nop                      
00001043  _register_lock            
0000103d  _register_unlock          
000010d3  _system_pre_init          
200004d0  _unlock                   
00000e89  abort                     
ffffffff  binit                     
00000df1  copy_in                   
00000e91  exit                      
20000000  g_pfnRAMVectors           
00000000  g_pfnVectors              
200004c4  gui32_SysClock            
200004c0  gui32_timeout             
200004c8  gvar                      
00000421  inithardware              
00000311  initinterrupts            
00000541  ledSwitcher               
00000209  main                      
200004dc  main_func_sp              
000006a7  makeSteps                 
00000af3  memcpy                    
00000b97  memset                    
2000046c  motor1                    
000006c7  ms_delay                  
00000337  udef_GPIO_Pin_set_function


GLOBAL SYMBOLS: SORTED BY Symbol Address 

address   name                      
-------   ----                      
00000000  __TI_static_base__        
00000000  g_pfnVectors              
00000200  __STACK_SIZE              
00000209  main                      
000002ef  ISR_gpioUsrSW             
00000311  initinterrupts            
00000337  udef_GPIO_Pin_set_function
00000421  inithardware              
000004fb  GPIO_Pin_write            
00000541  ledSwitcher               
000006a7  makeSteps                 
000006c7  ms_delay                  
00000719  SysCtlClockFreqSet        
0000091d  GPIOPadConfigSet          
00000a4f  GPIOPadConfigGet          
00000af3  __aeabi_memcpy            
00000af3  __aeabi_memcpy4           
00000af3  __aeabi_memcpy8           
00000af3  memcpy                    
00000b8f  __aeabi_memclr            
00000b8f  __aeabi_memclr4           
00000b8f  __aeabi_memclr8           
00000b91  __aeabi_memset            
00000b91  __aeabi_memset4           
00000b91  __aeabi_memset8           
00000b97  memset                    
00000c09  __TI_auto_init            
00000ce1  IntEnable                 
00000d49  GPIOIntTypeSet            
00000da1  _c_int00                  
00000df1  copy_in                   
00000e85  C$$EXIT                   
00000e89  abort                     
00000e91  exit                      
00000f09  SysCtlPeripheralReady     
00000f41  IntRegister               
00000f75  SysCtlPeripheralEnable    
00000fa9  GPIODirModeSet            
00000ff5  GPIOIntRegister           
0000100d  GPIOPinTypeGPIOOutput     
00001025  _args_main                
0000103d  _register_unlock          
00001043  _register_lock            
0000104b  _nop                      
00001051  GPIOPinTypeGPIOInput      
00001065  SysTickPeriodSet          
00001075  GPIOIntStatus             
00001083  __TI_decompress_none      
00001091  GPIOIntEnable             
0000109d  __TI_zero_init            
000010a9  ResetISR                  
000010b5  GPIOIntClear              
000010bb  GPIOPinRead               
000010c1  GPIOPinWrite              
000010c7  SysCtlDelay               
000010cd  __TI_decompress_rle24     
000010d3  _system_pre_init          
000014f0  __TI_Handler_Table_Base   
000014fc  __TI_Handler_Table_Limit  
00001508  __TI_CINIT_Base           
00001518  __TI_CINIT_Limit          
20000000  g_pfnRAMVectors           
2000026c  __stack                   
2000046c  __STACK_END               
2000046c  __STACK_TOP               
2000046c  motor1                    
200004c0  gui32_timeout             
200004c4  gui32_SysClock            
200004c8  gvar                      
200004cc  _lock                     
200004d0  _unlock                   
200004d4  __TI_cleanup_ptr          
200004d8  __TI_dtors_ptr            
200004dc  main_func_sp              
ffffffff  __binit__                 
ffffffff  __c_args__                
ffffffff  binit                     
UNDEFED   SHT$$INIT_ARRAY$$Base     
UNDEFED   SHT$$INIT_ARRAY$$Limit    

[79 symbols]
