******************************************************************************
                  TI ARM Linker PC v5.2.2                      
******************************************************************************
>> Linked Sun Jun 05 13:44:49 2016

OUTPUT FILE NAME:   <TivaWirelessKinematics.out>
ENTRY POINT SYMBOL: "_c_int00"  address: 00000fed


MEMORY CONFIGURATION

         name            origin    length      used     unused   attr    fill
----------------------  --------  ---------  --------  --------  ----  --------
  FLASH                 00000000   00100000  00001876  000fe78a  R  X
  SRAM                  20000000   00040000  000006f8  0003f908  RW X


SEGMENT ALLOCATION MAP

run origin  load origin   length   init length attrs members
----------  ----------- ---------- ----------- ----- -------
00000000    00000000    00001878   00001878    r-x
  00000000    00000000    00000208   00000208    r-- .intvecs
  00000208    00000208    0000117a   0000117a    r-x .text
  00001384    00001384    000003b4   000003b4    r-- .const
  00001738    00001738    00000140   00000140    r-- .cinit
20000000    20000000    000006f8   00000000    rw-
  20000000    20000000    0000026c   00000000    rw- .vtable
  2000026c    2000026c    00000200   00000000    rw- .stack
  2000046c    2000046c    0000014c   00000000    rw- .data
  200005b8    200005b8    00000140   00000000    rw- .bss


SECTION ALLOCATION MAP

 output                                  attributes/
section   page    origin      length       input sections
--------  ----  ----------  ----------   ----------------
.intvecs   0    00000000    00000208     
                  00000000    00000208     tm4c1294ncpdt_startup_ccs.obj (.intvecs)

.text      0    00000208    0000117a     
                  00000208    00000364     motors.obj (.text)
                  0000056c    000002d4     main.obj (.text)
                  00000840    00000204     driverlib.lib : sysctl.obj (.text:SysCtlClockFreqSet)
                  00000a44    00000132                   : gpio.obj (.text:GPIOPadConfigSet)
                  00000b76    00000124     functions.obj (.text)
                  00000c9a    000000a4     driverlib.lib : gpio.obj (.text:GPIOPadConfigGet)
                  00000d3e    0000009c     rtsv7M4_T_le_v4SPD16_eabi.lib : memcpy_t2.obj (.text)
                  00000dda    0000007a                                   : memset_t2.obj (.text)
                  00000e54    0000006c                                   : autoinit.obj (.text)
                  00000ec0    0000006a                                   : copy_decompress_rle.obj (.text)
                  00000f2a    00000002     --HOLE-- [fill = 0]
                  00000f2c    00000068     driverlib.lib : interrupt.obj (.text:IntEnable)
                  00000f94    00000056                   : gpio.obj (.text:GPIOIntTypeSet)
                  00000fea    00000002     --HOLE-- [fill = 0]
                  00000fec    00000050     rtsv7M4_T_le_v4SPD16_eabi.lib : boot.obj (.text)
                  0000103c    0000004c                                   : cpy_tbl.obj (.text)
                  00001088    00000048     driverlib.lib : sysctl.obj (.text:_SysCtlFrequencyGet)
                  000010d0    00000044     rtsv7M4_T_le_v4SPD16_eabi.lib : exit.obj (.text)
                  00001114    00000040     driverlib.lib : gpio.obj (.text:_GPIOIntNumberGet)
                  00001154    00000038                   : sysctl.obj (.text:SysCtlPeripheralReady)
                  0000118c    00000034                   : interrupt.obj (.text:IntRegister)
                  000011c0    00000034                   : sysctl.obj (.text:SysCtlPeripheralEnable)
                  000011f4    0000002a                   : gpio.obj (.text:GPIODirModeSet)
                  0000121e    00000002     --HOLE-- [fill = 0]
                  00001220    00000020                   : sysctl.obj (.text:_SysCtlMemTimingGet)
                  00001240    0000001c                   : systick.obj (.text:SysTickIntRegister)
                  0000125c    00000018                   : gpio.obj (.text:GPIOIntRegister)
                  00001274    00000018                   : gpio.obj (.text:GPIOPinTypeGPIOOutput)
                  0000128c    00000018     rtsv7M4_T_le_v4SPD16_eabi.lib : args_main.obj (.text)
                  000012a4    00000014     driverlib.lib : systick.obj (.text:SysTickEnable)
                  000012b8    00000014                   : systick.obj (.text:SysTickIntEnable)
                  000012cc    00000014     rtsv7M4_T_le_v4SPD16_eabi.lib : _lock.obj (.text)
                  000012e0    00000012     driverlib.lib : gpio.obj (.text:GPIOPinTypeGPIOInput)
                  000012f2    00000010                   : interrupt.obj (.text:IntMasterEnable)
                  00001302    00000002     --HOLE-- [fill = 0]
                  00001304    00000010                   : systick.obj (.text:SysTickPeriodSet)
                  00001314    0000000e                   : gpio.obj (.text:GPIOIntStatus)
                  00001322    0000000e     rtsv7M4_T_le_v4SPD16_eabi.lib : copy_decompress_none.obj (.text:decompress:none)
                  00001330    0000000c     driverlib.lib : cpu.obj (.text:CPUcpsie)
                  0000133c    0000000c                   : gpio.obj (.text:GPIOIntEnable)
                  00001348    0000000c     rtsv7M4_T_le_v4SPD16_eabi.lib : copy_zero_init.obj (.text:decompress:ZI)
                  00001354    0000000c     tm4c1294ncpdt_startup_ccs.obj (.text)
                  00001360    00000006     driverlib.lib : gpio.obj (.text:GPIOIntClear)
                  00001366    00000006                   : gpio.obj (.text:GPIOPinRead)
                  0000136c    00000006                   : gpio.obj (.text:GPIOPinWrite)
                  00001372    00000006                   : sysctl.obj (.text:SysCtlDelay)
                  00001378    00000006     rtsv7M4_T_le_v4SPD16_eabi.lib : copy_decompress_rle.obj (.text:decompress:rle24)
                  0000137e    00000004                                   : pre_init.obj (.text)

.const     0    00001384    000003b4     
                  00001384    00000120     driverlib.lib : sysctl.obj (.const:g_pppui32XTALtoVCO)
                  000014a4    000000c0                   : gpio.obj (.const:g_ppui32GPIOIntMapBlizzard)
                  00001564    000000c0                   : gpio.obj (.const:g_ppui32GPIOIntMapSnowflake)
                  00001624    00000070                   : interrupt.obj (.const)
                  00001694    0000006c                   : sysctl.obj (.const:g_pui32Xtals)
                  00001700    00000030                   : sysctl.obj (.const:g_sXTALtoMEMTIM)
                  00001730    00000008                   : sysctl.obj (.const)

.cinit     0    00001738    00000140     
                  00001738    0000010c     (.cinit..data.load) [load image, compression = rle]
                  00001844    0000000c     (__TI_handler_table)
                  00001850    00000008     (.cinit..bss.load) [load image, compression = zero_init]
                  00001858    00000008     (.cinit..vtable.load) [load image, compression = zero_init]
                  00001860    00000018     (__TI_cinit_table)

.init_array 
*          0    00000000    00000000     UNINITIALIZED

.vtable    0    20000000    0000026c     UNINITIALIZED
                  20000000    0000026c     driverlib.lib : interrupt.obj (.vtable)

.stack     0    2000026c    00000200     UNINITIALIZED
                  2000026c    00000200     --HOLE--

.data      0    2000046c    0000014c     UNINITIALIZED
                  2000046c    0000005c     motors.obj (.data:motor1)
                  200004c8    0000005c     motors.obj (.data:motor2)
                  20000524    00000040     functions.obj (.data:leds)
                  20000564    00000020     functions.obj (.data)
                  20000584    00000014     motors.obj (.data)
                  20000598    00000009     main.obj (.data)
                  200005a1    00000003     --HOLE--
                  200005a4    00000008     rtsv7M4_T_le_v4SPD16_eabi.lib : _lock.obj (.data)
                  200005ac    00000008                                   : exit.obj (.data)
                  200005b4    00000004                                   : stkdepth_vars.obj (.data)

.bss       0    200005b8    00000140     UNINITIALIZED
                  200005b8    00000140     motors.obj (.bss:gui32_moveQ)

.TI.persistent 
*          0    2000046c    00000000     UNINITIALIZED

.TI.noinit 
*          0    200005b8    00000000     UNINITIALIZED


LINKER GENERATED COPY TABLES

__TI_cinit_table @ 00001860 records: 3, size/record: 8, table size: 24
	.data: load addr=00001738, load size=0000010c bytes, run addr=2000046c, run size=0000014c bytes, compression=rle
	.bss: load addr=00001850, load size=00000008 bytes, run addr=200005b8, run size=00000140 bytes, compression=zero_init
	.vtable: load addr=00001858, load size=00000008 bytes, run addr=20000000, run size=0000026c bytes, compression=zero_init


LINKER GENERATED HANDLER TABLE

__TI_handler_table @ 00001844 records: 3, size/record: 4, table size: 12
	index: 0, handler: __TI_zero_init
	index: 1, handler: __TI_decompress_rle24
	index: 2, handler: __TI_decompress_none


GLOBAL SYMBOLS: SORTED ALPHABETICALLY BY Name 

address   name                      
-------   ----                      
000010d1  C$$EXIT                   
00001331  CPUcpsie                  
000011f5  GPIODirModeSet            
00001361  GPIOIntClear              
0000133d  GPIOIntEnable             
0000125d  GPIOIntRegister           
00001315  GPIOIntStatus             
00000f95  GPIOIntTypeSet            
00000c9b  GPIOPadConfigGet          
00000a45  GPIOPadConfigSet          
00001367  GPIOPinRead               
000012e1  GPIOPinTypeGPIOInput      
00001275  GPIOPinTypeGPIOOutput     
0000136d  GPIOPinWrite              
00000c69  GPIO_Pin_write            
000006f5  ISR_SystickHandler        
0000068d  ISR_gpioUsrSW             
00000f2d  IntEnable                 
000012f3  IntMasterEnable           
0000118d  IntRegister               
00001355  ResetISR                  
UNDEFED   SHT$$INIT_ARRAY$$Base     
UNDEFED   SHT$$INIT_ARRAY$$Limit    
00000841  SysCtlClockFreqSet        
00001373  SysCtlDelay               
000011c1  SysCtlPeripheralEnable    
00001155  SysCtlPeripheralReady     
000012a5  SysTickEnable             
000012b9  SysTickIntEnable          
00001241  SysTickIntRegister        
00001305  SysTickPeriodSet          
2000046c  __STACK_END               
00000200  __STACK_SIZE              
2000046c  __STACK_TOP               
00001860  __TI_CINIT_Base           
00001878  __TI_CINIT_Limit          
00001844  __TI_Handler_Table_Base   
00001850  __TI_Handler_Table_Limit  
00000e55  __TI_auto_init            
200005ac  __TI_cleanup_ptr          
00001323  __TI_decompress_none      
00001379  __TI_decompress_rle24     
200005b0  __TI_dtors_ptr            
00000000  __TI_static_base__        
00001349  __TI_zero_init            
00000ddb  __aeabi_memclr            
00000ddb  __aeabi_memclr4           
00000ddb  __aeabi_memclr8           
00000d3f  __aeabi_memcpy            
00000d3f  __aeabi_memcpy4           
00000d3f  __aeabi_memcpy8           
00000ddd  __aeabi_memset            
00000ddd  __aeabi_memset4           
00000ddd  __aeabi_memset8           
ffffffff  __binit__                 
ffffffff  __c_args__                
2000026c  __stack                   
0000128d  _args_main                
00000fed  _c_int00                  
200005a4  _lock                     
000012db  _nop                      
000012d3  _register_lock            
000012cd  _register_unlock          
0000137f  _system_pre_init          
200005a8  _unlock                   
000010d5  abort                     
00000389  addMove                   
20000590  angleM1                   
20000594  angleM2                   
ffffffff  binit                     
20000564  buttons                   
00000295  calcAngles                
00000433  changeActualMove          
00000503  checkIfQisFull            
0000103d  copy_in                   
000010dd  exit                      
20000000  g_pfnRAMVectors           
00000000  g_pfnVectors              
20000598  gui32_SysClock            
20000588  gui32_actIdx2add          
20000584  gui32_actIdx2move         
200005b8  gui32_moveQ               
2000058c  gui32_numMovesInQ         
000005a9  inithardware              
00000629  initinterrupts            
20000524  leds                      
0000056d  main                      
200005b4  main_func_sp              
000002d7  makeStep                  
00000d3f  memcpy                    
00000de3  memset                    
2000046c  motor1                    
200004c8  motor2                    
00000c81  ms_delay                  
000004bf  setActualParameters       
0000027d  setDirection              
00000209  setMotorMode              
00000b77  udef_GPIO_Pin_set_function


GLOBAL SYMBOLS: SORTED BY Symbol Address 

address   name                      
-------   ----                      
00000000  __TI_static_base__        
00000000  g_pfnVectors              
00000200  __STACK_SIZE              
00000209  setMotorMode              
0000027d  setDirection              
00000295  calcAngles                
000002d7  makeStep                  
00000389  addMove                   
00000433  changeActualMove          
000004bf  setActualParameters       
00000503  checkIfQisFull            
0000056d  main                      
000005a9  inithardware              
00000629  initinterrupts            
0000068d  ISR_gpioUsrSW             
000006f5  ISR_SystickHandler        
00000841  SysCtlClockFreqSet        
00000a45  GPIOPadConfigSet          
00000b77  udef_GPIO_Pin_set_function
00000c69  GPIO_Pin_write            
00000c81  ms_delay                  
00000c9b  GPIOPadConfigGet          
00000d3f  __aeabi_memcpy            
00000d3f  __aeabi_memcpy4           
00000d3f  __aeabi_memcpy8           
00000d3f  memcpy                    
00000ddb  __aeabi_memclr            
00000ddb  __aeabi_memclr4           
00000ddb  __aeabi_memclr8           
00000ddd  __aeabi_memset            
00000ddd  __aeabi_memset4           
00000ddd  __aeabi_memset8           
00000de3  memset                    
00000e55  __TI_auto_init            
00000f2d  IntEnable                 
00000f95  GPIOIntTypeSet            
00000fed  _c_int00                  
0000103d  copy_in                   
000010d1  C$$EXIT                   
000010d5  abort                     
000010dd  exit                      
00001155  SysCtlPeripheralReady     
0000118d  IntRegister               
000011c1  SysCtlPeripheralEnable    
000011f5  GPIODirModeSet            
00001241  SysTickIntRegister        
0000125d  GPIOIntRegister           
00001275  GPIOPinTypeGPIOOutput     
0000128d  _args_main                
000012a5  SysTickEnable             
000012b9  SysTickIntEnable          
000012cd  _register_unlock          
000012d3  _register_lock            
000012db  _nop                      
000012e1  GPIOPinTypeGPIOInput      
000012f3  IntMasterEnable           
00001305  SysTickPeriodSet          
00001315  GPIOIntStatus             
00001323  __TI_decompress_none      
00001331  CPUcpsie                  
0000133d  GPIOIntEnable             
00001349  __TI_zero_init            
00001355  ResetISR                  
00001361  GPIOIntClear              
00001367  GPIOPinRead               
0000136d  GPIOPinWrite              
00001373  SysCtlDelay               
00001379  __TI_decompress_rle24     
0000137f  _system_pre_init          
00001844  __TI_Handler_Table_Base   
00001850  __TI_Handler_Table_Limit  
00001860  __TI_CINIT_Base           
00001878  __TI_CINIT_Limit          
20000000  g_pfnRAMVectors           
2000026c  __stack                   
2000046c  __STACK_END               
2000046c  __STACK_TOP               
2000046c  motor1                    
200004c8  motor2                    
20000524  leds                      
20000564  buttons                   
20000584  gui32_actIdx2move         
20000588  gui32_actIdx2add          
2000058c  gui32_numMovesInQ         
20000590  angleM1                   
20000594  angleM2                   
20000598  gui32_SysClock            
200005a4  _lock                     
200005a8  _unlock                   
200005ac  __TI_cleanup_ptr          
200005b0  __TI_dtors_ptr            
200005b4  main_func_sp              
200005b8  gui32_moveQ               
ffffffff  __binit__                 
ffffffff  __c_args__                
ffffffff  binit                     
UNDEFED   SHT$$INIT_ARRAY$$Base     
UNDEFED   SHT$$INIT_ARRAY$$Limit    

[98 symbols]
