******************************************************************************
                  TI ARM Linker PC v5.2.2                      
******************************************************************************
>> Linked Tue May 31 12:55:41 2016

OUTPUT FILE NAME:   <TivaWirelessKinematics.out>
ENTRY POINT SYMBOL: "_c_int00"  address: 000010a1


MEMORY CONFIGURATION

         name            origin    length      used     unused   attr    fill
----------------------  --------  ---------  --------  --------  ----  --------
  FLASH                 00000000   00100000  00001932  000fe6ce  R  X
  SRAM                  20000000   00040000  000006a8  0003f958  RW X


SEGMENT ALLOCATION MAP

run origin  load origin   length   init length attrs members
----------  ----------- ---------- ----------- ----- -------
00000000    00000000    00001938   00001938    r-x
  00000000    00000000    00000208   00000208    r-- .intvecs
  00000208    00000208    0000122e   0000122e    r-x .text
  00001438    00001438    000003b4   000003b4    r-- .const
  000017f0    000017f0    00000148   00000148    r-- .cinit
20000000    20000000    000006a8   00000000    rw-
  20000000    20000000    0000026c   00000000    rw- .vtable
  2000026c    2000026c    00000200   00000000    rw- .stack
  2000046c    2000046c    0000014c   00000000    rw- .data
  200005b8    200005b8    000000f0   00000000    rw- .bss


SECTION ALLOCATION MAP

 output                                  attributes/
section   page    origin      length       input sections
--------  ----  ----------  ----------   ----------------
.intvecs   0    00000000    00000208     
                  00000000    00000208     tm4c1294ncpdt_startup_ccs.obj (.intvecs)

.text      0    00000208    0000122e     
                  00000208    000003b8     motors.obj (.text)
                  000005c0    00000334     main.obj (.text)
                  000008f4    00000204     driverlib.lib : sysctl.obj (.text:SysCtlClockFreqSet)
                  00000af8    00000132                   : gpio.obj (.text:GPIOPadConfigSet)
                  00000c2a    00000124     functions.obj (.text)
                  00000d4e    000000a4     driverlib.lib : gpio.obj (.text:GPIOPadConfigGet)
                  00000df2    0000009c     rtsv7M4_T_le_v4SPD16_eabi.lib : memcpy_t2.obj (.text)
                  00000e8e    0000007a                                   : memset_t2.obj (.text)
                  00000f08    0000006c                                   : autoinit.obj (.text)
                  00000f74    0000006a                                   : copy_decompress_rle.obj (.text)
                  00000fde    00000002     --HOLE-- [fill = 0]
                  00000fe0    00000068     driverlib.lib : interrupt.obj (.text:IntEnable)
                  00001048    00000056                   : gpio.obj (.text:GPIOIntTypeSet)
                  0000109e    00000002     --HOLE-- [fill = 0]
                  000010a0    00000050     rtsv7M4_T_le_v4SPD16_eabi.lib : boot.obj (.text)
                  000010f0    0000004c                                   : cpy_tbl.obj (.text)
                  0000113c    00000048     driverlib.lib : sysctl.obj (.text:_SysCtlFrequencyGet)
                  00001184    00000044     rtsv7M4_T_le_v4SPD16_eabi.lib : exit.obj (.text)
                  000011c8    00000040     driverlib.lib : gpio.obj (.text:_GPIOIntNumberGet)
                  00001208    00000038                   : sysctl.obj (.text:SysCtlPeripheralReady)
                  00001240    00000034                   : interrupt.obj (.text:IntRegister)
                  00001274    00000034                   : sysctl.obj (.text:SysCtlPeripheralEnable)
                  000012a8    0000002a                   : gpio.obj (.text:GPIODirModeSet)
                  000012d2    00000002     --HOLE-- [fill = 0]
                  000012d4    00000020                   : sysctl.obj (.text:_SysCtlMemTimingGet)
                  000012f4    0000001c                   : systick.obj (.text:SysTickIntRegister)
                  00001310    00000018                   : gpio.obj (.text:GPIOIntRegister)
                  00001328    00000018                   : gpio.obj (.text:GPIOPinTypeGPIOOutput)
                  00001340    00000018     rtsv7M4_T_le_v4SPD16_eabi.lib : args_main.obj (.text)
                  00001358    00000014     driverlib.lib : systick.obj (.text:SysTickEnable)
                  0000136c    00000014                   : systick.obj (.text:SysTickIntEnable)
                  00001380    00000014     rtsv7M4_T_le_v4SPD16_eabi.lib : _lock.obj (.text)
                  00001394    00000012     driverlib.lib : gpio.obj (.text:GPIOPinTypeGPIOInput)
                  000013a6    00000010                   : interrupt.obj (.text:IntMasterEnable)
                  000013b6    00000002     --HOLE-- [fill = 0]
                  000013b8    00000010                   : systick.obj (.text:SysTickPeriodSet)
                  000013c8    0000000e                   : gpio.obj (.text:GPIOIntStatus)
                  000013d6    0000000e     rtsv7M4_T_le_v4SPD16_eabi.lib : copy_decompress_none.obj (.text:decompress:none)
                  000013e4    0000000c     driverlib.lib : cpu.obj (.text:CPUcpsie)
                  000013f0    0000000c                   : gpio.obj (.text:GPIOIntEnable)
                  000013fc    0000000c     rtsv7M4_T_le_v4SPD16_eabi.lib : copy_zero_init.obj (.text:decompress:ZI)
                  00001408    0000000c     tm4c1294ncpdt_startup_ccs.obj (.text)
                  00001414    00000006     driverlib.lib : gpio.obj (.text:GPIOIntClear)
                  0000141a    00000006                   : gpio.obj (.text:GPIOPinRead)
                  00001420    00000006                   : gpio.obj (.text:GPIOPinWrite)
                  00001426    00000006                   : sysctl.obj (.text:SysCtlDelay)
                  0000142c    00000006     rtsv7M4_T_le_v4SPD16_eabi.lib : copy_decompress_rle.obj (.text:decompress:rle24)
                  00001432    00000004                                   : pre_init.obj (.text)

.const     0    00001438    000003b4     
                  00001438    00000120     driverlib.lib : sysctl.obj (.const:g_pppui32XTALtoVCO)
                  00001558    000000c0                   : gpio.obj (.const:g_ppui32GPIOIntMapBlizzard)
                  00001618    000000c0                   : gpio.obj (.const:g_ppui32GPIOIntMapSnowflake)
                  000016d8    00000070                   : interrupt.obj (.const)
                  00001748    0000006c                   : sysctl.obj (.const:g_pui32Xtals)
                  000017b4    00000030                   : sysctl.obj (.const:g_sXTALtoMEMTIM)
                  000017e4    00000008                   : sysctl.obj (.const)

.cinit     0    000017f0    00000148     
                  000017f0    0000010d     (.cinit..data.load) [load image, compression = rle]
                  000018fd    00000003     --HOLE-- [fill = 0]
                  00001900    0000000c     (__TI_handler_table)
                  0000190c    00000004     --HOLE-- [fill = 0]
                  00001910    00000008     (.cinit..bss.load) [load image, compression = zero_init]
                  00001918    00000008     (.cinit..vtable.load) [load image, compression = zero_init]
                  00001920    00000018     (__TI_cinit_table)

.init_array 
*          0    00000000    00000000     UNINITIALIZED

.vtable    0    20000000    0000026c     UNINITIALIZED
                  20000000    0000026c     driverlib.lib : interrupt.obj (.vtable)

.stack     0    2000026c    00000200     UNINITIALIZED
                  2000026c    00000200     --HOLE--

.data      0    2000046c    0000014c     UNINITIALIZED
                  2000046c    0000005c     motors.obj (.data:motor1)
                  200004c8    0000005c     motors.obj (.data:motor2)
                  20000524    00000040     functions.obj (.data:leds)
                  20000564    00000020     functions.obj (.data)
                  20000584    00000014     motors.obj (.data)
                  20000598    00000009     main.obj (.data)
                  200005a1    00000003     --HOLE--
                  200005a4    00000008     rtsv7M4_T_le_v4SPD16_eabi.lib : _lock.obj (.data)
                  200005ac    00000008                                   : exit.obj (.data)
                  200005b4    00000004                                   : stkdepth_vars.obj (.data)

.bss       0    200005b8    000000f0     UNINITIALIZED
                  200005b8    000000f0     motors.obj (.bss:gui32_moveQ)

.TI.persistent 
*          0    2000046c    00000000     UNINITIALIZED

.TI.noinit 
*          0    200005b8    00000000     UNINITIALIZED


LINKER GENERATED COPY TABLES

__TI_cinit_table @ 00001920 records: 3, size/record: 8, table size: 24
	.data: load addr=000017f0, load size=0000010d bytes, run addr=2000046c, run size=0000014c bytes, compression=rle
	.bss: load addr=00001910, load size=00000008 bytes, run addr=200005b8, run size=000000f0 bytes, compression=zero_init
	.vtable: load addr=00001918, load size=00000008 bytes, run addr=20000000, run size=0000026c bytes, compression=zero_init


LINKER GENERATED HANDLER TABLE

__TI_handler_table @ 00001900 records: 3, size/record: 4, table size: 12
	index: 0, handler: __TI_zero_init
	index: 1, handler: __TI_decompress_rle24
	index: 2, handler: __TI_decompress_none


GLOBAL SYMBOLS: SORTED ALPHABETICALLY BY Name 

address   name                      
-------   ----                      
00001185  C$$EXIT                   
000013e5  CPUcpsie                  
000012a9  GPIODirModeSet            
00001415  GPIOIntClear              
000013f1  GPIOIntEnable             
00001311  GPIOIntRegister           
000013c9  GPIOIntStatus             
00001049  GPIOIntTypeSet            
00000d4f  GPIOPadConfigGet          
00000af9  GPIOPadConfigSet          
0000141b  GPIOPinRead               
00001395  GPIOPinTypeGPIOInput      
00001329  GPIOPinTypeGPIOOutput     
00001421  GPIOPinWrite              
00000d1d  GPIO_Pin_write            
00000769  ISR_SystickHandler        
0000070f  ISR_gpioUsrSW             
00000fe1  IntEnable                 
000013a7  IntMasterEnable           
00001241  IntRegister               
00001409  ResetISR                  
UNDEFED   SHT$$INIT_ARRAY$$Base     
UNDEFED   SHT$$INIT_ARRAY$$Limit    
000008f5  SysCtlClockFreqSet        
00001427  SysCtlDelay               
00001275  SysCtlPeripheralEnable    
00001209  SysCtlPeripheralReady     
00001359  SysTickEnable             
0000136d  SysTickIntEnable          
000012f5  SysTickIntRegister        
000013b9  SysTickPeriodSet          
2000046c  __STACK_END               
00000200  __STACK_SIZE              
2000046c  __STACK_TOP               
00001920  __TI_CINIT_Base           
00001938  __TI_CINIT_Limit          
00001900  __TI_Handler_Table_Base   
0000190c  __TI_Handler_Table_Limit  
00000f09  __TI_auto_init            
200005ac  __TI_cleanup_ptr          
000013d7  __TI_decompress_none      
0000142d  __TI_decompress_rle24     
200005b0  __TI_dtors_ptr            
00000000  __TI_static_base__        
000013fd  __TI_zero_init            
00000e8f  __aeabi_memclr            
00000e8f  __aeabi_memclr4           
00000e8f  __aeabi_memclr8           
00000df3  __aeabi_memcpy            
00000df3  __aeabi_memcpy4           
00000df3  __aeabi_memcpy8           
00000e91  __aeabi_memset            
00000e91  __aeabi_memset4           
00000e91  __aeabi_memset8           
ffffffff  __binit__                 
ffffffff  __c_args__                
2000026c  __stack                   
00001341  _args_main                
000010a1  _c_int00                  
200005a4  _lock                     
0000138f  _nop                      
00001387  _register_lock            
00001381  _register_unlock          
00001433  _system_pre_init          
200005a8  _unlock                   
00001189  abort                     
000003a1  addMove                   
20000590  angleM1                   
20000594  angleM2                   
ffffffff  binit                     
20000564  buttons                   
00000295  calcAngles                
00000491  changeActualMove          
000010f1  copy_in                   
00001191  exit                      
20000000  g_pfnRAMVectors           
00000000  g_pfnVectors              
20000598  gui32_SysClock            
20000588  gui32_actIdx2add          
20000584  gui32_actIdx2move         
200005b8  gui32_moveQ               
2000058c  gui32_numMovesInQ         
000005fd  inithardware              
000006ab  initinterrupts            
20000524  leds                      
000005c1  main                      
200005b4  main_func_sp              
000002d7  makeStep                  
00000df3  memcpy                    
00000e97  memset                    
2000046c  motor1                    
200004c8  motor2                    
00000d35  ms_delay                  
0000027d  setDirection              
00000209  setMotorMode              
00000c2b  udef_GPIO_Pin_set_function


GLOBAL SYMBOLS: SORTED BY Symbol Address 

address   name                      
-------   ----                      
00000000  __TI_static_base__        
00000000  g_pfnVectors              
00000200  __STACK_SIZE              
00000209  setMotorMode              
0000027d  setDirection              
00000295  calcAngles                
000002d7  makeStep                  
000003a1  addMove                   
00000491  changeActualMove          
000005c1  main                      
000005fd  inithardware              
000006ab  initinterrupts            
0000070f  ISR_gpioUsrSW             
00000769  ISR_SystickHandler        
000008f5  SysCtlClockFreqSet        
00000af9  GPIOPadConfigSet          
00000c2b  udef_GPIO_Pin_set_function
00000d1d  GPIO_Pin_write            
00000d35  ms_delay                  
00000d4f  GPIOPadConfigGet          
00000df3  __aeabi_memcpy            
00000df3  __aeabi_memcpy4           
00000df3  __aeabi_memcpy8           
00000df3  memcpy                    
00000e8f  __aeabi_memclr            
00000e8f  __aeabi_memclr4           
00000e8f  __aeabi_memclr8           
00000e91  __aeabi_memset            
00000e91  __aeabi_memset4           
00000e91  __aeabi_memset8           
00000e97  memset                    
00000f09  __TI_auto_init            
00000fe1  IntEnable                 
00001049  GPIOIntTypeSet            
000010a1  _c_int00                  
000010f1  copy_in                   
00001185  C$$EXIT                   
00001189  abort                     
00001191  exit                      
00001209  SysCtlPeripheralReady     
00001241  IntRegister               
00001275  SysCtlPeripheralEnable    
000012a9  GPIODirModeSet            
000012f5  SysTickIntRegister        
00001311  GPIOIntRegister           
00001329  GPIOPinTypeGPIOOutput     
00001341  _args_main                
00001359  SysTickEnable             
0000136d  SysTickIntEnable          
00001381  _register_unlock          
00001387  _register_lock            
0000138f  _nop                      
00001395  GPIOPinTypeGPIOInput      
000013a7  IntMasterEnable           
000013b9  SysTickPeriodSet          
000013c9  GPIOIntStatus             
000013d7  __TI_decompress_none      
000013e5  CPUcpsie                  
000013f1  GPIOIntEnable             
000013fd  __TI_zero_init            
00001409  ResetISR                  
00001415  GPIOIntClear              
0000141b  GPIOPinRead               
00001421  GPIOPinWrite              
00001427  SysCtlDelay               
0000142d  __TI_decompress_rle24     
00001433  _system_pre_init          
00001900  __TI_Handler_Table_Base   
0000190c  __TI_Handler_Table_Limit  
00001920  __TI_CINIT_Base           
00001938  __TI_CINIT_Limit          
20000000  g_pfnRAMVectors           
2000026c  __stack                   
2000046c  __STACK_END               
2000046c  __STACK_TOP               
2000046c  motor1                    
200004c8  motor2                    
20000524  leds                      
20000564  buttons                   
20000584  gui32_actIdx2move         
20000588  gui32_actIdx2add          
2000058c  gui32_numMovesInQ         
20000590  angleM1                   
20000594  angleM2                   
20000598  gui32_SysClock            
200005a4  _lock                     
200005a8  _unlock                   
200005ac  __TI_cleanup_ptr          
200005b0  __TI_dtors_ptr            
200005b4  main_func_sp              
200005b8  gui32_moveQ               
ffffffff  __binit__                 
ffffffff  __c_args__                
ffffffff  binit                     
UNDEFED   SHT$$INIT_ARRAY$$Base     
UNDEFED   SHT$$INIT_ARRAY$$Limit    

[96 symbols]
