******************************************************************************
                  TI ARM Linker PC v5.2.2                      
******************************************************************************
>> Linked Sun Jun 05 10:47:43 2016

OUTPUT FILE NAME:   <TivaWirelessKinematics.out>
ENTRY POINT SYMBOL: "_c_int00"  address: 00000fe1


MEMORY CONFIGURATION

         name            origin    length      used     unused   attr    fill
----------------------  --------  ---------  --------  --------  ----  --------
  FLASH                 00000000   00100000  00001872  000fe78e  R  X
  SRAM                  20000000   00040000  000006a8  0003f958  RW X


SEGMENT ALLOCATION MAP

run origin  load origin   length   init length attrs members
----------  ----------- ---------- ----------- ----- -------
00000000    00000000    00001878   00001878    r-x
  00000000    00000000    00000208   00000208    r-- .intvecs
  00000208    00000208    0000116e   0000116e    r-x .text
  00001378    00001378    000003b4   000003b4    r-- .const
  00001730    00001730    00000148   00000148    r-- .cinit
20000000    20000000    000006a8   00000000    rw-
  20000000    20000000    0000026c   00000000    rw- .vtable
  2000026c    2000026c    00000200   00000000    rw- .stack
  2000046c    2000046c    0000014c   00000000    rw- .data
  200005b8    200005b8    000000f0   00000000    rw- .bss


SECTION ALLOCATION MAP

 output                                  attributes/
section   page    origin      length       input sections
--------  ----  ----------  ----------   ----------------
.intvecs   0    00000000    00000208     
                  00000000    00000208     tm4c1294ncpdt_startup_ccs.obj (.intvecs)

.text      0    00000208    0000116e     
                  00000208    00000318     motors.obj (.text)
                  00000520    00000314     main.obj (.text)
                  00000834    00000204     driverlib.lib : sysctl.obj (.text:SysCtlClockFreqSet)
                  00000a38    00000132                   : gpio.obj (.text:GPIOPadConfigSet)
                  00000b6a    00000124     functions.obj (.text)
                  00000c8e    000000a4     driverlib.lib : gpio.obj (.text:GPIOPadConfigGet)
                  00000d32    0000009c     rtsv7M4_T_le_v4SPD16_eabi.lib : memcpy_t2.obj (.text)
                  00000dce    0000007a                                   : memset_t2.obj (.text)
                  00000e48    0000006c                                   : autoinit.obj (.text)
                  00000eb4    0000006a                                   : copy_decompress_rle.obj (.text)
                  00000f1e    00000002     --HOLE-- [fill = 0]
                  00000f20    00000068     driverlib.lib : interrupt.obj (.text:IntEnable)
                  00000f88    00000056                   : gpio.obj (.text:GPIOIntTypeSet)
                  00000fde    00000002     --HOLE-- [fill = 0]
                  00000fe0    00000050     rtsv7M4_T_le_v4SPD16_eabi.lib : boot.obj (.text)
                  00001030    0000004c                                   : cpy_tbl.obj (.text)
                  0000107c    00000048     driverlib.lib : sysctl.obj (.text:_SysCtlFrequencyGet)
                  000010c4    00000044     rtsv7M4_T_le_v4SPD16_eabi.lib : exit.obj (.text)
                  00001108    00000040     driverlib.lib : gpio.obj (.text:_GPIOIntNumberGet)
                  00001148    00000038                   : sysctl.obj (.text:SysCtlPeripheralReady)
                  00001180    00000034                   : interrupt.obj (.text:IntRegister)
                  000011b4    00000034                   : sysctl.obj (.text:SysCtlPeripheralEnable)
                  000011e8    0000002a                   : gpio.obj (.text:GPIODirModeSet)
                  00001212    00000002     --HOLE-- [fill = 0]
                  00001214    00000020                   : sysctl.obj (.text:_SysCtlMemTimingGet)
                  00001234    0000001c                   : systick.obj (.text:SysTickIntRegister)
                  00001250    00000018                   : gpio.obj (.text:GPIOIntRegister)
                  00001268    00000018                   : gpio.obj (.text:GPIOPinTypeGPIOOutput)
                  00001280    00000018     rtsv7M4_T_le_v4SPD16_eabi.lib : args_main.obj (.text)
                  00001298    00000014     driverlib.lib : systick.obj (.text:SysTickEnable)
                  000012ac    00000014                   : systick.obj (.text:SysTickIntEnable)
                  000012c0    00000014     rtsv7M4_T_le_v4SPD16_eabi.lib : _lock.obj (.text)
                  000012d4    00000012     driverlib.lib : gpio.obj (.text:GPIOPinTypeGPIOInput)
                  000012e6    00000010                   : interrupt.obj (.text:IntMasterEnable)
                  000012f6    00000002     --HOLE-- [fill = 0]
                  000012f8    00000010                   : systick.obj (.text:SysTickPeriodSet)
                  00001308    0000000e                   : gpio.obj (.text:GPIOIntStatus)
                  00001316    0000000e     rtsv7M4_T_le_v4SPD16_eabi.lib : copy_decompress_none.obj (.text:decompress:none)
                  00001324    0000000c     driverlib.lib : cpu.obj (.text:CPUcpsie)
                  00001330    0000000c                   : gpio.obj (.text:GPIOIntEnable)
                  0000133c    0000000c     rtsv7M4_T_le_v4SPD16_eabi.lib : copy_zero_init.obj (.text:decompress:ZI)
                  00001348    0000000c     tm4c1294ncpdt_startup_ccs.obj (.text)
                  00001354    00000006     driverlib.lib : gpio.obj (.text:GPIOIntClear)
                  0000135a    00000006                   : gpio.obj (.text:GPIOPinRead)
                  00001360    00000006                   : gpio.obj (.text:GPIOPinWrite)
                  00001366    00000006                   : sysctl.obj (.text:SysCtlDelay)
                  0000136c    00000006     rtsv7M4_T_le_v4SPD16_eabi.lib : copy_decompress_rle.obj (.text:decompress:rle24)
                  00001372    00000004                                   : pre_init.obj (.text)

.const     0    00001378    000003b4     
                  00001378    00000120     driverlib.lib : sysctl.obj (.const:g_pppui32XTALtoVCO)
                  00001498    000000c0                   : gpio.obj (.const:g_ppui32GPIOIntMapBlizzard)
                  00001558    000000c0                   : gpio.obj (.const:g_ppui32GPIOIntMapSnowflake)
                  00001618    00000070                   : interrupt.obj (.const)
                  00001688    0000006c                   : sysctl.obj (.const:g_pui32Xtals)
                  000016f4    00000030                   : sysctl.obj (.const:g_sXTALtoMEMTIM)
                  00001724    00000008                   : sysctl.obj (.const)

.cinit     0    00001730    00000148     
                  00001730    0000010d     (.cinit..data.load) [load image, compression = rle]
                  0000183d    00000003     --HOLE-- [fill = 0]
                  00001840    0000000c     (__TI_handler_table)
                  0000184c    00000004     --HOLE-- [fill = 0]
                  00001850    00000008     (.cinit..bss.load) [load image, compression = zero_init]
                  00001858    00000008     (.cinit..vtable.load) [load image, compression = zero_init]
                  00001860    00000018     (__TI_cinit_table)

.init_array 
*          0    00000000    00000000     UNINITIALIZED

.vtable    0    20000000    0000026c     UNINITIALIZED
                  20000000    0000026c     driverlib.lib : interrupt.obj (.vtable)

.stack     0    2000026c    00000200     UNINITIALIZED
                  2000026c    00000200     --HOLE--

.data      0    2000046c    0000014c     UNINITIALIZED
                  2000046c    0000005c     motors.obj (.data:motor1)
                  200004c8    0000005c     motors.obj (.data:motor2)
                  20000524    00000040     functions.obj (.data:leds)
                  20000564    00000020     functions.obj (.data)
                  20000584    00000014     motors.obj (.data)
                  20000598    00000009     main.obj (.data)
                  200005a1    00000003     --HOLE--
                  200005a4    00000008     rtsv7M4_T_le_v4SPD16_eabi.lib : _lock.obj (.data)
                  200005ac    00000008                                   : exit.obj (.data)
                  200005b4    00000004                                   : stkdepth_vars.obj (.data)

.bss       0    200005b8    000000f0     UNINITIALIZED
                  200005b8    000000f0     motors.obj (.bss:gui32_moveQ)

.TI.persistent 
*          0    2000046c    00000000     UNINITIALIZED

.TI.noinit 
*          0    200005b8    00000000     UNINITIALIZED


LINKER GENERATED COPY TABLES

__TI_cinit_table @ 00001860 records: 3, size/record: 8, table size: 24
	.data: load addr=00001730, load size=0000010d bytes, run addr=2000046c, run size=0000014c bytes, compression=rle
	.bss: load addr=00001850, load size=00000008 bytes, run addr=200005b8, run size=000000f0 bytes, compression=zero_init
	.vtable: load addr=00001858, load size=00000008 bytes, run addr=20000000, run size=0000026c bytes, compression=zero_init


LINKER GENERATED HANDLER TABLE

__TI_handler_table @ 00001840 records: 3, size/record: 4, table size: 12
	index: 0, handler: __TI_zero_init
	index: 1, handler: __TI_decompress_rle24
	index: 2, handler: __TI_decompress_none


GLOBAL SYMBOLS: SORTED ALPHABETICALLY BY Name 

address   name                      
-------   ----                      
000010c5  C$$EXIT                   
00001325  CPUcpsie                  
000011e9  GPIODirModeSet            
00001355  GPIOIntClear              
00001331  GPIOIntEnable             
00001251  GPIOIntRegister           
00001309  GPIOIntStatus             
00000f89  GPIOIntTypeSet            
00000c8f  GPIOPadConfigGet          
00000a39  GPIOPadConfigSet          
0000135b  GPIOPinRead               
000012d5  GPIOPinTypeGPIOInput      
00001269  GPIOPinTypeGPIOOutput     
00001361  GPIOPinWrite              
00000c5d  GPIO_Pin_write            
000006d7  ISR_SystickHandler        
0000066f  ISR_gpioUsrSW             
00000f21  IntEnable                 
000012e7  IntMasterEnable           
00001181  IntRegister               
00001349  ResetISR                  
UNDEFED   SHT$$INIT_ARRAY$$Base     
UNDEFED   SHT$$INIT_ARRAY$$Limit    
00000835  SysCtlClockFreqSet        
00001367  SysCtlDelay               
000011b5  SysCtlPeripheralEnable    
00001149  SysCtlPeripheralReady     
00001299  SysTickEnable             
000012ad  SysTickIntEnable          
00001235  SysTickIntRegister        
000012f9  SysTickPeriodSet          
2000046c  __STACK_END               
00000200  __STACK_SIZE              
2000046c  __STACK_TOP               
00001860  __TI_CINIT_Base           
00001878  __TI_CINIT_Limit          
00001840  __TI_Handler_Table_Base   
0000184c  __TI_Handler_Table_Limit  
00000e49  __TI_auto_init            
200005ac  __TI_cleanup_ptr          
00001317  __TI_decompress_none      
0000136d  __TI_decompress_rle24     
200005b0  __TI_dtors_ptr            
00000000  __TI_static_base__        
0000133d  __TI_zero_init            
00000dcf  __aeabi_memclr            
00000dcf  __aeabi_memclr4           
00000dcf  __aeabi_memclr8           
00000d33  __aeabi_memcpy            
00000d33  __aeabi_memcpy4           
00000d33  __aeabi_memcpy8           
00000dd1  __aeabi_memset            
00000dd1  __aeabi_memset4           
00000dd1  __aeabi_memset8           
ffffffff  __binit__                 
ffffffff  __c_args__                
2000026c  __stack                   
00001281  _args_main                
00000fe1  _c_int00                  
200005a4  _lock                     
000012cf  _nop                      
000012c7  _register_lock            
000012c1  _register_unlock          
00001373  _system_pre_init          
200005a8  _unlock                   
000010c9  abort                     
00000399  addMove                   
20000590  angleM1                   
20000594  angleM2                   
ffffffff  binit                     
20000564  buttons                   
00000295  calcAngles                
0000043f  changeActualMove          
000004bf  checkIfQisFull            
00001031  copy_in                   
000010d1  exit                      
20000000  g_pfnRAMVectors           
00000000  g_pfnVectors              
20000598  gui32_SysClock            
20000588  gui32_actIdx2add          
20000584  gui32_actIdx2move         
200005b8  gui32_moveQ               
2000058c  gui32_numMovesInQ         
0000055d  inithardware              
0000060b  initinterrupts            
20000524  leds                      
00000521  main                      
200005b4  main_func_sp              
000002d7  makeStep                  
00000d33  memcpy                    
00000dd7  memset                    
2000046c  motor1                    
200004c8  motor2                    
00000c75  ms_delay                  
0000046b  setActualParameters       
0000027d  setDirection              
00000209  setMotorMode              
00000b6b  udef_GPIO_Pin_set_function


GLOBAL SYMBOLS: SORTED BY Symbol Address 

address   name                      
-------   ----                      
00000000  __TI_static_base__        
00000000  g_pfnVectors              
00000200  __STACK_SIZE              
00000209  setMotorMode              
0000027d  setDirection              
00000295  calcAngles                
000002d7  makeStep                  
00000399  addMove                   
0000043f  changeActualMove          
0000046b  setActualParameters       
000004bf  checkIfQisFull            
00000521  main                      
0000055d  inithardware              
0000060b  initinterrupts            
0000066f  ISR_gpioUsrSW             
000006d7  ISR_SystickHandler        
00000835  SysCtlClockFreqSet        
00000a39  GPIOPadConfigSet          
00000b6b  udef_GPIO_Pin_set_function
00000c5d  GPIO_Pin_write            
00000c75  ms_delay                  
00000c8f  GPIOPadConfigGet          
00000d33  __aeabi_memcpy            
00000d33  __aeabi_memcpy4           
00000d33  __aeabi_memcpy8           
00000d33  memcpy                    
00000dcf  __aeabi_memclr            
00000dcf  __aeabi_memclr4           
00000dcf  __aeabi_memclr8           
00000dd1  __aeabi_memset            
00000dd1  __aeabi_memset4           
00000dd1  __aeabi_memset8           
00000dd7  memset                    
00000e49  __TI_auto_init            
00000f21  IntEnable                 
00000f89  GPIOIntTypeSet            
00000fe1  _c_int00                  
00001031  copy_in                   
000010c5  C$$EXIT                   
000010c9  abort                     
000010d1  exit                      
00001149  SysCtlPeripheralReady     
00001181  IntRegister               
000011b5  SysCtlPeripheralEnable    
000011e9  GPIODirModeSet            
00001235  SysTickIntRegister        
00001251  GPIOIntRegister           
00001269  GPIOPinTypeGPIOOutput     
00001281  _args_main                
00001299  SysTickEnable             
000012ad  SysTickIntEnable          
000012c1  _register_unlock          
000012c7  _register_lock            
000012cf  _nop                      
000012d5  GPIOPinTypeGPIOInput      
000012e7  IntMasterEnable           
000012f9  SysTickPeriodSet          
00001309  GPIOIntStatus             
00001317  __TI_decompress_none      
00001325  CPUcpsie                  
00001331  GPIOIntEnable             
0000133d  __TI_zero_init            
00001349  ResetISR                  
00001355  GPIOIntClear              
0000135b  GPIOPinRead               
00001361  GPIOPinWrite              
00001367  SysCtlDelay               
0000136d  __TI_decompress_rle24     
00001373  _system_pre_init          
00001840  __TI_Handler_Table_Base   
0000184c  __TI_Handler_Table_Limit  
00001860  __TI_CINIT_Base           
00001878  __TI_CINIT_Limit          
20000000  g_pfnRAMVectors           
2000026c  __stack                   
2000046c  __STACK_END               
2000046c  __STACK_TOP               
2000046c  motor1                    
200004c8  motor2                    
20000524  leds                      
20000564  buttons                   
20000584  gui32_actIdx2move         
20000588  gui32_actIdx2add          
2000058c  gui32_numMovesInQ         
20000590  angleM1                   
20000594  angleM2                   
20000598  gui32_SysClock            
200005a4  _lock                     
200005a8  _unlock                   
200005ac  __TI_cleanup_ptr          
200005b0  __TI_dtors_ptr            
200005b4  main_func_sp              
200005b8  gui32_moveQ               
ffffffff  __binit__                 
ffffffff  __c_args__                
ffffffff  binit                     
UNDEFED   SHT$$INIT_ARRAY$$Base     
UNDEFED   SHT$$INIT_ARRAY$$Limit    

[98 symbols]
