******************************************************************************
                  TI ARM Linker PC v5.2.2                      
******************************************************************************
>> Linked Tue May 31 12:14:07 2016

OUTPUT FILE NAME:   <TivaWirelessKinematics.out>
ENTRY POINT SYMBOL: "_c_int00"  address: 00000fc1


MEMORY CONFIGURATION

         name            origin    length      used     unused   attr    fill
----------------------  --------  ---------  --------  --------  ----  --------
  FLASH                 00000000   00100000  00001852  000fe7ae  R  X
  SRAM                  20000000   00040000  000006a4  0003f95c  RW X


SEGMENT ALLOCATION MAP

run origin  load origin   length   init length attrs members
----------  ----------- ---------- ----------- ----- -------
00000000    00000000    00001858   00001858    r-x
  00000000    00000000    00000208   00000208    r-- .intvecs
  00000208    00000208    0000114e   0000114e    r-x .text
  00001358    00001358    000003b4   000003b4    r-- .const
  00001710    00001710    00000148   00000148    r-- .cinit
20000000    20000000    000006a4   00000000    rw-
  20000000    20000000    0000026c   00000000    rw- .vtable
  2000026c    2000026c    00000200   00000000    rw- .stack
  2000046c    2000046c    00000148   00000000    rw- .data
  200005b4    200005b4    000000f0   00000000    rw- .bss


SECTION ALLOCATION MAP

 output                                  attributes/
section   page    origin      length       input sections
--------  ----  ----------  ----------   ----------------
.intvecs   0    00000000    00000208     
                  00000000    00000208     tm4c1294ncpdt_startup_ccs.obj (.intvecs)

.text      0    00000208    0000114e     
                  00000208    00000380     main.obj (.text)
                  00000588    0000028c     motors.obj (.text)
                  00000814    00000204     driverlib.lib : sysctl.obj (.text:SysCtlClockFreqSet)
                  00000a18    00000132                   : gpio.obj (.text:GPIOPadConfigSet)
                  00000b4a    00000124     functions.obj (.text)
                  00000c6e    000000a4     driverlib.lib : gpio.obj (.text:GPIOPadConfigGet)
                  00000d12    0000009c     rtsv7M4_T_le_v4SPD16_eabi.lib : memcpy_t2.obj (.text)
                  00000dae    0000007a                                   : memset_t2.obj (.text)
                  00000e28    0000006c                                   : autoinit.obj (.text)
                  00000e94    0000006a                                   : copy_decompress_rle.obj (.text)
                  00000efe    00000002     --HOLE-- [fill = 0]
                  00000f00    00000068     driverlib.lib : interrupt.obj (.text:IntEnable)
                  00000f68    00000056                   : gpio.obj (.text:GPIOIntTypeSet)
                  00000fbe    00000002     --HOLE-- [fill = 0]
                  00000fc0    00000050     rtsv7M4_T_le_v4SPD16_eabi.lib : boot.obj (.text)
                  00001010    0000004c                                   : cpy_tbl.obj (.text)
                  0000105c    00000048     driverlib.lib : sysctl.obj (.text:_SysCtlFrequencyGet)
                  000010a4    00000044     rtsv7M4_T_le_v4SPD16_eabi.lib : exit.obj (.text)
                  000010e8    00000040     driverlib.lib : gpio.obj (.text:_GPIOIntNumberGet)
                  00001128    00000038                   : sysctl.obj (.text:SysCtlPeripheralReady)
                  00001160    00000034                   : interrupt.obj (.text:IntRegister)
                  00001194    00000034                   : sysctl.obj (.text:SysCtlPeripheralEnable)
                  000011c8    0000002a                   : gpio.obj (.text:GPIODirModeSet)
                  000011f2    00000002     --HOLE-- [fill = 0]
                  000011f4    00000020                   : sysctl.obj (.text:_SysCtlMemTimingGet)
                  00001214    0000001c                   : systick.obj (.text:SysTickIntRegister)
                  00001230    00000018                   : gpio.obj (.text:GPIOIntRegister)
                  00001248    00000018                   : gpio.obj (.text:GPIOPinTypeGPIOOutput)
                  00001260    00000018     rtsv7M4_T_le_v4SPD16_eabi.lib : args_main.obj (.text)
                  00001278    00000014     driverlib.lib : systick.obj (.text:SysTickEnable)
                  0000128c    00000014                   : systick.obj (.text:SysTickIntEnable)
                  000012a0    00000014     rtsv7M4_T_le_v4SPD16_eabi.lib : _lock.obj (.text)
                  000012b4    00000012     driverlib.lib : gpio.obj (.text:GPIOPinTypeGPIOInput)
                  000012c6    00000010                   : interrupt.obj (.text:IntMasterEnable)
                  000012d6    00000002     --HOLE-- [fill = 0]
                  000012d8    00000010                   : systick.obj (.text:SysTickPeriodSet)
                  000012e8    0000000e                   : gpio.obj (.text:GPIOIntStatus)
                  000012f6    0000000e     rtsv7M4_T_le_v4SPD16_eabi.lib : copy_decompress_none.obj (.text:decompress:none)
                  00001304    0000000c     driverlib.lib : cpu.obj (.text:CPUcpsie)
                  00001310    0000000c                   : gpio.obj (.text:GPIOIntEnable)
                  0000131c    0000000c     rtsv7M4_T_le_v4SPD16_eabi.lib : copy_zero_init.obj (.text:decompress:ZI)
                  00001328    0000000c     tm4c1294ncpdt_startup_ccs.obj (.text)
                  00001334    00000006     driverlib.lib : gpio.obj (.text:GPIOIntClear)
                  0000133a    00000006                   : gpio.obj (.text:GPIOPinRead)
                  00001340    00000006                   : gpio.obj (.text:GPIOPinWrite)
                  00001346    00000006                   : sysctl.obj (.text:SysCtlDelay)
                  0000134c    00000006     rtsv7M4_T_le_v4SPD16_eabi.lib : copy_decompress_rle.obj (.text:decompress:rle24)
                  00001352    00000004                                   : pre_init.obj (.text)

.const     0    00001358    000003b4     
                  00001358    00000120     driverlib.lib : sysctl.obj (.const:g_pppui32XTALtoVCO)
                  00001478    000000c0                   : gpio.obj (.const:g_ppui32GPIOIntMapBlizzard)
                  00001538    000000c0                   : gpio.obj (.const:g_ppui32GPIOIntMapSnowflake)
                  000015f8    00000070                   : interrupt.obj (.const)
                  00001668    0000006c                   : sysctl.obj (.const:g_pui32Xtals)
                  000016d4    00000030                   : sysctl.obj (.const:g_sXTALtoMEMTIM)
                  00001704    00000008                   : sysctl.obj (.const)

.cinit     0    00001710    00000148     
                  00001710    0000010d     (.cinit..data.load) [load image, compression = rle]
                  0000181d    00000003     --HOLE-- [fill = 0]
                  00001820    0000000c     (__TI_handler_table)
                  0000182c    00000004     --HOLE-- [fill = 0]
                  00001830    00000008     (.cinit..bss.load) [load image, compression = zero_init]
                  00001838    00000008     (.cinit..vtable.load) [load image, compression = zero_init]
                  00001840    00000018     (__TI_cinit_table)

.init_array 
*          0    00000000    00000000     UNINITIALIZED

.vtable    0    20000000    0000026c     UNINITIALIZED
                  20000000    0000026c     driverlib.lib : interrupt.obj (.vtable)

.stack     0    2000026c    00000200     UNINITIALIZED
                  2000026c    00000200     --HOLE--

.data      0    2000046c    00000148     UNINITIALIZED
                  2000046c    0000005c     motors.obj (.data:motor1)
                  200004c8    0000005c     motors.obj (.data:motor2)
                  20000524    00000040     functions.obj (.data:leds)
                  20000564    00000020     functions.obj (.data)
                  20000584    00000010     motors.obj (.data)
                  20000594    00000009     main.obj (.data)
                  2000059d    00000003     --HOLE--
                  200005a0    00000008     rtsv7M4_T_le_v4SPD16_eabi.lib : _lock.obj (.data)
                  200005a8    00000008                                   : exit.obj (.data)
                  200005b0    00000004                                   : stkdepth_vars.obj (.data)

.bss       0    200005b4    000000f0     UNINITIALIZED
                  200005b4    000000f0     motors.obj (.bss:gui32_moveQ)

.TI.persistent 
*          0    2000046c    00000000     UNINITIALIZED

.TI.noinit 
*          0    200005b4    00000000     UNINITIALIZED


LINKER GENERATED COPY TABLES

__TI_cinit_table @ 00001840 records: 3, size/record: 8, table size: 24
	.data: load addr=00001710, load size=0000010d bytes, run addr=2000046c, run size=00000148 bytes, compression=rle
	.bss: load addr=00001830, load size=00000008 bytes, run addr=200005b4, run size=000000f0 bytes, compression=zero_init
	.vtable: load addr=00001838, load size=00000008 bytes, run addr=20000000, run size=0000026c bytes, compression=zero_init


LINKER GENERATED HANDLER TABLE

__TI_handler_table @ 00001820 records: 3, size/record: 4, table size: 12
	index: 0, handler: __TI_zero_init
	index: 1, handler: __TI_decompress_rle24
	index: 2, handler: __TI_decompress_none


GLOBAL SYMBOLS: SORTED ALPHABETICALLY BY Name 

address   name                      
-------   ----                      
000010a5  C$$EXIT                   
00001305  CPUcpsie                  
000011c9  GPIODirModeSet            
00001335  GPIOIntClear              
00001311  GPIOIntEnable             
00001231  GPIOIntRegister           
000012e9  GPIOIntStatus             
00000f69  GPIOIntTypeSet            
00000c6f  GPIOPadConfigGet          
00000a19  GPIOPadConfigSet          
0000133b  GPIOPinRead               
000012b5  GPIOPinTypeGPIOInput      
00001249  GPIOPinTypeGPIOOutput     
00001341  GPIOPinWrite              
00000c3d  GPIO_Pin_write            
000003b1  ISR_SystickHandler        
00000357  ISR_gpioUsrSW             
00000f01  IntEnable                 
000012c7  IntMasterEnable           
00001161  IntRegister               
00001329  ResetISR                  
UNDEFED   SHT$$INIT_ARRAY$$Base     
UNDEFED   SHT$$INIT_ARRAY$$Limit    
00000815  SysCtlClockFreqSet        
00001347  SysCtlDelay               
00001195  SysCtlPeripheralEnable    
00001129  SysCtlPeripheralReady     
00001279  SysTickEnable             
0000128d  SysTickIntEnable          
00001215  SysTickIntRegister        
000012d9  SysTickPeriodSet          
2000046c  __STACK_END               
00000200  __STACK_SIZE              
2000046c  __STACK_TOP               
00001840  __TI_CINIT_Base           
00001858  __TI_CINIT_Limit          
00001820  __TI_Handler_Table_Base   
0000182c  __TI_Handler_Table_Limit  
00000e29  __TI_auto_init            
200005a8  __TI_cleanup_ptr          
000012f7  __TI_decompress_none      
0000134d  __TI_decompress_rle24     
200005ac  __TI_dtors_ptr            
00000000  __TI_static_base__        
0000131d  __TI_zero_init            
00000daf  __aeabi_memclr            
00000daf  __aeabi_memclr4           
00000daf  __aeabi_memclr8           
00000d13  __aeabi_memcpy            
00000d13  __aeabi_memcpy4           
00000d13  __aeabi_memcpy8           
00000db1  __aeabi_memset            
00000db1  __aeabi_memset4           
00000db1  __aeabi_memset8           
ffffffff  __binit__                 
ffffffff  __c_args__                
2000026c  __stack                   
00001261  _args_main                
00000fc1  _c_int00                  
200005a0  _lock                     
000012af  _nop                      
000012a7  _register_lock            
000012a1  _register_unlock          
00001353  _system_pre_init          
200005a4  _unlock                   
000010a9  abort                     
000006f5  addMove                   
2000058c  angleM1                   
20000590  angleM2                   
ffffffff  binit                     
20000564  buttons                   
00000615  calcAngles                
00001011  copy_in                   
000010b1  exit                      
20000000  g_pfnRAMVectors           
00000000  g_pfnVectors              
20000594  gui32_SysClock            
20000588  gui32_actIdx2add          
20000584  gui32_actIdx2move         
200005b4  gui32_moveQ               
00000245  inithardware              
000002f3  initinterrupts            
20000524  leds                      
00000209  main                      
200005b0  main_func_sp              
00000657  makeStep                  
00000d13  memcpy                    
00000db7  memset                    
2000046c  motor1                    
200004c8  motor2                    
00000c55  ms_delay                  
000005fd  setDirection              
00000589  setMotorMode              
00000b4b  udef_GPIO_Pin_set_function


GLOBAL SYMBOLS: SORTED BY Symbol Address 

address   name                      
-------   ----                      
00000000  __TI_static_base__        
00000000  g_pfnVectors              
00000200  __STACK_SIZE              
00000209  main                      
00000245  inithardware              
000002f3  initinterrupts            
00000357  ISR_gpioUsrSW             
000003b1  ISR_SystickHandler        
00000589  setMotorMode              
000005fd  setDirection              
00000615  calcAngles                
00000657  makeStep                  
000006f5  addMove                   
00000815  SysCtlClockFreqSet        
00000a19  GPIOPadConfigSet          
00000b4b  udef_GPIO_Pin_set_function
00000c3d  GPIO_Pin_write            
00000c55  ms_delay                  
00000c6f  GPIOPadConfigGet          
00000d13  __aeabi_memcpy            
00000d13  __aeabi_memcpy4           
00000d13  __aeabi_memcpy8           
00000d13  memcpy                    
00000daf  __aeabi_memclr            
00000daf  __aeabi_memclr4           
00000daf  __aeabi_memclr8           
00000db1  __aeabi_memset            
00000db1  __aeabi_memset4           
00000db1  __aeabi_memset8           
00000db7  memset                    
00000e29  __TI_auto_init            
00000f01  IntEnable                 
00000f69  GPIOIntTypeSet            
00000fc1  _c_int00                  
00001011  copy_in                   
000010a5  C$$EXIT                   
000010a9  abort                     
000010b1  exit                      
00001129  SysCtlPeripheralReady     
00001161  IntRegister               
00001195  SysCtlPeripheralEnable    
000011c9  GPIODirModeSet            
00001215  SysTickIntRegister        
00001231  GPIOIntRegister           
00001249  GPIOPinTypeGPIOOutput     
00001261  _args_main                
00001279  SysTickEnable             
0000128d  SysTickIntEnable          
000012a1  _register_unlock          
000012a7  _register_lock            
000012af  _nop                      
000012b5  GPIOPinTypeGPIOInput      
000012c7  IntMasterEnable           
000012d9  SysTickPeriodSet          
000012e9  GPIOIntStatus             
000012f7  __TI_decompress_none      
00001305  CPUcpsie                  
00001311  GPIOIntEnable             
0000131d  __TI_zero_init            
00001329  ResetISR                  
00001335  GPIOIntClear              
0000133b  GPIOPinRead               
00001341  GPIOPinWrite              
00001347  SysCtlDelay               
0000134d  __TI_decompress_rle24     
00001353  _system_pre_init          
00001820  __TI_Handler_Table_Base   
0000182c  __TI_Handler_Table_Limit  
00001840  __TI_CINIT_Base           
00001858  __TI_CINIT_Limit          
20000000  g_pfnRAMVectors           
2000026c  __stack                   
2000046c  __STACK_END               
2000046c  __STACK_TOP               
2000046c  motor1                    
200004c8  motor2                    
20000524  leds                      
20000564  buttons                   
20000584  gui32_actIdx2move         
20000588  gui32_actIdx2add          
2000058c  angleM1                   
20000590  angleM2                   
20000594  gui32_SysClock            
200005a0  _lock                     
200005a4  _unlock                   
200005a8  __TI_cleanup_ptr          
200005ac  __TI_dtors_ptr            
200005b0  main_func_sp              
200005b4  gui32_moveQ               
ffffffff  __binit__                 
ffffffff  __c_args__                
ffffffff  binit                     
UNDEFED   SHT$$INIT_ARRAY$$Base     
UNDEFED   SHT$$INIT_ARRAY$$Limit    

[94 symbols]
