******************************************************************************
                  TI ARM Linker PC v5.2.2                      
******************************************************************************
>> Linked Tue May 31 00:20:04 2016

OUTPUT FILE NAME:   <TivaWirelessKinematics.out>
ENTRY POINT SYMBOL: "_c_int00"  address: 00001105


MEMORY CONFIGURATION

         name            origin    length      used     unused   attr    fill
----------------------  --------  ---------  --------  --------  ----  --------
  FLASH                 00000000   00100000  00001a0e  000fe5f2  R  X
  SRAM                  20000000   00040000  000006a8  0003f958  RW X


SEGMENT ALLOCATION MAP

run origin  load origin   length   init length attrs members
----------  ----------- ---------- ----------- ----- -------
00000000    00000000    00001a10   00001a10    r-x
  00000000    00000000    00000208   00000208    r-- .intvecs
  00000208    00000208    0000130a   0000130a    r-x .text
  00001514    00001514    000003b4   000003b4    r-- .const
  000018c8    000018c8    00000148   00000148    r-- .cinit
20000000    20000000    000006a8   00000000    rw-
  20000000    20000000    0000026c   00000000    rw- .vtable
  2000026c    2000026c    00000200   00000000    rw- .stack
  2000046c    2000046c    0000014c   00000000    rw- .data
  200005b8    200005b8    000000f0   00000000    rw- .bss


SECTION ALLOCATION MAP

 output                                  attributes/
section   page    origin      length       input sections
--------  ----  ----------  ----------   ----------------
.intvecs   0    00000000    00000208     
                  00000000    00000208     tm4c1294ncpdt_startup_ccs.obj (.intvecs)

.text      0    00000208    0000130a     
                  00000208    0000073c     main.obj (.text)
                  00000944    00000204     driverlib.lib : sysctl.obj (.text:SysCtlClockFreqSet)
                  00000b48    00000136     rtsv7M4_T_le_v4SPD16_eabi.lib : fd_div_t2.obj (.text)
                  00000c7e    00000132     driverlib.lib : gpio.obj (.text:GPIOPadConfigSet)
                  00000db0    000000a4                   : gpio.obj (.text:GPIOPadConfigGet)
                  00000e54    0000009c     rtsv7M4_T_le_v4SPD16_eabi.lib : memcpy_t2.obj (.text)
                  00000ef0    0000007a                                   : memset_t2.obj (.text)
                  00000f6a    00000002     --HOLE-- [fill = 0]
                  00000f6c    0000006c                                   : autoinit.obj (.text)
                  00000fd8    0000006a                                   : copy_decompress_rle.obj (.text)
                  00001042    00000002     --HOLE-- [fill = 0]
                  00001044    00000068     driverlib.lib : interrupt.obj (.text:IntEnable)
                  000010ac    00000056                   : gpio.obj (.text:GPIOIntTypeSet)
                  00001102    00000002     --HOLE-- [fill = 0]
                  00001104    00000050     rtsv7M4_T_le_v4SPD16_eabi.lib : boot.obj (.text)
                  00001154    0000004c                                   : cpy_tbl.obj (.text)
                  000011a0    0000004a                                   : fd_tos_t2.obj (.text)
                  000011ea    00000002     --HOLE-- [fill = 0]
                  000011ec    00000048     driverlib.lib : sysctl.obj (.text:_SysCtlFrequencyGet)
                  00001234    00000044     rtsv7M4_T_le_v4SPD16_eabi.lib : exit.obj (.text)
                  00001278    00000040     driverlib.lib : gpio.obj (.text:_GPIOIntNumberGet)
                  000012b8    00000038                   : sysctl.obj (.text:SysCtlPeripheralReady)
                  000012f0    00000034                   : interrupt.obj (.text:IntRegister)
                  00001324    00000034                   : sysctl.obj (.text:SysCtlPeripheralEnable)
                  00001358    0000002e     rtsv7M4_T_le_v4SPD16_eabi.lib : i_tofd_t2.obj (.text)
                  00001386    0000002a     driverlib.lib : gpio.obj (.text:GPIODirModeSet)
                  000013b0    00000020                   : sysctl.obj (.text:_SysCtlMemTimingGet)
                  000013d0    0000001c                   : systick.obj (.text:SysTickIntRegister)
                  000013ec    00000018                   : gpio.obj (.text:GPIOIntRegister)
                  00001404    00000018                   : gpio.obj (.text:GPIOPinTypeGPIOOutput)
                  0000141c    00000018     rtsv7M4_T_le_v4SPD16_eabi.lib : args_main.obj (.text)
                  00001434    00000014     driverlib.lib : systick.obj (.text:SysTickEnable)
                  00001448    00000014                   : systick.obj (.text:SysTickIntEnable)
                  0000145c    00000014     rtsv7M4_T_le_v4SPD16_eabi.lib : _lock.obj (.text)
                  00001470    00000012     driverlib.lib : gpio.obj (.text:GPIOPinTypeGPIOInput)
                  00001482    00000010                   : interrupt.obj (.text:IntMasterEnable)
                  00001492    00000002     --HOLE-- [fill = 0]
                  00001494    00000010                   : systick.obj (.text:SysTickPeriodSet)
                  000014a4    0000000e                   : gpio.obj (.text:GPIOIntStatus)
                  000014b2    0000000e     rtsv7M4_T_le_v4SPD16_eabi.lib : copy_decompress_none.obj (.text:decompress:none)
                  000014c0    0000000c     driverlib.lib : cpu.obj (.text:CPUcpsie)
                  000014cc    0000000c                   : gpio.obj (.text:GPIOIntEnable)
                  000014d8    0000000c     rtsv7M4_T_le_v4SPD16_eabi.lib : copy_zero_init.obj (.text:decompress:ZI)
                  000014e4    0000000c     tm4c1294ncpdt_startup_ccs.obj (.text)
                  000014f0    00000006     driverlib.lib : gpio.obj (.text:GPIOIntClear)
                  000014f6    00000006                   : gpio.obj (.text:GPIOPinRead)
                  000014fc    00000006                   : gpio.obj (.text:GPIOPinWrite)
                  00001502    00000006                   : sysctl.obj (.text:SysCtlDelay)
                  00001508    00000006     rtsv7M4_T_le_v4SPD16_eabi.lib : copy_decompress_rle.obj (.text:decompress:rle24)
                  0000150e    00000004                                   : pre_init.obj (.text)

.const     0    00001514    000003b4     
                  00001514    00000120     driverlib.lib : sysctl.obj (.const:g_pppui32XTALtoVCO)
                  00001634    000000c0                   : gpio.obj (.const:g_ppui32GPIOIntMapBlizzard)
                  000016f4    000000c0                   : gpio.obj (.const:g_ppui32GPIOIntMapSnowflake)
                  000017b4    00000070                   : interrupt.obj (.const)
                  00001824    0000006c                   : sysctl.obj (.const:g_pui32Xtals)
                  00001890    00000030                   : sysctl.obj (.const:g_sXTALtoMEMTIM)
                  000018c0    00000008                   : sysctl.obj (.const)

.cinit     0    000018c8    00000148     
                  000018c8    00000111     (.cinit..data.load) [load image, compression = rle]
                  000019d9    00000003     --HOLE-- [fill = 0]
                  000019dc    0000000c     (__TI_handler_table)
                  000019e8    00000008     (.cinit..bss.load) [load image, compression = zero_init]
                  000019f0    00000008     (.cinit..vtable.load) [load image, compression = zero_init]
                  000019f8    00000018     (__TI_cinit_table)

.init_array 
*          0    00000000    00000000     UNINITIALIZED

.vtable    0    20000000    0000026c     UNINITIALIZED
                  20000000    0000026c     driverlib.lib : interrupt.obj (.vtable)

.stack     0    2000026c    00000200     UNINITIALIZED
                  2000026c    00000200     --HOLE--

.data      0    2000046c    0000014c     UNINITIALIZED
                  2000046c    0000005c     main.obj (.data:motor1)
                  200004c8    0000005c     main.obj (.data:motor2)
                  20000524    00000040     main.obj (.data:leds)
                  20000564    0000003d     main.obj (.data)
                  200005a1    00000003     --HOLE--
                  200005a4    00000008     rtsv7M4_T_le_v4SPD16_eabi.lib : _lock.obj (.data)
                  200005ac    00000008                                   : exit.obj (.data)
                  200005b4    00000004                                   : stkdepth_vars.obj (.data)

.bss       0    200005b8    000000f0     UNINITIALIZED
                  200005b8    000000f0     main.obj (.bss:gui32_moveQ)

.TI.persistent 
*          0    2000046c    00000000     UNINITIALIZED

.TI.noinit 
*          0    200005b8    00000000     UNINITIALIZED


LINKER GENERATED COPY TABLES

__TI_cinit_table @ 000019f8 records: 3, size/record: 8, table size: 24
	.data: load addr=000018c8, load size=00000111 bytes, run addr=2000046c, run size=0000014c bytes, compression=rle
	.bss: load addr=000019e8, load size=00000008 bytes, run addr=200005b8, run size=000000f0 bytes, compression=zero_init
	.vtable: load addr=000019f0, load size=00000008 bytes, run addr=20000000, run size=0000026c bytes, compression=zero_init


LINKER GENERATED HANDLER TABLE

__TI_handler_table @ 000019dc records: 3, size/record: 4, table size: 12
	index: 0, handler: __TI_zero_init
	index: 1, handler: __TI_decompress_rle24
	index: 2, handler: __TI_decompress_none


GLOBAL SYMBOLS: SORTED ALPHABETICALLY BY Name 

address   name                      
-------   ----                      
00001235  C$$EXIT                   
000014c1  CPUcpsie                  
00001387  GPIODirModeSet            
000014f1  GPIOIntClear              
000014cd  GPIOIntEnable             
000013ed  GPIOIntRegister           
000014a5  GPIOIntStatus             
000010ad  GPIOIntTypeSet            
00000db1  GPIOPadConfigGet          
00000c7f  GPIOPadConfigSet          
000014f7  GPIOPinRead               
00001471  GPIOPinTypeGPIOInput      
00001405  GPIOPinTypeGPIOOutput     
000014fd  GPIOPinWrite              
00000403  GPIO_Pin_write            
000007ad  ISR_SystickHandler        
00000209  ISR_gpioUsrSW             
00001045  IntEnable                 
00001483  IntMasterEnable           
000012f1  IntRegister               
000014e5  ResetISR                  
UNDEFED   SHT$$INIT_ARRAY$$Base     
UNDEFED   SHT$$INIT_ARRAY$$Limit    
00000945  SysCtlClockFreqSet        
00001503  SysCtlDelay               
00001325  SysCtlPeripheralEnable    
000012b9  SysCtlPeripheralReady     
00001435  SysTickEnable             
00001449  SysTickIntEnable          
000013d1  SysTickIntRegister        
00001495  SysTickPeriodSet          
2000046c  __STACK_END               
00000200  __STACK_SIZE              
2000046c  __STACK_TOP               
000019f8  __TI_CINIT_Base           
00001a10  __TI_CINIT_Limit          
000019dc  __TI_Handler_Table_Base   
000019e8  __TI_Handler_Table_Limit  
00000f6d  __TI_auto_init            
200005ac  __TI_cleanup_ptr          
000014b3  __TI_decompress_none      
00001509  __TI_decompress_rle24     
200005b0  __TI_dtors_ptr            
00000000  __TI_static_base__        
000014d9  __TI_zero_init            
000011a1  __aeabi_d2f               
00000b49  __aeabi_ddiv              
00001359  __aeabi_i2d               
00000ef1  __aeabi_memclr            
00000ef1  __aeabi_memclr4           
00000ef1  __aeabi_memclr8           
00000e55  __aeabi_memcpy            
00000e55  __aeabi_memcpy4           
00000e55  __aeabi_memcpy8           
00000ef3  __aeabi_memset            
00000ef3  __aeabi_memset4           
00000ef3  __aeabi_memset8           
ffffffff  __binit__                 
ffffffff  __c_args__                
2000026c  __stack                   
0000141d  _args_main                
00001105  _c_int00                  
200005a4  _lock                     
0000146b  _nop                      
00001463  _register_lock            
0000145d  _register_unlock          
0000150f  _system_pre_init          
200005a8  _unlock                   
00001239  abort                     
00000695  addMove                   
20000594  angleM1                   
20000598  angleM2                   
ffffffff  binit                     
20000564  buttons                   
0000053b  calcAngles                
00001155  copy_in                   
00001241  exit                      
20000000  g_pfnRAMVectors           
00000000  g_pfnVectors              
20000588  gui32_SysClock            
20000590  gui32_actIdx2add          
2000058c  gui32_actIdx2move         
200005b8  gui32_moveQ               
20000584  gui32_timeout             
00000355  inithardware              
000004c5  initinterrupts            
20000524  leds                      
0000057d  main                      
200005b4  main_func_sp              
000005cd  makeStep                  
00000e55  memcpy                    
00000ef9  memset                    
2000046c  motor1                    
200004c8  motor2                    
0000041b  ms_delay                  
000004a9  setDirection              
00000435  setMotorMode              
00000263  udef_GPIO_Pin_set_function


GLOBAL SYMBOLS: SORTED BY Symbol Address 

address   name                      
-------   ----                      
00000000  __TI_static_base__        
00000000  g_pfnVectors              
00000200  __STACK_SIZE              
00000209  ISR_gpioUsrSW             
00000263  udef_GPIO_Pin_set_function
00000355  inithardware              
00000403  GPIO_Pin_write            
0000041b  ms_delay                  
00000435  setMotorMode              
000004a9  setDirection              
000004c5  initinterrupts            
0000053b  calcAngles                
0000057d  main                      
000005cd  makeStep                  
00000695  addMove                   
000007ad  ISR_SystickHandler        
00000945  SysCtlClockFreqSet        
00000b49  __aeabi_ddiv              
00000c7f  GPIOPadConfigSet          
00000db1  GPIOPadConfigGet          
00000e55  __aeabi_memcpy            
00000e55  __aeabi_memcpy4           
00000e55  __aeabi_memcpy8           
00000e55  memcpy                    
00000ef1  __aeabi_memclr            
00000ef1  __aeabi_memclr4           
00000ef1  __aeabi_memclr8           
00000ef3  __aeabi_memset            
00000ef3  __aeabi_memset4           
00000ef3  __aeabi_memset8           
00000ef9  memset                    
00000f6d  __TI_auto_init            
00001045  IntEnable                 
000010ad  GPIOIntTypeSet            
00001105  _c_int00                  
00001155  copy_in                   
000011a1  __aeabi_d2f               
00001235  C$$EXIT                   
00001239  abort                     
00001241  exit                      
000012b9  SysCtlPeripheralReady     
000012f1  IntRegister               
00001325  SysCtlPeripheralEnable    
00001359  __aeabi_i2d               
00001387  GPIODirModeSet            
000013d1  SysTickIntRegister        
000013ed  GPIOIntRegister           
00001405  GPIOPinTypeGPIOOutput     
0000141d  _args_main                
00001435  SysTickEnable             
00001449  SysTickIntEnable          
0000145d  _register_unlock          
00001463  _register_lock            
0000146b  _nop                      
00001471  GPIOPinTypeGPIOInput      
00001483  IntMasterEnable           
00001495  SysTickPeriodSet          
000014a5  GPIOIntStatus             
000014b3  __TI_decompress_none      
000014c1  CPUcpsie                  
000014cd  GPIOIntEnable             
000014d9  __TI_zero_init            
000014e5  ResetISR                  
000014f1  GPIOIntClear              
000014f7  GPIOPinRead               
000014fd  GPIOPinWrite              
00001503  SysCtlDelay               
00001509  __TI_decompress_rle24     
0000150f  _system_pre_init          
000019dc  __TI_Handler_Table_Base   
000019e8  __TI_Handler_Table_Limit  
000019f8  __TI_CINIT_Base           
00001a10  __TI_CINIT_Limit          
20000000  g_pfnRAMVectors           
2000026c  __stack                   
2000046c  __STACK_END               
2000046c  __STACK_TOP               
2000046c  motor1                    
200004c8  motor2                    
20000524  leds                      
20000564  buttons                   
20000584  gui32_timeout             
20000588  gui32_SysClock            
2000058c  gui32_actIdx2move         
20000590  gui32_actIdx2add          
20000594  angleM1                   
20000598  angleM2                   
200005a4  _lock                     
200005a8  _unlock                   
200005ac  __TI_cleanup_ptr          
200005b0  __TI_dtors_ptr            
200005b4  main_func_sp              
200005b8  gui32_moveQ               
ffffffff  __binit__                 
ffffffff  __c_args__                
ffffffff  binit                     
UNDEFED   SHT$$INIT_ARRAY$$Base     
UNDEFED   SHT$$INIT_ARRAY$$Limit    

[98 symbols]
