******************************************************************************
                  TI ARM Linker PC v5.2.2                      
******************************************************************************
>> Linked Mon Jun 06 18:59:26 2016

OUTPUT FILE NAME:   <TivaWirelessKinematics.out>
ENTRY POINT SYMBOL: "_c_int00"  address: 00001109


MEMORY CONFIGURATION

         name            origin    length      used     unused   attr    fill
----------------------  --------  ---------  --------  --------  ----  --------
  FLASH                 00000000   00100000  00001994  000fe66c  R  X
  SRAM                  20000000   00040000  0000069c  0003f964  RW X


SEGMENT ALLOCATION MAP

run origin  load origin   length   init length attrs members
----------  ----------- ---------- ----------- ----- -------
00000000    00000000    00001998   00001998    r-x
  00000000    00000000    00000208   00000208    r-- .intvecs
  00000208    00000208    00001296   00001296    r-x .text
  000014a0    000014a0    000003b6   000003b6    r-- .const
  00001858    00001858    00000140   00000140    r-- .cinit
20000000    20000000    0000069c   00000000    rw-
  20000000    20000000    0000026c   00000000    rw- .vtable
  2000026c    2000026c    00000200   00000000    rw- .stack
  2000046c    2000046c    00000140   00000000    rw- .data
  200005ac    200005ac    000000f0   00000000    rw- .bss


SECTION ALLOCATION MAP

 output                                  attributes/
section   page    origin      length       input sections
--------  ----  ----------  ----------   ----------------
.intvecs   0    00000000    00000208     
                  00000000    00000208     tm4c1294ncpdt_startup_ccs.obj (.intvecs)

.text      0    00000208    00001296     
                  00000208    000003f8     motors.obj (.text)
                  00000600    0000035c     main.obj (.text)
                  0000095c    00000204     driverlib.lib : sysctl.obj (.text:SysCtlClockFreqSet)
                  00000b60    00000132                   : gpio.obj (.text:GPIOPadConfigSet)
                  00000c92    00000124     functions.obj (.text)
                  00000db6    000000a4     driverlib.lib : gpio.obj (.text:GPIOPadConfigGet)
                  00000e5a    0000009c     rtsv7M4_T_le_v4SPD16_eabi.lib : memcpy_t2.obj (.text)
                  00000ef6    0000007a                                   : memset_t2.obj (.text)
                  00000f70    0000006c                                   : autoinit.obj (.text)
                  00000fdc    0000006a                                   : copy_decompress_rle.obj (.text)
                  00001046    00000002     --HOLE-- [fill = 0]
                  00001048    00000068     driverlib.lib : interrupt.obj (.text:IntEnable)
                  000010b0    00000056                   : gpio.obj (.text:GPIOIntTypeSet)
                  00001106    00000002     --HOLE-- [fill = 0]
                  00001108    00000050     rtsv7M4_T_le_v4SPD16_eabi.lib : boot.obj (.text)
                  00001158    0000004c                                   : cpy_tbl.obj (.text)
                  000011a4    00000048     driverlib.lib : sysctl.obj (.text:_SysCtlFrequencyGet)
                  000011ec    00000044     rtsv7M4_T_le_v4SPD16_eabi.lib : exit.obj (.text)
                  00001230    00000040     driverlib.lib : gpio.obj (.text:_GPIOIntNumberGet)
                  00001270    00000038                   : sysctl.obj (.text:SysCtlPeripheralReady)
                  000012a8    00000034                   : interrupt.obj (.text:IntRegister)
                  000012dc    00000034                   : sysctl.obj (.text:SysCtlPeripheralEnable)
                  00001310    0000002a                   : gpio.obj (.text:GPIODirModeSet)
                  0000133a    00000002     --HOLE-- [fill = 0]
                  0000133c    00000020                   : sysctl.obj (.text:_SysCtlMemTimingGet)
                  0000135c    0000001c                   : systick.obj (.text:SysTickIntRegister)
                  00001378    00000018                   : gpio.obj (.text:GPIOIntRegister)
                  00001390    00000018                   : gpio.obj (.text:GPIOPinTypeGPIOOutput)
                  000013a8    00000018     rtsv7M4_T_le_v4SPD16_eabi.lib : args_main.obj (.text)
                  000013c0    00000014     driverlib.lib : systick.obj (.text:SysTickEnable)
                  000013d4    00000014                   : systick.obj (.text:SysTickIntEnable)
                  000013e8    00000014     rtsv7M4_T_le_v4SPD16_eabi.lib : _lock.obj (.text)
                  000013fc    00000012     driverlib.lib : gpio.obj (.text:GPIOPinTypeGPIOInput)
                  0000140e    00000010                   : interrupt.obj (.text:IntMasterEnable)
                  0000141e    00000002     --HOLE-- [fill = 0]
                  00001420    00000010                   : systick.obj (.text:SysTickPeriodSet)
                  00001430    0000000e                   : gpio.obj (.text:GPIOIntStatus)
                  0000143e    0000000e     rtsv7M4_T_le_v4SPD16_eabi.lib : copy_decompress_none.obj (.text:decompress:none)
                  0000144c    0000000c     driverlib.lib : cpu.obj (.text:CPUcpsie)
                  00001458    0000000c                   : gpio.obj (.text:GPIOIntEnable)
                  00001464    0000000c     rtsv7M4_T_le_v4SPD16_eabi.lib : copy_zero_init.obj (.text:decompress:ZI)
                  00001470    0000000c     tm4c1294ncpdt_startup_ccs.obj (.text)
                  0000147c    00000006     driverlib.lib : gpio.obj (.text:GPIOIntClear)
                  00001482    00000006                   : gpio.obj (.text:GPIOPinRead)
                  00001488    00000006                   : gpio.obj (.text:GPIOPinWrite)
                  0000148e    00000006                   : sysctl.obj (.text:SysCtlDelay)
                  00001494    00000006     rtsv7M4_T_le_v4SPD16_eabi.lib : copy_decompress_rle.obj (.text:decompress:rle24)
                  0000149a    00000004                                   : pre_init.obj (.text)

.const     0    000014a0    000003b6     
                  000014a0    00000120     driverlib.lib : sysctl.obj (.const:g_pppui32XTALtoVCO)
                  000015c0    000000c0                   : gpio.obj (.const:g_ppui32GPIOIntMapBlizzard)
                  00001680    000000c0                   : gpio.obj (.const:g_ppui32GPIOIntMapSnowflake)
                  00001740    00000070                   : interrupt.obj (.const)
                  000017b0    0000006c                   : sysctl.obj (.const:g_pui32Xtals)
                  0000181c    00000030                   : sysctl.obj (.const:g_sXTALtoMEMTIM)
                  0000184c    00000008                   : sysctl.obj (.const)
                  00001854    00000002     main.obj (.const:.string)

.cinit     0    00001858    00000140     
                  00001858    0000010c     (.cinit..data.load) [load image, compression = rle]
                  00001964    0000000c     (__TI_handler_table)
                  00001970    00000008     (.cinit..bss.load) [load image, compression = zero_init]
                  00001978    00000008     (.cinit..vtable.load) [load image, compression = zero_init]
                  00001980    00000018     (__TI_cinit_table)

.init_array 
*          0    00000000    00000000     UNINITIALIZED

.vtable    0    20000000    0000026c     UNINITIALIZED
                  20000000    0000026c     driverlib.lib : interrupt.obj (.vtable)

.stack     0    2000026c    00000200     UNINITIALIZED
                  2000026c    00000200     --HOLE--

.data      0    2000046c    00000140     UNINITIALIZED
                  2000046c    00000058     motors.obj (.data:motor1)
                  200004c4    00000058     motors.obj (.data:motor2)
                  2000051c    00000040     functions.obj (.data:leds)
                  2000055c    00000020     functions.obj (.data)
                  2000057c    0000000f     main.obj (.data)
                  2000058b    00000001     --HOLE--
                  2000058c    0000000c     motors.obj (.data)
                  20000598    00000008     rtsv7M4_T_le_v4SPD16_eabi.lib : _lock.obj (.data)
                  200005a0    00000008                                   : exit.obj (.data)
                  200005a8    00000004                                   : stkdepth_vars.obj (.data)

.bss       0    200005ac    000000f0     UNINITIALIZED
                  200005ac    000000f0     motors.obj (.bss:moveQ)

.TI.persistent 
*          0    2000046c    00000000     UNINITIALIZED

.TI.noinit 
*          0    200005ac    00000000     UNINITIALIZED


LINKER GENERATED COPY TABLES

__TI_cinit_table @ 00001980 records: 3, size/record: 8, table size: 24
	.data: load addr=00001858, load size=0000010c bytes, run addr=2000046c, run size=00000140 bytes, compression=rle
	.bss: load addr=00001970, load size=00000008 bytes, run addr=200005ac, run size=000000f0 bytes, compression=zero_init
	.vtable: load addr=00001978, load size=00000008 bytes, run addr=20000000, run size=0000026c bytes, compression=zero_init


LINKER GENERATED HANDLER TABLE

__TI_handler_table @ 00001964 records: 3, size/record: 4, table size: 12
	index: 0, handler: __TI_zero_init
	index: 1, handler: __TI_decompress_rle24
	index: 2, handler: __TI_decompress_none


GLOBAL SYMBOLS: SORTED ALPHABETICALLY BY Name 

address   name                      
-------   ----                      
000011ed  C$$EXIT                   
0000144d  CPUcpsie                  
00001311  GPIODirModeSet            
0000147d  GPIOIntClear              
00001459  GPIOIntEnable             
00001379  GPIOIntRegister           
00001431  GPIOIntStatus             
000010b1  GPIOIntTypeSet            
00000db7  GPIOPadConfigGet          
00000b61  GPIOPadConfigSet          
00001483  GPIOPinRead               
000013fd  GPIOPinTypeGPIOInput      
00001391  GPIOPinTypeGPIOOutput     
00001489  GPIOPinWrite              
00000d85  GPIO_Pin_write            
0000077d  ISR_SystickHandler        
00000721  ISR_gpioUsrSW             
00001049  IntEnable                 
0000140f  IntMasterEnable           
000012a9  IntRegister               
00001471  ResetISR                  
UNDEFED   SHT$$INIT_ARRAY$$Base     
UNDEFED   SHT$$INIT_ARRAY$$Limit    
0000095d  SysCtlClockFreqSet        
0000148f  SysCtlDelay               
000012dd  SysCtlPeripheralEnable    
00001271  SysCtlPeripheralReady     
000013c1  SysTickEnable             
000013d5  SysTickIntEnable          
0000135d  SysTickIntRegister        
00001421  SysTickPeriodSet          
2000046c  __STACK_END               
00000200  __STACK_SIZE              
2000046c  __STACK_TOP               
00001980  __TI_CINIT_Base           
00001998  __TI_CINIT_Limit          
00001964  __TI_Handler_Table_Base   
00001970  __TI_Handler_Table_Limit  
00000f71  __TI_auto_init            
200005a0  __TI_cleanup_ptr          
0000143f  __TI_decompress_none      
00001495  __TI_decompress_rle24     
200005a4  __TI_dtors_ptr            
00000000  __TI_static_base__        
00001465  __TI_zero_init            
00000ef7  __aeabi_memclr            
00000ef7  __aeabi_memclr4           
00000ef7  __aeabi_memclr8           
00000e5b  __aeabi_memcpy            
00000e5b  __aeabi_memcpy4           
00000e5b  __aeabi_memcpy8           
00000ef9  __aeabi_memset            
00000ef9  __aeabi_memset4           
00000ef9  __aeabi_memset8           
ffffffff  __binit__                 
ffffffff  __c_args__                
2000026c  __stack                   
000013a9  _args_main                
00001109  _c_int00                  
20000598  _lock                     
000013f7  _nop                      
000013ef  _register_lock            
000013e9  _register_unlock          
0000149b  _system_pre_init          
2000059c  _unlock                   
000011f1  abort                     
000002c7  addMove                   
20000590  angleM1                   
20000594  angleM2                   
ffffffff  binit                     
2000055c  buttons                   
00000579  calcAngles                
00000399  changeActualMove          
000002a5  checkIfQisFull            
00001159  copy_in                   
000011f9  exit                      
20000000  g_pfnRAMVectors           
00000000  g_pfnVectors              
2000057c  gui32_SysClock            
2000058d  gui8_actIdx2add           
2000058c  gui8_actIdx2move          
2000058f  gui8_actualInMove         
2000058e  gui8_numMovesInQ          
0000063d  inithardware              
000006bd  initinterrupts            
2000051c  leds                      
00000601  main                      
200005a8  main_func_sp              
0000049b  makeStep                  
00000e5b  memcpy                    
00000eff  memset                    
2000046c  motor1                    
200004c4  motor2                    
200005ac  moveQ                     
00000d9d  ms_delay                  
00000447  setActualParameters       
00000285  setDirection              
00000209  setMotorMode              
00000c93  udef_GPIO_Pin_set_function


GLOBAL SYMBOLS: SORTED BY Symbol Address 

address   name                      
-------   ----                      
00000000  __TI_static_base__        
00000000  g_pfnVectors              
00000200  __STACK_SIZE              
00000209  setMotorMode              
00000285  setDirection              
000002a5  checkIfQisFull            
000002c7  addMove                   
00000399  changeActualMove          
00000447  setActualParameters       
0000049b  makeStep                  
00000579  calcAngles                
00000601  main                      
0000063d  inithardware              
000006bd  initinterrupts            
00000721  ISR_gpioUsrSW             
0000077d  ISR_SystickHandler        
0000095d  SysCtlClockFreqSet        
00000b61  GPIOPadConfigSet          
00000c93  udef_GPIO_Pin_set_function
00000d85  GPIO_Pin_write            
00000d9d  ms_delay                  
00000db7  GPIOPadConfigGet          
00000e5b  __aeabi_memcpy            
00000e5b  __aeabi_memcpy4           
00000e5b  __aeabi_memcpy8           
00000e5b  memcpy                    
00000ef7  __aeabi_memclr            
00000ef7  __aeabi_memclr4           
00000ef7  __aeabi_memclr8           
00000ef9  __aeabi_memset            
00000ef9  __aeabi_memset4           
00000ef9  __aeabi_memset8           
00000eff  memset                    
00000f71  __TI_auto_init            
00001049  IntEnable                 
000010b1  GPIOIntTypeSet            
00001109  _c_int00                  
00001159  copy_in                   
000011ed  C$$EXIT                   
000011f1  abort                     
000011f9  exit                      
00001271  SysCtlPeripheralReady     
000012a9  IntRegister               
000012dd  SysCtlPeripheralEnable    
00001311  GPIODirModeSet            
0000135d  SysTickIntRegister        
00001379  GPIOIntRegister           
00001391  GPIOPinTypeGPIOOutput     
000013a9  _args_main                
000013c1  SysTickEnable             
000013d5  SysTickIntEnable          
000013e9  _register_unlock          
000013ef  _register_lock            
000013f7  _nop                      
000013fd  GPIOPinTypeGPIOInput      
0000140f  IntMasterEnable           
00001421  SysTickPeriodSet          
00001431  GPIOIntStatus             
0000143f  __TI_decompress_none      
0000144d  CPUcpsie                  
00001459  GPIOIntEnable             
00001465  __TI_zero_init            
00001471  ResetISR                  
0000147d  GPIOIntClear              
00001483  GPIOPinRead               
00001489  GPIOPinWrite              
0000148f  SysCtlDelay               
00001495  __TI_decompress_rle24     
0000149b  _system_pre_init          
00001964  __TI_Handler_Table_Base   
00001970  __TI_Handler_Table_Limit  
00001980  __TI_CINIT_Base           
00001998  __TI_CINIT_Limit          
20000000  g_pfnRAMVectors           
2000026c  __stack                   
2000046c  __STACK_END               
2000046c  __STACK_TOP               
2000046c  motor1                    
200004c4  motor2                    
2000051c  leds                      
2000055c  buttons                   
2000057c  gui32_SysClock            
2000058c  gui8_actIdx2move          
2000058d  gui8_actIdx2add           
2000058e  gui8_numMovesInQ          
2000058f  gui8_actualInMove         
20000590  angleM1                   
20000594  angleM2                   
20000598  _lock                     
2000059c  _unlock                   
200005a0  __TI_cleanup_ptr          
200005a4  __TI_dtors_ptr            
200005a8  main_func_sp              
200005ac  moveQ                     
ffffffff  __binit__                 
ffffffff  __c_args__                
ffffffff  binit                     
UNDEFED   SHT$$INIT_ARRAY$$Base     
UNDEFED   SHT$$INIT_ARRAY$$Limit    

[99 symbols]
