<?xml version="1.0"?>
<link_info>
   <banner>TI ARM Linker PC v5.2.2</banner>
   <copyright>Copyright (c) 1996-2015 Texas Instruments Incorporated</copyright>
   <link_time>0x5755abee</link_time>
   <link_errors>0x0</link_errors>
   <output_file>TivaWirelessKinematics.out</output_file>
   <entry_point>
      <name>_c_int00</name>
      <address>0x1109</address>
   </entry_point>
   <input_file_list>
      <input_file id="fl-2">
         <path>.\</path>
         <kind>object</kind>
         <file>functions.obj</file>
         <name>functions.obj</name>
      </input_file>
      <input_file id="fl-3">
         <path>.\</path>
         <kind>object</kind>
         <file>main.obj</file>
         <name>main.obj</name>
      </input_file>
      <input_file id="fl-4">
         <path>.\</path>
         <kind>object</kind>
         <file>motors.obj</file>
         <name>motors.obj</name>
      </input_file>
      <input_file id="fl-5">
         <path>.\</path>
         <kind>object</kind>
         <file>tm4c1294ncpdt_startup_ccs.obj</file>
         <name>tm4c1294ncpdt_startup_ccs.obj</name>
      </input_file>
      <input_file id="fl-12d">
         <path>C:\Users\Johannes\ccs\ccsv6\tools\compiler\ti-cgt-arm_5.2.2\lib\</path>
         <kind>archive</kind>
         <file>rtsv7M4_T_le_v4SPD16_eabi.lib</file>
         <name>boot.obj</name>
      </input_file>
      <input_file id="fl-12e">
         <path>C:\Users\Johannes\ccs\ccsv6\tools\compiler\ti-cgt-arm_5.2.2\lib\</path>
         <kind>archive</kind>
         <file>rtsv7M4_T_le_v4SPD16_eabi.lib</file>
         <name>copy_decompress_none.obj</name>
      </input_file>
      <input_file id="fl-12f">
         <path>C:\Users\Johannes\ccs\ccsv6\tools\compiler\ti-cgt-arm_5.2.2\lib\</path>
         <kind>archive</kind>
         <file>rtsv7M4_T_le_v4SPD16_eabi.lib</file>
         <name>copy_decompress_rle.obj</name>
      </input_file>
      <input_file id="fl-130">
         <path>C:\Users\Johannes\ccs\ccsv6\tools\compiler\ti-cgt-arm_5.2.2\lib\</path>
         <kind>archive</kind>
         <file>rtsv7M4_T_le_v4SPD16_eabi.lib</file>
         <name>copy_zero_init.obj</name>
      </input_file>
      <input_file id="fl-131">
         <path>C:\Users\Johannes\ccs\ccsv6\tools\compiler\ti-cgt-arm_5.2.2\lib\</path>
         <kind>archive</kind>
         <file>rtsv7M4_T_le_v4SPD16_eabi.lib</file>
         <name>exit.obj</name>
      </input_file>
      <input_file id="fl-132">
         <path>C:\Users\Johannes\ccs\ccsv6\tools\compiler\ti-cgt-arm_5.2.2\lib\</path>
         <kind>archive</kind>
         <file>rtsv7M4_T_le_v4SPD16_eabi.lib</file>
         <name>memcpy_t2.obj</name>
      </input_file>
      <input_file id="fl-133">
         <path>C:\Users\Johannes\ccs\ccsv6\tools\compiler\ti-cgt-arm_5.2.2\lib\</path>
         <kind>archive</kind>
         <file>rtsv7M4_T_le_v4SPD16_eabi.lib</file>
         <name>memset_t2.obj</name>
      </input_file>
      <input_file id="fl-134">
         <path>C:\Users\Johannes\ccs\ccsv6\tools\compiler\ti-cgt-arm_5.2.2\lib\</path>
         <kind>archive</kind>
         <file>rtsv7M4_T_le_v4SPD16_eabi.lib</file>
         <name>pre_init.obj</name>
      </input_file>
      <input_file id="fl-135">
         <path>C:\Users\Johannes\ccs\ccsv6\tools\compiler\ti-cgt-arm_5.2.2\lib\</path>
         <kind>archive</kind>
         <file>rtsv7M4_T_le_v4SPD16_eabi.lib</file>
         <name>stkdepth_vars.obj</name>
      </input_file>
      <input_file id="fl-136">
         <path>C:\Users\Johannes\ccs\ccsv6\tools\compiler\ti-cgt-arm_5.2.2\lib\</path>
         <kind>archive</kind>
         <file>rtsv7M4_T_le_v4SPD16_eabi.lib</file>
         <name>_lock.obj</name>
      </input_file>
      <input_file id="fl-137">
         <path>C:\Users\Johannes\ccs\ccsv6\tools\compiler\ti-cgt-arm_5.2.2\lib\</path>
         <kind>archive</kind>
         <file>rtsv7M4_T_le_v4SPD16_eabi.lib</file>
         <name>args_main.obj</name>
      </input_file>
      <input_file id="fl-138">
         <path>C:\Users\Johannes\ccs\ccsv6\tools\compiler\ti-cgt-arm_5.2.2\lib\</path>
         <kind>archive</kind>
         <file>rtsv7M4_T_le_v4SPD16_eabi.lib</file>
         <name>autoinit.obj</name>
      </input_file>
      <input_file id="fl-139">
         <path>C:\Users\Johannes\ccs\ccsv6\tools\compiler\ti-cgt-arm_5.2.2\lib\</path>
         <kind>archive</kind>
         <file>rtsv7M4_T_le_v4SPD16_eabi.lib</file>
         <name>cpy_tbl.obj</name>
      </input_file>
      <input_file id="fl-13a">
         <path>J:\Studium\Semester_4\EMB\CCS_workspace\git\connected_launchpad_driverlib\driverlib\ccs\Debug\</path>
         <kind>archive</kind>
         <file>driverlib.lib</file>
         <name>gpio.obj</name>
      </input_file>
      <input_file id="fl-13b">
         <path>J:\Studium\Semester_4\EMB\CCS_workspace\git\connected_launchpad_driverlib\driverlib\ccs\Debug\</path>
         <kind>archive</kind>
         <file>driverlib.lib</file>
         <name>interrupt.obj</name>
      </input_file>
      <input_file id="fl-13c">
         <path>J:\Studium\Semester_4\EMB\CCS_workspace\git\connected_launchpad_driverlib\driverlib\ccs\Debug\</path>
         <kind>archive</kind>
         <file>driverlib.lib</file>
         <name>sysctl.obj</name>
      </input_file>
      <input_file id="fl-13d">
         <path>J:\Studium\Semester_4\EMB\CCS_workspace\git\connected_launchpad_driverlib\driverlib\ccs\Debug\</path>
         <kind>archive</kind>
         <file>driverlib.lib</file>
         <name>systick.obj</name>
      </input_file>
      <input_file id="fl-13e">
         <path>J:\Studium\Semester_4\EMB\CCS_workspace\git\connected_launchpad_driverlib\driverlib\ccs\Debug\</path>
         <kind>archive</kind>
         <file>driverlib.lib</file>
         <name>cpu.obj</name>
      </input_file>
   </input_file_list>
   <object_component_list>
      <object_component id="oc-f">
         <name>.intvecs</name>
         <load_address>0x0</load_address>
         <run_address>0x0</run_address>
         <size>0x208</size>
         <input_file_ref idref="fl-5"/>
      </object_component>
      <object_component id="oc-c9">
         <name>.text</name>
         <load_address>0x208</load_address>
         <run_address>0x208</run_address>
         <size>0x3f8</size>
         <input_file_ref idref="fl-4"/>
      </object_component>
      <object_component id="oc-9d">
         <name>.text</name>
         <load_address>0x600</load_address>
         <run_address>0x600</run_address>
         <size>0x35c</size>
         <input_file_ref idref="fl-3"/>
      </object_component>
      <object_component id="oc-cf">
         <name>.text:SysCtlClockFreqSet</name>
         <load_address>0x95c</load_address>
         <run_address>0x95c</run_address>
         <size>0x204</size>
         <input_file_ref idref="fl-13c"/>
      </object_component>
      <object_component id="oc-18b">
         <name>.text:GPIOPadConfigSet</name>
         <load_address>0xb60</load_address>
         <run_address>0xb60</run_address>
         <size>0x132</size>
         <input_file_ref idref="fl-13a"/>
      </object_component>
      <object_component id="oc-d5">
         <name>.text</name>
         <load_address>0xc92</load_address>
         <run_address>0xc92</run_address>
         <size>0x124</size>
         <input_file_ref idref="fl-2"/>
      </object_component>
      <object_component id="oc-185">
         <name>.text:GPIOPadConfigGet</name>
         <load_address>0xdb6</load_address>
         <run_address>0xdb6</run_address>
         <size>0xa4</size>
         <input_file_ref idref="fl-13a"/>
      </object_component>
      <object_component id="oc-33">
         <name>.text</name>
         <load_address>0xe5a</load_address>
         <run_address>0xe5a</run_address>
         <size>0x9c</size>
         <input_file_ref idref="fl-132"/>
      </object_component>
      <object_component id="oc-4c">
         <name>.text</name>
         <load_address>0xef6</load_address>
         <run_address>0xef6</run_address>
         <size>0x7a</size>
         <input_file_ref idref="fl-133"/>
      </object_component>
      <object_component id="oc-5e">
         <name>.text</name>
         <load_address>0xf70</load_address>
         <run_address>0xf70</run_address>
         <size>0x6c</size>
         <input_file_ref idref="fl-138"/>
      </object_component>
      <object_component id="oc-3f">
         <name>.text</name>
         <load_address>0xfdc</load_address>
         <run_address>0xfdc</run_address>
         <size>0x6a</size>
         <input_file_ref idref="fl-12f"/>
      </object_component>
      <object_component id="oc-1a6">
         <name>.text:IntEnable</name>
         <load_address>0x1048</load_address>
         <run_address>0x1048</run_address>
         <size>0x68</size>
         <input_file_ref idref="fl-13b"/>
      </object_component>
      <object_component id="oc-e1">
         <name>.text:GPIOIntTypeSet</name>
         <load_address>0x10b0</load_address>
         <run_address>0x10b0</run_address>
         <size>0x56</size>
         <input_file_ref idref="fl-13a"/>
      </object_component>
      <object_component id="oc-24">
         <name>.text</name>
         <load_address>0x1108</load_address>
         <run_address>0x1108</run_address>
         <size>0x50</size>
         <input_file_ref idref="fl-12d"/>
      </object_component>
      <object_component id="oc-95">
         <name>.text</name>
         <load_address>0x1158</load_address>
         <run_address>0x1158</run_address>
         <size>0x4c</size>
         <input_file_ref idref="fl-139"/>
      </object_component>
      <object_component id="oc-15c">
         <name>.text:_SysCtlFrequencyGet</name>
         <load_address>0x11a4</load_address>
         <run_address>0x11a4</run_address>
         <size>0x48</size>
         <input_file_ref idref="fl-13c"/>
      </object_component>
      <object_component id="oc-6a">
         <name>.text</name>
         <load_address>0x11ec</load_address>
         <run_address>0x11ec</run_address>
         <size>0x44</size>
         <input_file_ref idref="fl-131"/>
      </object_component>
      <object_component id="oc-19a">
         <name>.text:_GPIOIntNumberGet</name>
         <load_address>0x1230</load_address>
         <run_address>0x1230</run_address>
         <size>0x40</size>
         <input_file_ref idref="fl-13a"/>
      </object_component>
      <object_component id="oc-16d">
         <name>.text:SysCtlPeripheralReady</name>
         <load_address>0x1270</load_address>
         <run_address>0x1270</run_address>
         <size>0x38</size>
         <input_file_ref idref="fl-13c"/>
      </object_component>
      <object_component id="oc-1a0">
         <name>.text:IntRegister</name>
         <load_address>0x12a8</load_address>
         <run_address>0x12a8</run_address>
         <size>0x34</size>
         <input_file_ref idref="fl-13b"/>
      </object_component>
      <object_component id="oc-173">
         <name>.text:SysCtlPeripheralEnable</name>
         <load_address>0x12dc</load_address>
         <run_address>0x12dc</run_address>
         <size>0x34</size>
         <input_file_ref idref="fl-13c"/>
      </object_component>
      <object_component id="oc-1ee">
         <name>.text:GPIODirModeSet</name>
         <load_address>0x1310</load_address>
         <run_address>0x1310</run_address>
         <size>0x2a</size>
         <input_file_ref idref="fl-13a"/>
      </object_component>
      <object_component id="oc-156">
         <name>.text:_SysCtlMemTimingGet</name>
         <load_address>0x133c</load_address>
         <run_address>0x133c</run_address>
         <size>0x20</size>
         <input_file_ref idref="fl-13c"/>
      </object_component>
      <object_component id="oc-f9">
         <name>.text:SysTickIntRegister</name>
         <load_address>0x135c</load_address>
         <run_address>0x135c</run_address>
         <size>0x1c</size>
         <input_file_ref idref="fl-13d"/>
      </object_component>
      <object_component id="oc-db">
         <name>.text:GPIOIntRegister</name>
         <load_address>0x1378</load_address>
         <run_address>0x1378</run_address>
         <size>0x18</size>
         <input_file_ref idref="fl-13a"/>
      </object_component>
      <object_component id="oc-17f">
         <name>.text:GPIOPinTypeGPIOOutput</name>
         <load_address>0x1390</load_address>
         <run_address>0x1390</run_address>
         <size>0x18</size>
         <input_file_ref idref="fl-13a"/>
      </object_component>
      <object_component id="oc-64">
         <name>.text</name>
         <load_address>0x13a8</load_address>
         <run_address>0x13a8</run_address>
         <size>0x18</size>
         <input_file_ref idref="fl-137"/>
      </object_component>
      <object_component id="oc-105">
         <name>.text:SysTickEnable</name>
         <load_address>0x13c0</load_address>
         <run_address>0x13c0</run_address>
         <size>0x14</size>
         <input_file_ref idref="fl-13d"/>
      </object_component>
      <object_component id="oc-ff">
         <name>.text:SysTickIntEnable</name>
         <load_address>0x13d4</load_address>
         <run_address>0x13d4</run_address>
         <size>0x14</size>
         <input_file_ref idref="fl-13d"/>
      </object_component>
      <object_component id="oc-132">
         <name>.text</name>
         <load_address>0x13e8</load_address>
         <run_address>0x13e8</run_address>
         <size>0x14</size>
         <input_file_ref idref="fl-136"/>
      </object_component>
      <object_component id="oc-179">
         <name>.text:GPIOPinTypeGPIOInput</name>
         <load_address>0x13fc</load_address>
         <run_address>0x13fc</run_address>
         <size>0x12</size>
         <input_file_ref idref="fl-13a"/>
      </object_component>
      <object_component id="oc-c3">
         <name>.text:IntMasterEnable</name>
         <load_address>0x140e</load_address>
         <run_address>0x140e</run_address>
         <size>0x10</size>
         <input_file_ref idref="fl-13b"/>
      </object_component>
      <object_component id="oc-f3">
         <name>.text:SysTickPeriodSet</name>
         <load_address>0x1420</load_address>
         <run_address>0x1420</run_address>
         <size>0x10</size>
         <input_file_ref idref="fl-13d"/>
      </object_component>
      <object_component id="oc-10b">
         <name>.text:GPIOIntStatus</name>
         <load_address>0x1430</load_address>
         <run_address>0x1430</run_address>
         <size>0xe</size>
         <input_file_ref idref="fl-13a"/>
      </object_component>
      <object_component id="oc-12">
         <name>.text:decompress:none</name>
         <load_address>0x143e</load_address>
         <run_address>0x143e</run_address>
         <size>0xe</size>
         <input_file_ref idref="fl-12e"/>
      </object_component>
      <object_component id="oc-147">
         <name>.text:CPUcpsie</name>
         <load_address>0x144c</load_address>
         <run_address>0x144c</run_address>
         <size>0xc</size>
         <input_file_ref idref="fl-13e"/>
      </object_component>
      <object_component id="oc-ed">
         <name>.text:GPIOIntEnable</name>
         <load_address>0x1458</load_address>
         <run_address>0x1458</run_address>
         <size>0xc</size>
         <input_file_ref idref="fl-13a"/>
      </object_component>
      <object_component id="oc-1e">
         <name>.text:decompress:ZI</name>
         <load_address>0x1464</load_address>
         <run_address>0x1464</run_address>
         <size>0xc</size>
         <input_file_ref idref="fl-130"/>
      </object_component>
      <object_component id="oc-2a">
         <name>.text</name>
         <load_address>0x1470</load_address>
         <run_address>0x1470</run_address>
         <size>0xc</size>
         <input_file_ref idref="fl-5"/>
      </object_component>
      <object_component id="oc-e7">
         <name>.text:GPIOIntClear</name>
         <load_address>0x147c</load_address>
         <run_address>0x147c</run_address>
         <size>0x6</size>
         <input_file_ref idref="fl-13a"/>
      </object_component>
      <object_component id="oc-14e">
         <name>.text:GPIOPinRead</name>
         <load_address>0x1482</load_address>
         <run_address>0x1482</run_address>
         <size>0x6</size>
         <input_file_ref idref="fl-13a"/>
      </object_component>
      <object_component id="oc-191">
         <name>.text:GPIOPinWrite</name>
         <load_address>0x1488</load_address>
         <run_address>0x1488</run_address>
         <size>0x6</size>
         <input_file_ref idref="fl-13a"/>
      </object_component>
      <object_component id="oc-197">
         <name>.text:SysCtlDelay</name>
         <load_address>0x148e</load_address>
         <run_address>0x148e</run_address>
         <size>0x6</size>
         <input_file_ref idref="fl-13c"/>
      </object_component>
      <object_component id="oc-18">
         <name>.text:decompress:rle24</name>
         <load_address>0x1494</load_address>
         <run_address>0x1494</run_address>
         <size>0x6</size>
         <input_file_ref idref="fl-12f"/>
      </object_component>
      <object_component id="oc-58">
         <name>.text</name>
         <load_address>0x149a</load_address>
         <run_address>0x149a</run_address>
         <size>0x4</size>
         <input_file_ref idref="fl-134"/>
      </object_component>
      <object_component id="oc-165">
         <name>.const:g_pppui32XTALtoVCO</name>
         <load_address>0x14a0</load_address>
         <run_address>0x14a0</run_address>
         <size>0x120</size>
         <input_file_ref idref="fl-13c"/>
      </object_component>
      <object_component id="oc-1fb">
         <name>.const:g_ppui32GPIOIntMapBlizzard</name>
         <load_address>0x15c0</load_address>
         <run_address>0x15c0</run_address>
         <size>0xc0</size>
         <input_file_ref idref="fl-13a"/>
      </object_component>
      <object_component id="oc-1fe">
         <name>.const:g_ppui32GPIOIntMapSnowflake</name>
         <load_address>0x1680</load_address>
         <run_address>0x1680</run_address>
         <size>0xc0</size>
         <input_file_ref idref="fl-13a"/>
      </object_component>
      <object_component id="oc-207">
         <name>.const</name>
         <load_address>0x1740</load_address>
         <run_address>0x1740</run_address>
         <size>0x70</size>
         <input_file_ref idref="fl-13b"/>
      </object_component>
      <object_component id="oc-162">
         <name>.const:g_pui32Xtals</name>
         <load_address>0x17b0</load_address>
         <run_address>0x17b0</run_address>
         <size>0x6c</size>
         <input_file_ref idref="fl-13c"/>
      </object_component>
      <object_component id="oc-1da">
         <name>.const:g_sXTALtoMEMTIM</name>
         <load_address>0x181c</load_address>
         <run_address>0x181c</run_address>
         <size>0x30</size>
         <input_file_ref idref="fl-13c"/>
      </object_component>
      <object_component id="oc-168">
         <name>.const</name>
         <load_address>0x184c</load_address>
         <run_address>0x184c</run_address>
         <size>0x8</size>
         <input_file_ref idref="fl-13c"/>
      </object_component>
      <object_component id="oc-120">
         <name>.const:.string</name>
         <load_address>0x1854</load_address>
         <run_address>0x1854</run_address>
         <size>0x2</size>
         <input_file_ref idref="fl-3"/>
      </object_component>
      <object_component id="oc-240">
         <name>.cinit..data.load</name>
         <load_address>0x1858</load_address>
         <run_address>0x1858</run_address>
         <size>0x10c</size>
      </object_component>
      <object_component id="oc-23d">
         <name>__TI_handler_table</name>
         <load_address>0x1964</load_address>
         <run_address>0x1964</run_address>
         <size>0xc</size>
      </object_component>
      <object_component id="oc-241">
         <name>.cinit..bss.load</name>
         <load_address>0x1970</load_address>
         <run_address>0x1970</run_address>
         <size>0x8</size>
      </object_component>
      <object_component id="oc-23f">
         <name>.cinit..vtable.load</name>
         <load_address>0x1978</load_address>
         <run_address>0x1978</run_address>
         <size>0x8</size>
      </object_component>
      <object_component id="oc-23e">
         <name>__TI_cinit_table</name>
         <load_address>0x1980</load_address>
         <run_address>0x1980</run_address>
         <size>0x18</size>
      </object_component>
      <object_component id="oc-202">
         <name>.vtable</name>
         <uninitialized>true</uninitialized>
         <run_address>0x20000000</run_address>
         <size>0x26c</size>
         <input_file_ref idref="fl-13b"/>
      </object_component>
      <object_component id="oc-29">
         <name>.stack</name>
         <uninitialized>true</uninitialized>
         <run_address>0x2000026c</run_address>
         <size>0x0</size>
         <input_file_ref idref="fl-12d"/>
      </object_component>
      <object_component id="oc-242">
         <name>.stack</name>
         <uninitialized>true</uninitialized>
         <run_address>0x2000026c</run_address>
         <size>0x0</size>
      </object_component>
      <object_component id="oc-126">
         <name>.bss:moveQ</name>
         <uninitialized>true</uninitialized>
         <run_address>0x200005ac</run_address>
         <size>0xf0</size>
         <input_file_ref idref="fl-4"/>
      </object_component>
      <object_component id="oc-117">
         <name>.data:leds</name>
         <load_address>0x2000051c</load_address>
         <run_address>0x2000051c</run_address>
         <size>0x40</size>
         <input_file_ref idref="fl-2"/>
      </object_component>
      <object_component id="oc-114">
         <name>.data</name>
         <load_address>0x2000055c</load_address>
         <run_address>0x2000055c</run_address>
         <size>0x20</size>
         <input_file_ref idref="fl-2"/>
      </object_component>
      <object_component id="oc-111">
         <name>.data</name>
         <load_address>0x2000057c</load_address>
         <run_address>0x2000057c</run_address>
         <size>0xf</size>
         <input_file_ref idref="fl-3"/>
      </object_component>
      <object_component id="oc-11a">
         <name>.data:motor1</name>
         <load_address>0x2000046c</load_address>
         <run_address>0x2000046c</run_address>
         <size>0x58</size>
         <input_file_ref idref="fl-4"/>
      </object_component>
      <object_component id="oc-11d">
         <name>.data:motor2</name>
         <load_address>0x200004c4</load_address>
         <run_address>0x200004c4</run_address>
         <size>0x58</size>
         <input_file_ref idref="fl-4"/>
      </object_component>
      <object_component id="oc-123">
         <name>.data</name>
         <load_address>0x2000058c</load_address>
         <run_address>0x2000058c</run_address>
         <size>0xc</size>
         <input_file_ref idref="fl-4"/>
      </object_component>
      <object_component id="oc-a8">
         <name>.data</name>
         <load_address>0x200005a0</load_address>
         <run_address>0x200005a0</run_address>
         <size>0x8</size>
         <input_file_ref idref="fl-131"/>
      </object_component>
      <object_component id="oc-70">
         <name>.data</name>
         <load_address>0x200005a8</load_address>
         <run_address>0x200005a8</run_address>
         <size>0x4</size>
         <input_file_ref idref="fl-135"/>
      </object_component>
      <object_component id="oc-a5">
         <name>.data</name>
         <load_address>0x20000598</load_address>
         <run_address>0x20000598</run_address>
         <size>0x8</size>
         <input_file_ref idref="fl-136"/>
      </object_component>
      <object_component id="oc-199">
         <name>.debug_info</name>
         <load_address>0x0</load_address>
         <run_address>0x0</run_address>
         <size>0x2d3</size>
         <input_file_ref idref="fl-2"/>
      </object_component>
      <object_component id="oc-118">
         <name>.debug_info</name>
         <load_address>0x2d3</load_address>
         <run_address>0x2d3</run_address>
         <size>0xd9</size>
         <input_file_ref idref="fl-2"/>
      </object_component>
      <object_component id="oc-115">
         <name>.debug_info</name>
         <load_address>0x3ac</load_address>
         <run_address>0x3ac</run_address>
         <size>0xdf</size>
         <input_file_ref idref="fl-2"/>
      </object_component>
      <object_component id="oc-d6">
         <name>.debug_info</name>
         <load_address>0x48b</load_address>
         <run_address>0x48b</run_address>
         <size>0x3f6</size>
         <input_file_ref idref="fl-2"/>
      </object_component>
      <object_component id="oc-b0">
         <name>.debug_info</name>
         <load_address>0x881</load_address>
         <run_address>0x881</run_address>
         <size>0x8b</size>
         <input_file_ref idref="fl-2"/>
      </object_component>
      <object_component id="oc-7c">
         <name>.debug_info</name>
         <load_address>0x90c</load_address>
         <run_address>0x90c</run_address>
         <size>0x18b</size>
         <input_file_ref idref="fl-2"/>
      </object_component>
      <object_component id="oc-1ce">
         <name>.debug_info</name>
         <load_address>0xa97</load_address>
         <run_address>0xa97</run_address>
         <size>0x8a</size>
         <input_file_ref idref="fl-2"/>
      </object_component>
      <object_component id="oc-12a">
         <name>.debug_info</name>
         <load_address>0xb21</load_address>
         <run_address>0xb21</run_address>
         <size>0x538</size>
         <input_file_ref idref="fl-3"/>
      </object_component>
      <object_component id="oc-112">
         <name>.debug_info</name>
         <load_address>0x1059</load_address>
         <run_address>0x1059</run_address>
         <size>0xe8</size>
         <input_file_ref idref="fl-3"/>
      </object_component>
      <object_component id="oc-121">
         <name>.debug_info</name>
         <load_address>0x1141</load_address>
         <run_address>0x1141</run_address>
         <size>0xd9</size>
         <input_file_ref idref="fl-3"/>
      </object_component>
      <object_component id="oc-9e">
         <name>.debug_info</name>
         <load_address>0x121a</load_address>
         <run_address>0x121a</run_address>
         <size>0x654</size>
         <input_file_ref idref="fl-3"/>
      </object_component>
      <object_component id="oc-1bf">
         <name>.debug_info</name>
         <load_address>0x186e</load_address>
         <run_address>0x186e</run_address>
         <size>0x159</size>
         <input_file_ref idref="fl-3"/>
      </object_component>
      <object_component id="oc-155">
         <name>.debug_info</name>
         <load_address>0x19c7</load_address>
         <run_address>0x19c7</run_address>
         <size>0x194</size>
         <input_file_ref idref="fl-4"/>
      </object_component>
      <object_component id="oc-11b">
         <name>.debug_info</name>
         <load_address>0x1b5b</load_address>
         <run_address>0x1b5b</run_address>
         <size>0xda</size>
         <input_file_ref idref="fl-4"/>
      </object_component>
      <object_component id="oc-11e">
         <name>.debug_info</name>
         <load_address>0x1c35</load_address>
         <run_address>0x1c35</run_address>
         <size>0xda</size>
         <input_file_ref idref="fl-4"/>
      </object_component>
      <object_component id="oc-127">
         <name>.debug_info</name>
         <load_address>0x1d0f</load_address>
         <run_address>0x1d0f</run_address>
         <size>0xd8</size>
         <input_file_ref idref="fl-4"/>
      </object_component>
      <object_component id="oc-124">
         <name>.debug_info</name>
         <load_address>0x1de7</load_address>
         <run_address>0x1de7</run_address>
         <size>0x1bf</size>
         <input_file_ref idref="fl-4"/>
      </object_component>
      <object_component id="oc-ca">
         <name>.debug_info</name>
         <load_address>0x1fa6</load_address>
         <run_address>0x1fa6</run_address>
         <size>0x70d</size>
         <input_file_ref idref="fl-4"/>
      </object_component>
      <object_component id="oc-77">
         <name>.debug_info</name>
         <load_address>0x26b3</load_address>
         <run_address>0x26b3</run_address>
         <size>0x84</size>
         <input_file_ref idref="fl-4"/>
      </object_component>
      <object_component id="oc-32">
         <name>.debug_info</name>
         <load_address>0x2737</load_address>
         <run_address>0x2737</run_address>
         <size>0x114</size>
         <input_file_ref idref="fl-5"/>
      </object_component>
      <object_component id="oc-10">
         <name>.debug_info</name>
         <load_address>0x284b</load_address>
         <run_address>0x284b</run_address>
         <size>0xf9</size>
         <input_file_ref idref="fl-5"/>
      </object_component>
      <object_component id="oc-2b">
         <name>.debug_info</name>
         <load_address>0x2944</load_address>
         <run_address>0x2944</run_address>
         <size>0x278</size>
         <input_file_ref idref="fl-5"/>
      </object_component>
      <object_component id="oc-26">
         <name>.debug_info</name>
         <load_address>0x2bbc</load_address>
         <run_address>0x2bbc</run_address>
         <size>0x138</size>
         <input_file_ref idref="fl-12d"/>
      </object_component>
      <object_component id="oc-3e">
         <name>.debug_info</name>
         <load_address>0x2cf4</load_address>
         <run_address>0x2cf4</run_address>
         <size>0x123</size>
         <input_file_ref idref="fl-12e"/>
      </object_component>
      <object_component id="oc-16">
         <name>.debug_info</name>
         <load_address>0x2e17</load_address>
         <run_address>0x2e17</run_address>
         <size>0x1c2</size>
         <input_file_ref idref="fl-12e"/>
      </object_component>
      <object_component id="oc-39">
         <name>.debug_info</name>
         <load_address>0x2fd9</load_address>
         <run_address>0x2fd9</run_address>
         <size>0x46</size>
         <input_file_ref idref="fl-12e"/>
      </object_component>
      <object_component id="oc-82">
         <name>.debug_info</name>
         <load_address>0x301f</load_address>
         <run_address>0x301f</run_address>
         <size>0x2c</size>
         <input_file_ref idref="fl-12e"/>
      </object_component>
      <object_component id="oc-46">
         <name>.debug_info</name>
         <load_address>0x304b</load_address>
         <run_address>0x304b</run_address>
         <size>0x117</size>
         <input_file_ref idref="fl-12f"/>
      </object_component>
      <object_component id="oc-41">
         <name>.debug_info</name>
         <load_address>0x3162</load_address>
         <run_address>0x3162</run_address>
         <size>0x22a</size>
         <input_file_ref idref="fl-12f"/>
      </object_component>
      <object_component id="oc-19">
         <name>.debug_info</name>
         <load_address>0x338c</load_address>
         <run_address>0x338c</run_address>
         <size>0x1bc</size>
         <input_file_ref idref="fl-12f"/>
      </object_component>
      <object_component id="oc-47">
         <name>.debug_info</name>
         <load_address>0x3548</load_address>
         <run_address>0x3548</run_address>
         <size>0x39</size>
         <input_file_ref idref="fl-12f"/>
      </object_component>
      <object_component id="oc-8c">
         <name>.debug_info</name>
         <load_address>0x3581</load_address>
         <run_address>0x3581</run_address>
         <size>0x2c</size>
         <input_file_ref idref="fl-12f"/>
      </object_component>
      <object_component id="oc-57">
         <name>.debug_info</name>
         <load_address>0x35ad</load_address>
         <run_address>0x35ad</run_address>
         <size>0x112</size>
         <input_file_ref idref="fl-130"/>
      </object_component>
      <object_component id="oc-21">
         <name>.debug_info</name>
         <load_address>0x36bf</load_address>
         <run_address>0x36bf</run_address>
         <size>0x18d</size>
         <input_file_ref idref="fl-130"/>
      </object_component>
      <object_component id="oc-52">
         <name>.debug_info</name>
         <load_address>0x384c</load_address>
         <run_address>0x384c</run_address>
         <size>0x46</size>
         <input_file_ref idref="fl-130"/>
      </object_component>
      <object_component id="oc-ac">
         <name>.debug_info</name>
         <load_address>0x3892</load_address>
         <run_address>0x3892</run_address>
         <size>0x174</size>
         <input_file_ref idref="fl-131"/>
      </object_component>
      <object_component id="oc-a9">
         <name>.debug_info</name>
         <load_address>0x3a06</load_address>
         <run_address>0x3a06</run_address>
         <size>0x119</size>
         <input_file_ref idref="fl-131"/>
      </object_component>
      <object_component id="oc-6e">
         <name>.debug_info</name>
         <load_address>0x3b1f</load_address>
         <run_address>0x3b1f</run_address>
         <size>0x1f0</size>
         <input_file_ref idref="fl-131"/>
      </object_component>
      <object_component id="oc-34">
         <name>.debug_info</name>
         <load_address>0x3d0f</load_address>
         <run_address>0x3d0f</run_address>
         <size>0xfa</size>
         <input_file_ref idref="fl-132"/>
      </object_component>
      <object_component id="oc-4d">
         <name>.debug_info</name>
         <load_address>0x3e09</load_address>
         <run_address>0x3e09</run_address>
         <size>0x12a</size>
         <input_file_ref idref="fl-133"/>
      </object_component>
      <object_component id="oc-5b">
         <name>.debug_info</name>
         <load_address>0x3f33</load_address>
         <run_address>0x3f33</run_address>
         <size>0x12b</size>
         <input_file_ref idref="fl-134"/>
      </object_component>
      <object_component id="oc-71">
         <name>.debug_info</name>
         <load_address>0x405e</load_address>
         <run_address>0x405e</run_address>
         <size>0xec</size>
         <input_file_ref idref="fl-135"/>
      </object_component>
      <object_component id="oc-13a">
         <name>.debug_info</name>
         <load_address>0x414a</load_address>
         <run_address>0x414a</run_address>
         <size>0x107</size>
         <input_file_ref idref="fl-136"/>
      </object_component>
      <object_component id="oc-a6">
         <name>.debug_info</name>
         <load_address>0x4251</load_address>
         <run_address>0x4251</run_address>
         <size>0xf6</size>
         <input_file_ref idref="fl-136"/>
      </object_component>
      <object_component id="oc-133">
         <name>.debug_info</name>
         <load_address>0x4347</load_address>
         <run_address>0x4347</run_address>
         <size>0x202</size>
         <input_file_ref idref="fl-136"/>
      </object_component>
      <object_component id="oc-a4">
         <name>.debug_info</name>
         <load_address>0x4549</load_address>
         <run_address>0x4549</run_address>
         <size>0x149</size>
         <input_file_ref idref="fl-137"/>
      </object_component>
      <object_component id="oc-65">
         <name>.debug_info</name>
         <load_address>0x4692</load_address>
         <run_address>0x4692</run_address>
         <size>0x14a</size>
         <input_file_ref idref="fl-137"/>
      </object_component>
      <object_component id="oc-12d">
         <name>.debug_info</name>
         <load_address>0x47dc</load_address>
         <run_address>0x47dc</run_address>
         <size>0x5e</size>
         <input_file_ref idref="fl-137"/>
      </object_component>
      <object_component id="oc-9c">
         <name>.debug_info</name>
         <load_address>0x483a</load_address>
         <run_address>0x483a</run_address>
         <size>0x2a0</size>
         <input_file_ref idref="fl-138"/>
      </object_component>
      <object_component id="oc-62">
         <name>.debug_info</name>
         <load_address>0x4ada</load_address>
         <run_address>0x4ada</run_address>
         <size>0x15a</size>
         <input_file_ref idref="fl-138"/>
      </object_component>
      <object_component id="oc-b9">
         <name>.debug_info</name>
         <load_address>0x4c34</load_address>
         <run_address>0x4c34</run_address>
         <size>0x39</size>
         <input_file_ref idref="fl-138"/>
      </object_component>
      <object_component id="oc-be">
         <name>.debug_info</name>
         <load_address>0x4c6d</load_address>
         <run_address>0x4c6d</run_address>
         <size>0xcd</size>
         <input_file_ref idref="fl-138"/>
      </object_component>
      <object_component id="oc-b6">
         <name>.debug_info</name>
         <load_address>0x4d3a</load_address>
         <run_address>0x4d3a</run_address>
         <size>0x1c3</size>
         <input_file_ref idref="fl-139"/>
      </object_component>
      <object_component id="oc-98">
         <name>.debug_info</name>
         <load_address>0x4efd</load_address>
         <run_address>0x4efd</run_address>
         <size>0x17f</size>
         <input_file_ref idref="fl-139"/>
      </object_component>
      <object_component id="oc-142">
         <name>.debug_info</name>
         <load_address>0x507c</load_address>
         <run_address>0x507c</run_address>
         <size>0x2c</size>
         <input_file_ref idref="fl-139"/>
      </object_component>
      <object_component id="oc-1ad">
         <name>.debug_info</name>
         <load_address>0x50a8</load_address>
         <run_address>0x50a8</run_address>
         <size>0x232</size>
         <input_file_ref idref="fl-13a"/>
      </object_component>
      <object_component id="oc-1fc">
         <name>.debug_info</name>
         <load_address>0x52da</load_address>
         <run_address>0x52da</run_address>
         <size>0x169</size>
         <input_file_ref idref="fl-13a"/>
      </object_component>
      <object_component id="oc-1ff">
         <name>.debug_info</name>
         <load_address>0x5443</load_address>
         <run_address>0x5443</run_address>
         <size>0x16b</size>
         <input_file_ref idref="fl-13a"/>
      </object_component>
      <object_component id="oc-192">
         <name>.debug_info</name>
         <load_address>0x55ae</load_address>
         <run_address>0x55ae</run_address>
         <size>0x2a7</size>
         <input_file_ref idref="fl-13a"/>
      </object_component>
      <object_component id="oc-1ef">
         <name>.debug_info</name>
         <load_address>0x5855</load_address>
         <run_address>0x5855</run_address>
         <size>0x2b7</size>
         <input_file_ref idref="fl-13a"/>
      </object_component>
      <object_component id="oc-18c">
         <name>.debug_info</name>
         <load_address>0x5b0c</load_address>
         <run_address>0x5b0c</run_address>
         <size>0x31a</size>
         <input_file_ref idref="fl-13a"/>
      </object_component>
      <object_component id="oc-180">
         <name>.debug_info</name>
         <load_address>0x5e26</load_address>
         <run_address>0x5e26</run_address>
         <size>0x2bb</size>
         <input_file_ref idref="fl-13a"/>
      </object_component>
      <object_component id="oc-17a">
         <name>.debug_info</name>
         <load_address>0x60e1</load_address>
         <run_address>0x60e1</run_address>
         <size>0x2b9</size>
         <input_file_ref idref="fl-13a"/>
      </object_component>
      <object_component id="oc-14f">
         <name>.debug_info</name>
         <load_address>0x639a</load_address>
         <run_address>0x639a</run_address>
         <size>0x27f</size>
         <input_file_ref idref="fl-13a"/>
      </object_component>
      <object_component id="oc-186">
         <name>.debug_info</name>
         <load_address>0x6619</load_address>
         <run_address>0x6619</run_address>
         <size>0x349</size>
         <input_file_ref idref="fl-13a"/>
      </object_component>
      <object_component id="oc-19b">
         <name>.debug_info</name>
         <load_address>0x6962</load_address>
         <run_address>0x6962</run_address>
         <size>0x282</size>
         <input_file_ref idref="fl-13a"/>
      </object_component>
      <object_component id="oc-e2">
         <name>.debug_info</name>
         <load_address>0x6be4</load_address>
         <run_address>0x6be4</run_address>
         <size>0x2bf</size>
         <input_file_ref idref="fl-13a"/>
      </object_component>
      <object_component id="oc-10c">
         <name>.debug_info</name>
         <load_address>0x6ea3</load_address>
         <run_address>0x6ea3</run_address>
         <size>0x283</size>
         <input_file_ref idref="fl-13a"/>
      </object_component>
      <object_component id="oc-dc">
         <name>.debug_info</name>
         <load_address>0x7126</load_address>
         <run_address>0x7126</run_address>
         <size>0x2ec</size>
         <input_file_ref idref="fl-13a"/>
      </object_component>
      <object_component id="oc-ee">
         <name>.debug_info</name>
         <load_address>0x7412</load_address>
         <run_address>0x7412</run_address>
         <size>0x293</size>
         <input_file_ref idref="fl-13a"/>
      </object_component>
      <object_component id="oc-e8">
         <name>.debug_info</name>
         <load_address>0x76a5</load_address>
         <run_address>0x76a5</run_address>
         <size>0x291</size>
         <input_file_ref idref="fl-13a"/>
      </object_component>
      <object_component id="oc-206">
         <name>.debug_info</name>
         <load_address>0x7936</load_address>
         <run_address>0x7936</run_address>
         <size>0x210</size>
         <input_file_ref idref="fl-13b"/>
      </object_component>
      <object_component id="oc-208">
         <name>.debug_info</name>
         <load_address>0x7b46</load_address>
         <run_address>0x7b46</run_address>
         <size>0x212</size>
         <input_file_ref idref="fl-13b"/>
      </object_component>
      <object_component id="oc-203">
         <name>.debug_info</name>
         <load_address>0x7d58</load_address>
         <run_address>0x7d58</run_address>
         <size>0x159</size>
         <input_file_ref idref="fl-13b"/>
      </object_component>
      <object_component id="oc-1a4">
         <name>.debug_info</name>
         <load_address>0x7eb1</load_address>
         <run_address>0x7eb1</run_address>
         <size>0x2c5</size>
         <input_file_ref idref="fl-13b"/>
      </object_component>
      <object_component id="oc-c5">
         <name>.debug_info</name>
         <load_address>0x8176</load_address>
         <run_address>0x8176</run_address>
         <size>0x242</size>
         <input_file_ref idref="fl-13b"/>
      </object_component>
      <object_component id="oc-1a7">
         <name>.debug_info</name>
         <load_address>0x83b8</load_address>
         <run_address>0x83b8</run_address>
         <size>0x26c</size>
         <input_file_ref idref="fl-13b"/>
      </object_component>
      <object_component id="oc-16c">
         <name>.debug_info</name>
         <load_address>0x8624</load_address>
         <run_address>0x8624</run_address>
         <size>0x281</size>
         <input_file_ref idref="fl-13c"/>
      </object_component>
      <object_component id="oc-163">
         <name>.debug_info</name>
         <load_address>0x88a5</load_address>
         <run_address>0x88a5</run_address>
         <size>0x14f</size>
         <input_file_ref idref="fl-13c"/>
      </object_component>
      <object_component id="oc-166">
         <name>.debug_info</name>
         <load_address>0x89f4</load_address>
         <run_address>0x89f4</run_address>
         <size>0x15b</size>
         <input_file_ref idref="fl-13c"/>
      </object_component>
      <object_component id="oc-1db">
         <name>.debug_info</name>
         <load_address>0x8b4f</load_address>
         <run_address>0x8b4f</run_address>
         <size>0x155</size>
         <input_file_ref idref="fl-13c"/>
      </object_component>
      <object_component id="oc-169">
         <name>.debug_info</name>
         <load_address>0x8ca4</load_address>
         <run_address>0x8ca4</run_address>
         <size>0x162</size>
         <input_file_ref idref="fl-13c"/>
      </object_component>
      <object_component id="oc-16e">
         <name>.debug_info</name>
         <load_address>0x8e06</load_address>
         <run_address>0x8e06</run_address>
         <size>0x283</size>
         <input_file_ref idref="fl-13c"/>
      </object_component>
      <object_component id="oc-174">
         <name>.debug_info</name>
         <load_address>0x9089</load_address>
         <run_address>0x9089</run_address>
         <size>0x281</size>
         <input_file_ref idref="fl-13c"/>
      </object_component>
      <object_component id="oc-157">
         <name>.debug_info</name>
         <load_address>0x930a</load_address>
         <run_address>0x930a</run_address>
         <size>0x274</size>
         <input_file_ref idref="fl-13c"/>
      </object_component>
      <object_component id="oc-15d">
         <name>.debug_info</name>
         <load_address>0x957e</load_address>
         <run_address>0x957e</run_address>
         <size>0x2be</size>
         <input_file_ref idref="fl-13c"/>
      </object_component>
      <object_component id="oc-d0">
         <name>.debug_info</name>
         <load_address>0x983c</load_address>
         <run_address>0x983c</run_address>
         <size>0x4d3</size>
         <input_file_ref idref="fl-13c"/>
      </object_component>
      <object_component id="oc-1e7">
         <name>.debug_info</name>
         <load_address>0x9d0f</load_address>
         <run_address>0x9d0f</run_address>
         <size>0x5f</size>
         <input_file_ref idref="fl-13c"/>
      </object_component>
      <object_component id="oc-1b2">
         <name>.debug_info</name>
         <load_address>0x9d6e</load_address>
         <run_address>0x9d6e</run_address>
         <size>0x19f</size>
         <input_file_ref idref="fl-13d"/>
      </object_component>
      <object_component id="oc-f4">
         <name>.debug_info</name>
         <load_address>0x9f0d</load_address>
         <run_address>0x9f0d</run_address>
         <size>0x265</size>
         <input_file_ref idref="fl-13d"/>
      </object_component>
      <object_component id="oc-fa">
         <name>.debug_info</name>
         <load_address>0xa172</load_address>
         <run_address>0xa172</run_address>
         <size>0x27b</size>
         <input_file_ref idref="fl-13d"/>
      </object_component>
      <object_component id="oc-101">
         <name>.debug_info</name>
         <load_address>0xa3ed</load_address>
         <run_address>0xa3ed</run_address>
         <size>0x22b</size>
         <input_file_ref idref="fl-13d"/>
      </object_component>
      <object_component id="oc-107">
         <name>.debug_info</name>
         <load_address>0xa618</load_address>
         <run_address>0xa618</run_address>
         <size>0x225</size>
         <input_file_ref idref="fl-13d"/>
      </object_component>
      <object_component id="oc-148">
         <name>.debug_info</name>
         <load_address>0xa83d</load_address>
         <run_address>0xa83d</run_address>
         <size>0x216</size>
         <input_file_ref idref="fl-13e"/>
      </object_component>
      <object_component id="oc-243">
         <name>.debug_info</name>
         <load_address>0xaa53</load_address>
         <run_address>0xaa53</run_address>
         <size>0xb2</size>
      </object_component>
      <object_component id="oc-1fa">
         <name>.debug_line</name>
         <load_address>0x0</load_address>
         <run_address>0x0</run_address>
         <size>0xde</size>
         <input_file_ref idref="fl-2"/>
      </object_component>
      <object_component id="oc-1bc">
         <name>.debug_line</name>
         <load_address>0xde</load_address>
         <run_address>0xde</run_address>
         <size>0x32</size>
         <input_file_ref idref="fl-2"/>
      </object_component>
      <object_component id="oc-1ba">
         <name>.debug_line</name>
         <load_address>0x110</load_address>
         <run_address>0x110</run_address>
         <size>0x32</size>
         <input_file_ref idref="fl-2"/>
      </object_component>
      <object_component id="oc-da">
         <name>.debug_line</name>
         <load_address>0x142</load_address>
         <run_address>0x142</run_address>
         <size>0xb7</size>
         <input_file_ref idref="fl-2"/>
      </object_component>
      <object_component id="oc-b3">
         <name>.debug_line</name>
         <load_address>0x1f9</load_address>
         <run_address>0x1f9</run_address>
         <size>0x20</size>
         <input_file_ref idref="fl-2"/>
      </object_component>
      <object_component id="oc-7f">
         <name>.debug_line</name>
         <load_address>0x219</load_address>
         <run_address>0x219</run_address>
         <size>0x70</size>
         <input_file_ref idref="fl-2"/>
      </object_component>
      <object_component id="oc-1d1">
         <name>.debug_line</name>
         <load_address>0x289</load_address>
         <run_address>0x289</run_address>
         <size>0x32</size>
         <input_file_ref idref="fl-2"/>
      </object_component>
      <object_component id="oc-1cd">
         <name>.debug_line</name>
         <load_address>0x2bb</load_address>
         <run_address>0x2bb</run_address>
         <size>0x1c3</size>
         <input_file_ref idref="fl-3"/>
      </object_component>
      <object_component id="oc-1b8">
         <name>.debug_line</name>
         <load_address>0x47e</load_address>
         <run_address>0x47e</run_address>
         <size>0x2d</size>
         <input_file_ref idref="fl-3"/>
      </object_component>
      <object_component id="oc-1c7">
         <name>.debug_line</name>
         <load_address>0x4ab</load_address>
         <run_address>0x4ab</run_address>
         <size>0x2d</size>
         <input_file_ref idref="fl-3"/>
      </object_component>
      <object_component id="oc-a1">
         <name>.debug_line</name>
         <load_address>0x4d8</load_address>
         <run_address>0x4d8</run_address>
         <size>0x117</size>
         <input_file_ref idref="fl-3"/>
      </object_component>
      <object_component id="oc-1c2">
         <name>.debug_line</name>
         <load_address>0x5ef</load_address>
         <run_address>0x5ef</run_address>
         <size>0x2f</size>
         <input_file_ref idref="fl-3"/>
      </object_component>
      <object_component id="oc-1d9">
         <name>.debug_line</name>
         <load_address>0x61e</load_address>
         <run_address>0x61e</run_address>
         <size>0x90</size>
         <input_file_ref idref="fl-4"/>
      </object_component>
      <object_component id="oc-1be">
         <name>.debug_line</name>
         <load_address>0x6ae</load_address>
         <run_address>0x6ae</run_address>
         <size>0x2f</size>
         <input_file_ref idref="fl-4"/>
      </object_component>
      <object_component id="oc-1c5">
         <name>.debug_line</name>
         <load_address>0x6dd</load_address>
         <run_address>0x6dd</run_address>
         <size>0x2f</size>
         <input_file_ref idref="fl-4"/>
      </object_component>
      <object_component id="oc-1cb">
         <name>.debug_line</name>
         <load_address>0x70c</load_address>
         <run_address>0x70c</run_address>
         <size>0x2f</size>
         <input_file_ref idref="fl-4"/>
      </object_component>
      <object_component id="oc-1c9">
         <name>.debug_line</name>
         <load_address>0x73b</load_address>
         <run_address>0x73b</run_address>
         <size>0x2f</size>
         <input_file_ref idref="fl-4"/>
      </object_component>
      <object_component id="oc-cd">
         <name>.debug_line</name>
         <load_address>0x76a</load_address>
         <run_address>0x76a</run_address>
         <size>0x17c</size>
         <input_file_ref idref="fl-4"/>
      </object_component>
      <object_component id="oc-7a">
         <name>.debug_line</name>
         <load_address>0x8e6</load_address>
         <run_address>0x8e6</run_address>
         <size>0x20</size>
         <input_file_ref idref="fl-4"/>
      </object_component>
      <object_component id="oc-76">
         <name>.debug_line</name>
         <load_address>0x906</load_address>
         <run_address>0x906</run_address>
         <size>0x42</size>
         <input_file_ref idref="fl-5"/>
      </object_component>
      <object_component id="oc-31">
         <name>.debug_line</name>
         <load_address>0x948</load_address>
         <run_address>0x948</run_address>
         <size>0x42</size>
         <input_file_ref idref="fl-5"/>
      </object_component>
      <object_component id="oc-2e">
         <name>.debug_line</name>
         <load_address>0x98a</load_address>
         <run_address>0x98a</run_address>
         <size>0xa2</size>
         <input_file_ref idref="fl-5"/>
      </object_component>
      <object_component id="oc-25">
         <name>.debug_line</name>
         <load_address>0xa2c</load_address>
         <run_address>0xa2c</run_address>
         <size>0x52</size>
         <input_file_ref idref="fl-12d"/>
      </object_component>
      <object_component id="oc-88">
         <name>.debug_line</name>
         <load_address>0xa7e</load_address>
         <run_address>0xa7e</run_address>
         <size>0x72</size>
         <input_file_ref idref="fl-12e"/>
      </object_component>
      <object_component id="oc-13">
         <name>.debug_line</name>
         <load_address>0xaf0</load_address>
         <run_address>0xaf0</run_address>
         <size>0x55</size>
         <input_file_ref idref="fl-12e"/>
      </object_component>
      <object_component id="oc-3c">
         <name>.debug_line</name>
         <load_address>0xb45</load_address>
         <run_address>0xb45</run_address>
         <size>0x3a</size>
         <input_file_ref idref="fl-12e"/>
      </object_component>
      <object_component id="oc-85">
         <name>.debug_line</name>
         <load_address>0xb7f</load_address>
         <run_address>0xb7f</run_address>
         <size>0x72</size>
         <input_file_ref idref="fl-12e"/>
      </object_component>
      <object_component id="oc-8b">
         <name>.debug_line</name>
         <load_address>0xbf1</load_address>
         <run_address>0xbf1</run_address>
         <size>0x72</size>
         <input_file_ref idref="fl-12f"/>
      </object_component>
      <object_component id="oc-43">
         <name>.debug_line</name>
         <load_address>0xc63</load_address>
         <run_address>0xc63</run_address>
         <size>0x98</size>
         <input_file_ref idref="fl-12f"/>
      </object_component>
      <object_component id="oc-1c">
         <name>.debug_line</name>
         <load_address>0xcfb</load_address>
         <run_address>0xcfb</run_address>
         <size>0x4b</size>
         <input_file_ref idref="fl-12f"/>
      </object_component>
      <object_component id="oc-4a">
         <name>.debug_line</name>
         <load_address>0xd46</load_address>
         <run_address>0xd46</run_address>
         <size>0x39</size>
         <input_file_ref idref="fl-12f"/>
      </object_component>
      <object_component id="oc-8f">
         <name>.debug_line</name>
         <load_address>0xd7f</load_address>
         <run_address>0xd7f</run_address>
         <size>0x72</size>
         <input_file_ref idref="fl-12f"/>
      </object_component>
      <object_component id="oc-93">
         <name>.debug_line</name>
         <load_address>0xdf1</load_address>
         <run_address>0xdf1</run_address>
         <size>0x72</size>
         <input_file_ref idref="fl-130"/>
      </object_component>
      <object_component id="oc-20">
         <name>.debug_line</name>
         <load_address>0xe63</load_address>
         <run_address>0xe63</run_address>
         <size>0x4f</size>
         <input_file_ref idref="fl-130"/>
      </object_component>
      <object_component id="oc-55">
         <name>.debug_line</name>
         <load_address>0xeb2</load_address>
         <run_address>0xeb2</run_address>
         <size>0x34</size>
         <input_file_ref idref="fl-130"/>
      </object_component>
      <object_component id="oc-13f">
         <name>.debug_line</name>
         <load_address>0xee6</load_address>
         <run_address>0xee6</run_address>
         <size>0x71</size>
         <input_file_ref idref="fl-131"/>
      </object_component>
      <object_component id="oc-13d">
         <name>.debug_line</name>
         <load_address>0xf57</load_address>
         <run_address>0xf57</run_address>
         <size>0x2a</size>
         <input_file_ref idref="fl-131"/>
      </object_component>
      <object_component id="oc-6c">
         <name>.debug_line</name>
         <load_address>0xf81</load_address>
         <run_address>0xf81</run_address>
         <size>0x7a</size>
         <input_file_ref idref="fl-131"/>
      </object_component>
      <object_component id="oc-37">
         <name>.debug_line</name>
         <load_address>0xffb</load_address>
         <run_address>0xffb</run_address>
         <size>0x88</size>
         <input_file_ref idref="fl-132"/>
      </object_component>
      <object_component id="oc-50">
         <name>.debug_line</name>
         <load_address>0x1083</load_address>
         <run_address>0x1083</run_address>
         <size>0x79</size>
         <input_file_ref idref="fl-133"/>
      </object_component>
      <object_component id="oc-5a">
         <name>.debug_line</name>
         <load_address>0x10fc</load_address>
         <run_address>0x10fc</run_address>
         <size>0x40</size>
         <input_file_ref idref="fl-134"/>
      </object_component>
      <object_component id="oc-af">
         <name>.debug_line</name>
         <load_address>0x113c</load_address>
         <run_address>0x113c</run_address>
         <size>0x33</size>
         <input_file_ref idref="fl-135"/>
      </object_component>
      <object_component id="oc-1d5">
         <name>.debug_line</name>
         <load_address>0x116f</load_address>
         <run_address>0x116f</run_address>
         <size>0x20</size>
         <input_file_ref idref="fl-136"/>
      </object_component>
      <object_component id="oc-139">
         <name>.debug_line</name>
         <load_address>0x118f</load_address>
         <run_address>0x118f</run_address>
         <size>0x2b</size>
         <input_file_ref idref="fl-136"/>
      </object_component>
      <object_component id="oc-137">
         <name>.debug_line</name>
         <load_address>0x11ba</load_address>
         <run_address>0x11ba</run_address>
         <size>0x68</size>
         <input_file_ref idref="fl-136"/>
      </object_component>
      <object_component id="oc-12c">
         <name>.debug_line</name>
         <load_address>0x1222</load_address>
         <run_address>0x1222</run_address>
         <size>0x2b</size>
         <input_file_ref idref="fl-137"/>
      </object_component>
      <object_component id="oc-69">
         <name>.debug_line</name>
         <load_address>0x124d</load_address>
         <run_address>0x124d</run_address>
         <size>0x50</size>
         <input_file_ref idref="fl-137"/>
      </object_component>
      <object_component id="oc-130">
         <name>.debug_line</name>
         <load_address>0x129d</load_address>
         <run_address>0x129d</run_address>
         <size>0x2b</size>
         <input_file_ref idref="fl-137"/>
      </object_component>
      <object_component id="oc-b8">
         <name>.debug_line</name>
         <load_address>0x12c8</load_address>
         <run_address>0x12c8</run_address>
         <size>0x81</size>
         <input_file_ref idref="fl-138"/>
      </object_component>
      <object_component id="oc-5f">
         <name>.debug_line</name>
         <load_address>0x1349</load_address>
         <run_address>0x1349</run_address>
         <size>0x79</size>
         <input_file_ref idref="fl-138"/>
      </object_component>
      <object_component id="oc-bc">
         <name>.debug_line</name>
         <load_address>0x13c2</load_address>
         <run_address>0x13c2</run_address>
         <size>0x2e</size>
         <input_file_ref idref="fl-138"/>
      </object_component>
      <object_component id="oc-c1">
         <name>.debug_line</name>
         <load_address>0x13f0</load_address>
         <run_address>0x13f0</run_address>
         <size>0x73</size>
         <input_file_ref idref="fl-138"/>
      </object_component>
      <object_component id="oc-141">
         <name>.debug_line</name>
         <load_address>0x1463</load_address>
         <run_address>0x1463</run_address>
         <size>0x80</size>
         <input_file_ref idref="fl-139"/>
      </object_component>
      <object_component id="oc-9a">
         <name>.debug_line</name>
         <load_address>0x14e3</load_address>
         <run_address>0x14e3</run_address>
         <size>0x68</size>
         <input_file_ref idref="fl-139"/>
      </object_component>
      <object_component id="oc-145">
         <name>.debug_line</name>
         <load_address>0x154b</load_address>
         <run_address>0x154b</run_address>
         <size>0x2e</size>
         <input_file_ref idref="fl-139"/>
      </object_component>
      <object_component id="oc-20c">
         <name>.debug_line</name>
         <load_address>0x1579</load_address>
         <run_address>0x1579</run_address>
         <size>0x83</size>
         <input_file_ref idref="fl-13a"/>
      </object_component>
      <object_component id="oc-213">
         <name>.debug_line</name>
         <load_address>0x15fc</load_address>
         <run_address>0x15fc</run_address>
         <size>0x7e</size>
         <input_file_ref idref="fl-13a"/>
      </object_component>
      <object_component id="oc-215">
         <name>.debug_line</name>
         <load_address>0x167a</load_address>
         <run_address>0x167a</run_address>
         <size>0x7e</size>
         <input_file_ref idref="fl-13a"/>
      </object_component>
      <object_component id="oc-195">
         <name>.debug_line</name>
         <load_address>0x16f8</load_address>
         <run_address>0x16f8</run_address>
         <size>0x93</size>
         <input_file_ref idref="fl-13a"/>
      </object_component>
      <object_component id="oc-1f2">
         <name>.debug_line</name>
         <load_address>0x178b</load_address>
         <run_address>0x178b</run_address>
         <size>0x96</size>
         <input_file_ref idref="fl-13a"/>
      </object_component>
      <object_component id="oc-18f">
         <name>.debug_line</name>
         <load_address>0x1821</load_address>
         <run_address>0x1821</run_address>
         <size>0xd2</size>
         <input_file_ref idref="fl-13a"/>
      </object_component>
      <object_component id="oc-183">
         <name>.debug_line</name>
         <load_address>0x18f3</load_address>
         <run_address>0x18f3</run_address>
         <size>0x9a</size>
         <input_file_ref idref="fl-13a"/>
      </object_component>
      <object_component id="oc-17d">
         <name>.debug_line</name>
         <load_address>0x198d</load_address>
         <run_address>0x198d</run_address>
         <size>0x94</size>
         <input_file_ref idref="fl-13a"/>
      </object_component>
      <object_component id="oc-152">
         <name>.debug_line</name>
         <load_address>0x1a21</load_address>
         <run_address>0x1a21</run_address>
         <size>0x93</size>
         <input_file_ref idref="fl-13a"/>
      </object_component>
      <object_component id="oc-189">
         <name>.debug_line</name>
         <load_address>0x1ab4</load_address>
         <run_address>0x1ab4</run_address>
         <size>0xa6</size>
         <input_file_ref idref="fl-13a"/>
      </object_component>
      <object_component id="oc-19e">
         <name>.debug_line</name>
         <load_address>0x1b5a</load_address>
         <run_address>0x1b5a</run_address>
         <size>0xaa</size>
         <input_file_ref idref="fl-13a"/>
      </object_component>
      <object_component id="oc-e5">
         <name>.debug_line</name>
         <load_address>0x1c04</load_address>
         <run_address>0x1c04</run_address>
         <size>0x9a</size>
         <input_file_ref idref="fl-13a"/>
      </object_component>
      <object_component id="oc-10f">
         <name>.debug_line</name>
         <load_address>0x1c9e</load_address>
         <run_address>0x1c9e</run_address>
         <size>0x93</size>
         <input_file_ref idref="fl-13a"/>
      </object_component>
      <object_component id="oc-df">
         <name>.debug_line</name>
         <load_address>0x1d31</load_address>
         <run_address>0x1d31</run_address>
         <size>0x9a</size>
         <input_file_ref idref="fl-13a"/>
      </object_component>
      <object_component id="oc-f1">
         <name>.debug_line</name>
         <load_address>0x1dcb</load_address>
         <run_address>0x1dcb</run_address>
         <size>0x93</size>
         <input_file_ref idref="fl-13a"/>
      </object_component>
      <object_component id="oc-eb">
         <name>.debug_line</name>
         <load_address>0x1e5e</load_address>
         <run_address>0x1e5e</run_address>
         <size>0x93</size>
         <input_file_ref idref="fl-13a"/>
      </object_component>
      <object_component id="oc-219">
         <name>.debug_line</name>
         <load_address>0x1ef1</load_address>
         <run_address>0x1ef1</run_address>
         <size>0x7d</size>
         <input_file_ref idref="fl-13b"/>
      </object_component>
      <object_component id="oc-21b">
         <name>.debug_line</name>
         <load_address>0x1f6e</load_address>
         <run_address>0x1f6e</run_address>
         <size>0x83</size>
         <input_file_ref idref="fl-13b"/>
      </object_component>
      <object_component id="oc-217">
         <name>.debug_line</name>
         <load_address>0x1ff1</load_address>
         <run_address>0x1ff1</run_address>
         <size>0x83</size>
         <input_file_ref idref="fl-13b"/>
      </object_component>
      <object_component id="oc-1a1">
         <name>.debug_line</name>
         <load_address>0x2074</load_address>
         <run_address>0x2074</run_address>
         <size>0xb0</size>
         <input_file_ref idref="fl-13b"/>
      </object_component>
      <object_component id="oc-c4">
         <name>.debug_line</name>
         <load_address>0x2124</load_address>
         <run_address>0x2124</run_address>
         <size>0x98</size>
         <input_file_ref idref="fl-13b"/>
      </object_component>
      <object_component id="oc-1ab">
         <name>.debug_line</name>
         <load_address>0x21bc</load_address>
         <run_address>0x21bc</run_address>
         <size>0xc3</size>
         <input_file_ref idref="fl-13b"/>
      </object_component>
      <object_component id="oc-1e6">
         <name>.debug_line</name>
         <load_address>0x227f</load_address>
         <run_address>0x227f</run_address>
         <size>0x140</size>
         <input_file_ref idref="fl-13c"/>
      </object_component>
      <object_component id="oc-1e0">
         <name>.debug_line</name>
         <load_address>0x23bf</load_address>
         <run_address>0x23bf</run_address>
         <size>0x80</size>
         <input_file_ref idref="fl-13c"/>
      </object_component>
      <object_component id="oc-1e2">
         <name>.debug_line</name>
         <load_address>0x243f</load_address>
         <run_address>0x243f</run_address>
         <size>0x80</size>
         <input_file_ref idref="fl-13c"/>
      </object_component>
      <object_component id="oc-210">
         <name>.debug_line</name>
         <load_address>0x24bf</load_address>
         <run_address>0x24bf</run_address>
         <size>0x80</size>
         <input_file_ref idref="fl-13c"/>
      </object_component>
      <object_component id="oc-1e4">
         <name>.debug_line</name>
         <load_address>0x253f</load_address>
         <run_address>0x253f</run_address>
         <size>0x80</size>
         <input_file_ref idref="fl-13c"/>
      </object_component>
      <object_component id="oc-171">
         <name>.debug_line</name>
         <load_address>0x25bf</load_address>
         <run_address>0x25bf</run_address>
         <size>0x95</size>
         <input_file_ref idref="fl-13c"/>
      </object_component>
      <object_component id="oc-177">
         <name>.debug_line</name>
         <load_address>0x2654</load_address>
         <run_address>0x2654</run_address>
         <size>0x95</size>
         <input_file_ref idref="fl-13c"/>
      </object_component>
      <object_component id="oc-15a">
         <name>.debug_line</name>
         <load_address>0x26e9</load_address>
         <run_address>0x26e9</run_address>
         <size>0x9f</size>
         <input_file_ref idref="fl-13c"/>
      </object_component>
      <object_component id="oc-160">
         <name>.debug_line</name>
         <load_address>0x2788</load_address>
         <run_address>0x2788</run_address>
         <size>0xb1</size>
         <input_file_ref idref="fl-13c"/>
      </object_component>
      <object_component id="oc-d3">
         <name>.debug_line</name>
         <load_address>0x2839</load_address>
         <run_address>0x2839</run_address>
         <size>0x197</size>
         <input_file_ref idref="fl-13c"/>
      </object_component>
      <object_component id="oc-1ea">
         <name>.debug_line</name>
         <load_address>0x29d0</load_address>
         <run_address>0x29d0</run_address>
         <size>0x80</size>
         <input_file_ref idref="fl-13c"/>
      </object_component>
      <object_component id="oc-20e">
         <name>.debug_line</name>
         <load_address>0x2a50</load_address>
         <run_address>0x2a50</run_address>
         <size>0x83</size>
         <input_file_ref idref="fl-13d"/>
      </object_component>
      <object_component id="oc-f8">
         <name>.debug_line</name>
         <load_address>0x2ad3</load_address>
         <run_address>0x2ad3</run_address>
         <size>0x96</size>
         <input_file_ref idref="fl-13d"/>
      </object_component>
      <object_component id="oc-fd">
         <name>.debug_line</name>
         <load_address>0x2b69</load_address>
         <run_address>0x2b69</run_address>
         <size>0x97</size>
         <input_file_ref idref="fl-13d"/>
      </object_component>
      <object_component id="oc-100">
         <name>.debug_line</name>
         <load_address>0x2c00</load_address>
         <run_address>0x2c00</run_address>
         <size>0x96</size>
         <input_file_ref idref="fl-13d"/>
      </object_component>
      <object_component id="oc-106">
         <name>.debug_line</name>
         <load_address>0x2c96</load_address>
         <run_address>0x2c96</run_address>
         <size>0x93</size>
         <input_file_ref idref="fl-13d"/>
      </object_component>
      <object_component id="oc-14b">
         <name>.debug_line</name>
         <load_address>0x2d29</load_address>
         <run_address>0x2d29</run_address>
         <size>0x92</size>
         <input_file_ref idref="fl-13e"/>
      </object_component>
      <object_component id="oc-d9">
         <name>.debug_frame</name>
         <load_address>0x0</load_address>
         <run_address>0x0</run_address>
         <size>0xc3</size>
         <input_file_ref idref="fl-2"/>
      </object_component>
      <object_component id="oc-a2">
         <name>.debug_frame</name>
         <load_address>0xc3</load_address>
         <run_address>0xc3</run_address>
         <size>0xef</size>
         <input_file_ref idref="fl-3"/>
      </object_component>
      <object_component id="oc-ce">
         <name>.debug_frame</name>
         <load_address>0x1b2</load_address>
         <run_address>0x1b2</run_address>
         <size>0x13e</size>
         <input_file_ref idref="fl-4"/>
      </object_component>
      <object_component id="oc-2f">
         <name>.debug_frame</name>
         <load_address>0x2f0</load_address>
         <run_address>0x2f0</run_address>
         <size>0xb2</size>
         <input_file_ref idref="fl-5"/>
      </object_component>
      <object_component id="oc-14">
         <name>.debug_frame</name>
         <load_address>0x3a2</load_address>
         <run_address>0x3a2</run_address>
         <size>0x7f</size>
         <input_file_ref idref="fl-12e"/>
      </object_component>
      <object_component id="oc-44">
         <name>.debug_frame</name>
         <load_address>0x421</load_address>
         <run_address>0x421</run_address>
         <size>0x8e</size>
         <input_file_ref idref="fl-12f"/>
      </object_component>
      <object_component id="oc-1d">
         <name>.debug_frame</name>
         <load_address>0x4af</load_address>
         <run_address>0x4af</run_address>
         <size>0x7f</size>
         <input_file_ref idref="fl-12f"/>
      </object_component>
      <object_component id="oc-1f">
         <name>.debug_frame</name>
         <load_address>0x52e</load_address>
         <run_address>0x52e</run_address>
         <size>0x7f</size>
         <input_file_ref idref="fl-130"/>
      </object_component>
      <object_component id="oc-6d">
         <name>.debug_frame</name>
         <load_address>0x5ad</load_address>
         <run_address>0x5ad</run_address>
         <size>0xb3</size>
         <input_file_ref idref="fl-131"/>
      </object_component>
      <object_component id="oc-59">
         <name>.debug_frame</name>
         <load_address>0x660</load_address>
         <run_address>0x660</run_address>
         <size>0x7f</size>
         <input_file_ref idref="fl-134"/>
      </object_component>
      <object_component id="oc-136">
         <name>.debug_frame</name>
         <load_address>0x6df</load_address>
         <run_address>0x6df</run_address>
         <size>0xa1</size>
         <input_file_ref idref="fl-136"/>
      </object_component>
      <object_component id="oc-68">
         <name>.debug_frame</name>
         <load_address>0x780</load_address>
         <run_address>0x780</run_address>
         <size>0x7f</size>
         <input_file_ref idref="fl-137"/>
      </object_component>
      <object_component id="oc-60">
         <name>.debug_frame</name>
         <load_address>0x7ff</load_address>
         <run_address>0x7ff</run_address>
         <size>0x8a</size>
         <input_file_ref idref="fl-138"/>
      </object_component>
      <object_component id="oc-96">
         <name>.debug_frame</name>
         <load_address>0x889</load_address>
         <run_address>0x889</run_address>
         <size>0x8e</size>
         <input_file_ref idref="fl-139"/>
      </object_component>
      <object_component id="oc-196">
         <name>.debug_frame</name>
         <load_address>0x917</load_address>
         <run_address>0x917</run_address>
         <size>0x7f</size>
         <input_file_ref idref="fl-13a"/>
      </object_component>
      <object_component id="oc-1f3">
         <name>.debug_frame</name>
         <load_address>0x996</load_address>
         <run_address>0x996</run_address>
         <size>0x7f</size>
         <input_file_ref idref="fl-13a"/>
      </object_component>
      <object_component id="oc-190">
         <name>.debug_frame</name>
         <load_address>0xa15</load_address>
         <run_address>0xa15</run_address>
         <size>0x8f</size>
         <input_file_ref idref="fl-13a"/>
      </object_component>
      <object_component id="oc-184">
         <name>.debug_frame</name>
         <load_address>0xaa4</load_address>
         <run_address>0xaa4</run_address>
         <size>0x8a</size>
         <input_file_ref idref="fl-13a"/>
      </object_component>
      <object_component id="oc-17e">
         <name>.debug_frame</name>
         <load_address>0xb2e</load_address>
         <run_address>0xb2e</run_address>
         <size>0x86</size>
         <input_file_ref idref="fl-13a"/>
      </object_component>
      <object_component id="oc-153">
         <name>.debug_frame</name>
         <load_address>0xbb4</load_address>
         <run_address>0xbb4</run_address>
         <size>0x7f</size>
         <input_file_ref idref="fl-13a"/>
      </object_component>
      <object_component id="oc-18a">
         <name>.debug_frame</name>
         <load_address>0xc33</load_address>
         <run_address>0xc33</run_address>
         <size>0x8f</size>
         <input_file_ref idref="fl-13a"/>
      </object_component>
      <object_component id="oc-19f">
         <name>.debug_frame</name>
         <load_address>0xcc2</load_address>
         <run_address>0xcc2</run_address>
         <size>0x7f</size>
         <input_file_ref idref="fl-13a"/>
      </object_component>
      <object_component id="oc-e6">
         <name>.debug_frame</name>
         <load_address>0xd41</load_address>
         <run_address>0xd41</run_address>
         <size>0x7f</size>
         <input_file_ref idref="fl-13a"/>
      </object_component>
      <object_component id="oc-110">
         <name>.debug_frame</name>
         <load_address>0xdc0</load_address>
         <run_address>0xdc0</run_address>
         <size>0x7f</size>
         <input_file_ref idref="fl-13a"/>
      </object_component>
      <object_component id="oc-e0">
         <name>.debug_frame</name>
         <load_address>0xe3f</load_address>
         <run_address>0xe3f</run_address>
         <size>0x8a</size>
         <input_file_ref idref="fl-13a"/>
      </object_component>
      <object_component id="oc-f2">
         <name>.debug_frame</name>
         <load_address>0xec9</load_address>
         <run_address>0xec9</run_address>
         <size>0x7f</size>
         <input_file_ref idref="fl-13a"/>
      </object_component>
      <object_component id="oc-ec">
         <name>.debug_frame</name>
         <load_address>0xf48</load_address>
         <run_address>0xf48</run_address>
         <size>0x7f</size>
         <input_file_ref idref="fl-13a"/>
      </object_component>
      <object_component id="oc-1a2">
         <name>.debug_frame</name>
         <load_address>0xfc7</load_address>
         <run_address>0xfc7</run_address>
         <size>0x8e</size>
         <input_file_ref idref="fl-13b"/>
      </object_component>
      <object_component id="oc-c8">
         <name>.debug_frame</name>
         <load_address>0x1055</load_address>
         <run_address>0x1055</run_address>
         <size>0x86</size>
         <input_file_ref idref="fl-13b"/>
      </object_component>
      <object_component id="oc-1aa">
         <name>.debug_frame</name>
         <load_address>0x10db</load_address>
         <run_address>0x10db</run_address>
         <size>0x7f</size>
         <input_file_ref idref="fl-13b"/>
      </object_component>
      <object_component id="oc-172">
         <name>.debug_frame</name>
         <load_address>0x115a</load_address>
         <run_address>0x115a</run_address>
         <size>0x7f</size>
         <input_file_ref idref="fl-13c"/>
      </object_component>
      <object_component id="oc-178">
         <name>.debug_frame</name>
         <load_address>0x11d9</load_address>
         <run_address>0x11d9</run_address>
         <size>0x7f</size>
         <input_file_ref idref="fl-13c"/>
      </object_component>
      <object_component id="oc-15b">
         <name>.debug_frame</name>
         <load_address>0x1258</load_address>
         <run_address>0x1258</run_address>
         <size>0x7f</size>
         <input_file_ref idref="fl-13c"/>
      </object_component>
[...]
            <logical_group_ref idref="lg-6"/>
         </contents>
      </load_segment>
      <load_segment id="lg-24a" display="no" color="cyan">
         <name>SEGMENT_1</name>
         <run_address>0x20000000</run_address>
         <size>0x69c</size>
         <flags>0x6</flags>
         <contents>
            <logical_group_ref idref="lg-9"/>
            <logical_group_ref idref="lg-d"/>
            <logical_group_ref idref="lg-a"/>
            <logical_group_ref idref="lg-b"/>
         </contents>
      </load_segment>
   </logical_group_list>
   <placement_map>
      <memory_area display="yes" color="green">
         <name>FLASH</name>
         <page_id>0x0</page_id>
         <origin>0x0</origin>
         <length>0x100000</length>
         <used_space>0x1994</used_space>
         <unused_space>0xfe66c</unused_space>
         <attributes>RX</attributes>
         <usage_details>
            <allocated_space>
               <start_address>0x0</start_address>
               <size>0x208</size>
               <logical_group_ref idref="lg-3"/>
            </allocated_space>
            <allocated_space>
               <start_address>0x208</start_address>
               <size>0x1296</size>
               <logical_group_ref idref="lg-4"/>
            </allocated_space>
            <available_space>
               <start_address>0x149e</start_address>
               <size>0x2</size>
            </available_space>
            <allocated_space>
               <start_address>0x14a0</start_address>
               <size>0x3b6</size>
               <logical_group_ref idref="lg-5"/>
            </allocated_space>
            <available_space>
               <start_address>0x1856</start_address>
               <size>0x2</size>
            </available_space>
            <allocated_space>
               <start_address>0x1858</start_address>
               <size>0x140</size>
               <logical_group_ref idref="lg-6"/>
            </allocated_space>
            <available_space>
               <start_address>0x1998</start_address>
               <size>0xfe668</size>
            </available_space>
         </usage_details>
      </memory_area>
      <memory_area display="yes" color="green">
         <name>SRAM</name>
         <page_id>0x0</page_id>
         <origin>0x20000000</origin>
         <length>0x40000</length>
         <used_space>0x69c</used_space>
         <unused_space>0x3f964</unused_space>
         <attributes>RWX</attributes>
         <usage_details>
            <allocated_space>
               <start_address>0x20000000</start_address>
               <size>0x26c</size>
               <logical_group_ref idref="lg-9"/>
            </allocated_space>
            <allocated_space>
               <start_address>0x2000026c</start_address>
               <size>0x200</size>
               <logical_group_ref idref="lg-d"/>
            </allocated_space>
            <allocated_space>
               <start_address>0x2000046c</start_address>
               <size>0x140</size>
               <logical_group_ref idref="lg-21e"/>
            </allocated_space>
            <allocated_space>
               <start_address>0x200005ac</start_address>
               <size>0xf0</size>
               <logical_group_ref idref="lg-21c"/>
            </allocated_space>
            <available_space>
               <start_address>0x2000069c</start_address>
               <size>0x3f964</size>
            </available_space>
         </usage_details>
      </memory_area>
   </placement_map>
   <cptbl_list>
      <cptbl>
         <name>__TI_cinit_table</name>
         <cprec>
            <name>.data</name>
            <load_address>0x1858</load_address>
            <load_size>0x10c</load_size>
            <run_address>0x2000046c</run_address>
            <run_size>0x140</run_size>
            <compression>rle</compression>
         </cprec>
         <cprec>
            <name>.bss</name>
            <load_address>0x1970</load_address>
            <load_size>0x8</load_size>
            <run_address>0x200005ac</run_address>
            <run_size>0xf0</run_size>
            <compression>zero_init</compression>
         </cprec>
         <cprec>
            <name>.vtable</name>
            <load_address>0x1978</load_address>
            <load_size>0x8</load_size>
            <run_address>0x20000000</run_address>
            <run_size>0x26c</run_size>
            <compression>zero_init</compression>
         </cprec>
      </cptbl>
   </cptbl_list>
   <handler_table>
      <handler_table_name>__TI_handler_table</handler_table_name>
      <handler>
         <index>0x0</index>
         <name>__TI_zero_init</name>
      </handler>
      <handler>
         <index>0x1</index>
         <name>__TI_decompress_rle24</name>
      </handler>
      <handler>
         <index>0x2</index>
         <name>__TI_decompress_none</name>
      </handler>
   </handler_table>
   <symbol_table>
      <symbol id="sm-1">
         <name>__STACK_TOP</name>
         <value>0x2000046c</value>
      </symbol>
      <symbol id="sm-2">
         <name>__TI_CINIT_Base</name>
         <value>0x1980</value>
      </symbol>
      <symbol id="sm-3">
         <name>__TI_CINIT_Limit</name>
         <value>0x1998</value>
      </symbol>
      <symbol id="sm-4">
         <name>__TI_Handler_Table_Base</name>
         <value>0x1964</value>
      </symbol>
      <symbol id="sm-5">
         <name>__TI_Handler_Table_Limit</name>
         <value>0x1970</value>
      </symbol>
      <symbol id="sm-6">
         <name>binit</name>
         <value>0xffffffff</value>
      </symbol>
      <symbol id="sm-7">
         <name>__binit__</name>
         <value>0xffffffff</value>
      </symbol>
      <symbol id="sm-8">
         <name>__STACK_SIZE</name>
         <value>0x200</value>
      </symbol>
      <symbol id="sm-9">
         <name>__STACK_END</name>
         <value>0x2000046c</value>
      </symbol>
      <symbol id="sm-a">
         <name>__c_args__</name>
         <value>0xffffffff</value>
      </symbol>
      <symbol id="sm-50">
         <name>buttons</name>
         <value>0x2000055c</value>
         <object_component_ref idref="oc-114"/>
      </symbol>
      <symbol id="sm-51">
         <name>ms_delay</name>
         <value>0xd9d</value>
         <object_component_ref idref="oc-d5"/>
      </symbol>
      <symbol id="sm-52">
         <name>udef_GPIO_Pin_set_function</name>
         <value>0xc93</value>
         <object_component_ref idref="oc-d5"/>
      </symbol>
      <symbol id="sm-53">
         <name>leds</name>
         <value>0x2000051c</value>
         <object_component_ref idref="oc-117"/>
      </symbol>
      <symbol id="sm-54">
         <name>GPIO_Pin_write</name>
         <value>0xd85</value>
         <object_component_ref idref="oc-d5"/>
      </symbol>
      <symbol id="sm-ae">
         <name>ISR_SystickHandler</name>
         <value>0x77d</value>
         <object_component_ref idref="oc-9d"/>
      </symbol>
      <symbol id="sm-af">
         <name>initinterrupts</name>
         <value>0x6bd</value>
         <object_component_ref idref="oc-9d"/>
      </symbol>
      <symbol id="sm-b0">
         <name>main</name>
         <value>0x601</value>
         <object_component_ref idref="oc-9d"/>
      </symbol>
      <symbol id="sm-b1">
         <name>inithardware</name>
         <value>0x63d</value>
         <object_component_ref idref="oc-9d"/>
      </symbol>
      <symbol id="sm-b2">
         <name>gui32_SysClock</name>
         <value>0x2000057c</value>
         <object_component_ref idref="oc-111"/>
      </symbol>
      <symbol id="sm-b3">
         <name>ISR_gpioUsrSW</name>
         <value>0x721</value>
         <object_component_ref idref="oc-9d"/>
      </symbol>
      <symbol id="sm-113">
         <name>changeActualMove</name>
         <value>0x399</value>
         <object_component_ref idref="oc-c9"/>
      </symbol>
      <symbol id="sm-114">
         <name>addMove</name>
         <value>0x2c7</value>
         <object_component_ref idref="oc-c9"/>
      </symbol>
      <symbol id="sm-115">
         <name>setMotorMode</name>
         <value>0x209</value>
         <object_component_ref idref="oc-c9"/>
      </symbol>
      <symbol id="sm-116">
         <name>gui8_actIdx2move</name>
         <value>0x2000058c</value>
         <object_component_ref idref="oc-123"/>
      </symbol>
      <symbol id="sm-117">
         <name>gui8_actualInMove</name>
         <value>0x2000058f</value>
         <object_component_ref idref="oc-123"/>
      </symbol>
      <symbol id="sm-118">
         <name>setDirection</name>
         <value>0x285</value>
         <object_component_ref idref="oc-c9"/>
      </symbol>
      <symbol id="sm-119">
         <name>gui8_actIdx2add</name>
         <value>0x2000058d</value>
         <object_component_ref idref="oc-123"/>
      </symbol>
      <symbol id="sm-11a">
         <name>motor1</name>
         <value>0x2000046c</value>
         <object_component_ref idref="oc-11a"/>
      </symbol>
      <symbol id="sm-11b">
         <name>motor2</name>
         <value>0x200004c4</value>
         <object_component_ref idref="oc-11d"/>
      </symbol>
      <symbol id="sm-11c">
         <name>calcAngles</name>
         <value>0x579</value>
         <object_component_ref idref="oc-c9"/>
      </symbol>
      <symbol id="sm-11d">
         <name>checkIfQisFull</name>
         <value>0x2a5</value>
         <object_component_ref idref="oc-c9"/>
      </symbol>
      <symbol id="sm-11e">
         <name>makeStep</name>
         <value>0x49b</value>
         <object_component_ref idref="oc-c9"/>
      </symbol>
      <symbol id="sm-11f">
         <name>gui8_numMovesInQ</name>
         <value>0x2000058e</value>
         <object_component_ref idref="oc-123"/>
      </symbol>
      <symbol id="sm-120">
         <name>moveQ</name>
         <value>0x200005ac</value>
         <object_component_ref idref="oc-126"/>
      </symbol>
      <symbol id="sm-121">
         <name>angleM1</name>
         <value>0x20000590</value>
         <object_component_ref idref="oc-123"/>
      </symbol>
      <symbol id="sm-122">
         <name>angleM2</name>
         <value>0x20000594</value>
         <object_component_ref idref="oc-123"/>
      </symbol>
      <symbol id="sm-123">
         <name>setActualParameters</name>
         <value>0x447</value>
         <object_component_ref idref="oc-c9"/>
      </symbol>
      <symbol id="sm-13f">
         <name>ResetISR</name>
         <value>0x1471</value>
         <object_component_ref idref="oc-2a"/>
      </symbol>
      <symbol id="sm-140">
         <name>g_pfnVectors</name>
         <value>0x0</value>
         <object_component_ref idref="oc-f"/>
      </symbol>
      <symbol id="sm-152">
         <name>_c_int00</name>
         <value>0x1109</value>
         <object_component_ref idref="oc-24"/>
      </symbol>
      <symbol id="sm-153">
         <name>__stack</name>
         <value>0x2000026c</value>
         <object_component_ref idref="oc-29"/>
      </symbol>
      <symbol id="sm-16a">
         <name>__TI_decompress_none</name>
         <value>0x143f</value>
         <object_component_ref idref="oc-12"/>
      </symbol>
      <symbol id="sm-192">
         <name>__TI_decompress_rle24</name>
         <value>0x1495</value>
         <object_component_ref idref="oc-18"/>
      </symbol>
      <symbol id="sm-1a4">
         <name>__TI_zero_init</name>
         <value>0x1465</value>
         <object_component_ref idref="oc-1e"/>
      </symbol>
      <symbol id="sm-1c3">
         <name>C$$EXIT</name>
         <value>0x11ed</value>
         <object_component_ref idref="oc-6a"/>
      </symbol>
      <symbol id="sm-1c4">
         <name>abort</name>
         <value>0x11f1</value>
         <object_component_ref idref="oc-6a"/>
      </symbol>
      <symbol id="sm-1c5">
         <name>exit</name>
         <value>0x11f9</value>
         <object_component_ref idref="oc-6a"/>
      </symbol>
      <symbol id="sm-1c6">
         <name>__TI_dtors_ptr</name>
         <value>0x200005a4</value>
         <object_component_ref idref="oc-a8"/>
      </symbol>
      <symbol id="sm-1c7">
         <name>__TI_cleanup_ptr</name>
         <value>0x200005a0</value>
         <object_component_ref idref="oc-a8"/>
      </symbol>
      <symbol id="sm-1e2">
         <name>memcpy</name>
         <value>0xe5b</value>
         <object_component_ref idref="oc-33"/>
      </symbol>
      <symbol id="sm-1e3">
         <name>__aeabi_memcpy</name>
         <value>0xe5b</value>
         <object_component_ref idref="oc-33"/>
      </symbol>
      <symbol id="sm-1e4">
         <name>__aeabi_memcpy8</name>
         <value>0xe5b</value>
         <object_component_ref idref="oc-33"/>
      </symbol>
      <symbol id="sm-1e5">
         <name>__aeabi_memcpy4</name>
         <value>0xe5b</value>
         <object_component_ref idref="oc-33"/>
      </symbol>
      <symbol id="sm-1f4">
         <name>__aeabi_memset</name>
         <value>0xef9</value>
         <object_component_ref idref="oc-4c"/>
      </symbol>
      <symbol id="sm-1f5">
         <name>memset</name>
         <value>0xeff</value>
         <object_component_ref idref="oc-4c"/>
      </symbol>
      <symbol id="sm-1f6">
         <name>__aeabi_memset8</name>
         <value>0xef9</value>
         <object_component_ref idref="oc-4c"/>
      </symbol>
      <symbol id="sm-1f7">
         <name>__aeabi_memset4</name>
         <value>0xef9</value>
         <object_component_ref idref="oc-4c"/>
      </symbol>
      <symbol id="sm-1f8">
         <name>__aeabi_memclr8</name>
         <value>0xef7</value>
         <object_component_ref idref="oc-4c"/>
      </symbol>
      <symbol id="sm-1f9">
         <name>__aeabi_memclr4</name>
         <value>0xef7</value>
         <object_component_ref idref="oc-4c"/>
      </symbol>
      <symbol id="sm-1fa">
         <name>__aeabi_memclr</name>
         <value>0xef7</value>
         <object_component_ref idref="oc-4c"/>
      </symbol>
      <symbol id="sm-204">
         <name>_system_pre_init</name>
         <value>0x149b</value>
         <object_component_ref idref="oc-58"/>
      </symbol>
      <symbol id="sm-20c">
         <name>main_func_sp</name>
         <value>0x200005a8</value>
         <object_component_ref idref="oc-70"/>
      </symbol>
      <symbol id="sm-225">
         <name>_nop</name>
         <value>0x13f7</value>
         <object_component_ref idref="oc-132"/>
      </symbol>
      <symbol id="sm-226">
         <name>_lock</name>
         <value>0x20000598</value>
         <object_component_ref idref="oc-a5"/>
      </symbol>
      <symbol id="sm-227">
         <name>_unlock</name>
         <value>0x2000059c</value>
         <object_component_ref idref="oc-a5"/>
      </symbol>
      <symbol id="sm-228">
         <name>_register_lock</name>
         <value>0x13ef</value>
         <object_component_ref idref="oc-132"/>
      </symbol>
      <symbol id="sm-229">
         <name>_register_unlock</name>
         <value>0x13e9</value>
         <object_component_ref idref="oc-132"/>
      </symbol>
      <symbol id="sm-23e">
         <name>_args_main</name>
         <value>0x13a9</value>
         <object_component_ref idref="oc-64"/>
      </symbol>
      <symbol id="sm-264">
         <name>__TI_auto_init</name>
         <value>0xf71</value>
         <object_component_ref idref="oc-5e"/>
      </symbol>
      <symbol id="sm-27e">
         <name>copy_in</name>
         <value>0x1159</value>
         <object_component_ref idref="oc-95"/>
      </symbol>
      <symbol id="sm-305">
         <name>GPIOIntRegister</name>
         <value>0x1379</value>
         <object_component_ref idref="oc-db"/>
      </symbol>
      <symbol id="sm-306">
         <name>GPIOIntEnable</name>
         <value>0x1459</value>
         <object_component_ref idref="oc-ed"/>
      </symbol>
      <symbol id="sm-307">
         <name>GPIOIntTypeSet</name>
         <value>0x10b1</value>
         <object_component_ref idref="oc-e1"/>
      </symbol>
      <symbol id="sm-308">
         <name>GPIOPinTypeGPIOInput</name>
         <value>0x13fd</value>
         <object_component_ref idref="oc-179"/>
      </symbol>
      <symbol id="sm-309">
         <name>GPIOPadConfigGet</name>
         <value>0xdb7</value>
         <object_component_ref idref="oc-185"/>
      </symbol>
      <symbol id="sm-30a">
         <name>GPIOIntClear</name>
         <value>0x147d</value>
         <object_component_ref idref="oc-e7"/>
      </symbol>
      <symbol id="sm-30b">
         <name>GPIOIntStatus</name>
         <value>0x1431</value>
         <object_component_ref idref="oc-10b"/>
      </symbol>
      <symbol id="sm-30c">
         <name>GPIOPinTypeGPIOOutput</name>
         <value>0x1391</value>
         <object_component_ref idref="oc-17f"/>
      </symbol>
      <symbol id="sm-30d">
         <name>GPIOPinRead</name>
         <value>0x1483</value>
         <object_component_ref idref="oc-14e"/>
      </symbol>
      <symbol id="sm-30e">
         <name>GPIODirModeSet</name>
         <value>0x1311</value>
         <object_component_ref idref="oc-1ee"/>
      </symbol>
      <symbol id="sm-30f">
         <name>GPIOPinWrite</name>
         <value>0x1489</value>
         <object_component_ref idref="oc-191"/>
      </symbol>
      <symbol id="sm-310">
         <name>GPIOPadConfigSet</name>
         <value>0xb61</value>
         <object_component_ref idref="oc-18b"/>
      </symbol>
      <symbol id="sm-352">
         <name>IntEnable</name>
         <value>0x1049</value>
         <object_component_ref idref="oc-1a6"/>
      </symbol>
      <symbol id="sm-353">
         <name>IntRegister</name>
         <value>0x12a9</value>
         <object_component_ref idref="oc-1a0"/>
      </symbol>
      <symbol id="sm-354">
         <name>g_pfnRAMVectors</name>
         <value>0x20000000</value>
         <object_component_ref idref="oc-202"/>
      </symbol>
      <symbol id="sm-355">
         <name>IntMasterEnable</name>
         <value>0x140f</value>
         <object_component_ref idref="oc-c3"/>
      </symbol>
      <symbol id="sm-3d1">
         <name>SysCtlDelay</name>
         <value>0x148f</value>
         <object_component_ref idref="oc-197"/>
      </symbol>
      <symbol id="sm-3d2">
         <name>SysCtlPeripheralEnable</name>
         <value>0x12dd</value>
         <object_component_ref idref="oc-173"/>
      </symbol>
      <symbol id="sm-3d3">
         <name>SysCtlPeripheralReady</name>
         <value>0x1271</value>
         <object_component_ref idref="oc-16d"/>
      </symbol>
      <symbol id="sm-3d4">
         <name>SysCtlClockFreqSet</name>
         <value>0x95d</value>
         <object_component_ref idref="oc-cf"/>
      </symbol>
      <symbol id="sm-401">
         <name>SysTickEnable</name>
         <value>0x13c1</value>
         <object_component_ref idref="oc-105"/>
      </symbol>
      <symbol id="sm-402">
         <name>SysTickIntRegister</name>
         <value>0x135d</value>
         <object_component_ref idref="oc-f9"/>
      </symbol>
      <symbol id="sm-403">
         <name>SysTickIntEnable</name>
         <value>0x13d5</value>
         <object_component_ref idref="oc-ff"/>
      </symbol>
      <symbol id="sm-404">
         <name>SysTickPeriodSet</name>
         <value>0x1421</value>
         <object_component_ref idref="oc-f3"/>
      </symbol>
      <symbol id="sm-40e">
         <name>CPUcpsie</name>
         <value>0x144d</value>
         <object_component_ref idref="oc-147"/>
      </symbol>
      <symbol id="sm-40f">
         <name>__TI_static_base__</name>
         <value>0x0</value>
      </symbol>
      <symbol id="sm-412">
         <name>SHT$$INIT_ARRAY$$Limit</name>
         <value>0x0</value>
      </symbol>
      <symbol id="sm-413">
         <name>SHT$$INIT_ARRAY$$Base</name>
         <value>0x0</value>
      </symbol>
   </symbol_table>
   <title>Link successful</title>
</link_info>
