******************************************************************************
                  TI ARM Linker PC v5.2.2                      
******************************************************************************
>> Linked Sun Jun 05 11:04:15 2016

OUTPUT FILE NAME:   <TivaWirelessKinematics.out>
ENTRY POINT SYMBOL: "_c_int00"  address: 00001015


MEMORY CONFIGURATION

         name            origin    length      used     unused   attr    fill
----------------------  --------  ---------  --------  --------  ----  --------
  FLASH                 00000000   00100000  000018a6  000fe75a  R  X
  SRAM                  20000000   00040000  000006f8  0003f908  RW X


SEGMENT ALLOCATION MAP

run origin  load origin   length   init length attrs members
----------  ----------- ---------- ----------- ----- -------
00000000    00000000    000018a8   000018a8    r-x
  00000000    00000000    00000208   00000208    r-- .intvecs
  00000208    00000208    000011a2   000011a2    r-x .text
  000013ac    000013ac    000003b4   000003b4    r-- .const
  00001760    00001760    00000148   00000148    r-- .cinit
20000000    20000000    000006f8   00000000    rw-
  20000000    20000000    0000026c   00000000    rw- .vtable
  2000026c    2000026c    00000200   00000000    rw- .stack
  2000046c    2000046c    0000014c   00000000    rw- .data
  200005b8    200005b8    00000140   00000000    rw- .bss


SECTION ALLOCATION MAP

 output                                  attributes/
section   page    origin      length       input sections
--------  ----  ----------  ----------   ----------------
.intvecs   0    00000000    00000208     
                  00000000    00000208     tm4c1294ncpdt_startup_ccs.obj (.intvecs)

.text      0    00000208    000011a2     
                  00000208    00000360     motors.obj (.text)
                  00000568    00000300     main.obj (.text)
                  00000868    00000204     driverlib.lib : sysctl.obj (.text:SysCtlClockFreqSet)
                  00000a6c    00000132                   : gpio.obj (.text:GPIOPadConfigSet)
                  00000b9e    00000124     functions.obj (.text)
                  00000cc2    000000a4     driverlib.lib : gpio.obj (.text:GPIOPadConfigGet)
                  00000d66    0000009c     rtsv7M4_T_le_v4SPD16_eabi.lib : memcpy_t2.obj (.text)
                  00000e02    0000007a                                   : memset_t2.obj (.text)
                  00000e7c    0000006c                                   : autoinit.obj (.text)
                  00000ee8    0000006a                                   : copy_decompress_rle.obj (.text)
                  00000f52    00000002     --HOLE-- [fill = 0]
                  00000f54    00000068     driverlib.lib : interrupt.obj (.text:IntEnable)
                  00000fbc    00000056                   : gpio.obj (.text:GPIOIntTypeSet)
                  00001012    00000002     --HOLE-- [fill = 0]
                  00001014    00000050     rtsv7M4_T_le_v4SPD16_eabi.lib : boot.obj (.text)
                  00001064    0000004c                                   : cpy_tbl.obj (.text)
                  000010b0    00000048     driverlib.lib : sysctl.obj (.text:_SysCtlFrequencyGet)
                  000010f8    00000044     rtsv7M4_T_le_v4SPD16_eabi.lib : exit.obj (.text)
                  0000113c    00000040     driverlib.lib : gpio.obj (.text:_GPIOIntNumberGet)
                  0000117c    00000038                   : sysctl.obj (.text:SysCtlPeripheralReady)
                  000011b4    00000034                   : interrupt.obj (.text:IntRegister)
                  000011e8    00000034                   : sysctl.obj (.text:SysCtlPeripheralEnable)
                  0000121c    0000002a                   : gpio.obj (.text:GPIODirModeSet)
                  00001246    00000002     --HOLE-- [fill = 0]
                  00001248    00000020                   : sysctl.obj (.text:_SysCtlMemTimingGet)
                  00001268    0000001c                   : systick.obj (.text:SysTickIntRegister)
                  00001284    00000018                   : gpio.obj (.text:GPIOIntRegister)
                  0000129c    00000018                   : gpio.obj (.text:GPIOPinTypeGPIOOutput)
                  000012b4    00000018     rtsv7M4_T_le_v4SPD16_eabi.lib : args_main.obj (.text)
                  000012cc    00000014     driverlib.lib : systick.obj (.text:SysTickEnable)
                  000012e0    00000014                   : systick.obj (.text:SysTickIntEnable)
                  000012f4    00000014     rtsv7M4_T_le_v4SPD16_eabi.lib : _lock.obj (.text)
                  00001308    00000012     driverlib.lib : gpio.obj (.text:GPIOPinTypeGPIOInput)
                  0000131a    00000010                   : interrupt.obj (.text:IntMasterEnable)
                  0000132a    00000002     --HOLE-- [fill = 0]
                  0000132c    00000010                   : systick.obj (.text:SysTickPeriodSet)
                  0000133c    0000000e                   : gpio.obj (.text:GPIOIntStatus)
                  0000134a    0000000e     rtsv7M4_T_le_v4SPD16_eabi.lib : copy_decompress_none.obj (.text:decompress:none)
                  00001358    0000000c     driverlib.lib : cpu.obj (.text:CPUcpsie)
                  00001364    0000000c                   : gpio.obj (.text:GPIOIntEnable)
                  00001370    0000000c     rtsv7M4_T_le_v4SPD16_eabi.lib : copy_zero_init.obj (.text:decompress:ZI)
                  0000137c    0000000c     tm4c1294ncpdt_startup_ccs.obj (.text)
                  00001388    00000006     driverlib.lib : gpio.obj (.text:GPIOIntClear)
                  0000138e    00000006                   : gpio.obj (.text:GPIOPinRead)
                  00001394    00000006                   : gpio.obj (.text:GPIOPinWrite)
                  0000139a    00000006                   : sysctl.obj (.text:SysCtlDelay)
                  000013a0    00000006     rtsv7M4_T_le_v4SPD16_eabi.lib : copy_decompress_rle.obj (.text:decompress:rle24)
                  000013a6    00000004                                   : pre_init.obj (.text)

.const     0    000013ac    000003b4     
                  000013ac    00000120     driverlib.lib : sysctl.obj (.const:g_pppui32XTALtoVCO)
                  000014cc    000000c0                   : gpio.obj (.const:g_ppui32GPIOIntMapBlizzard)
                  0000158c    000000c0                   : gpio.obj (.const:g_ppui32GPIOIntMapSnowflake)
                  0000164c    00000070                   : interrupt.obj (.const)
                  000016bc    0000006c                   : sysctl.obj (.const:g_pui32Xtals)
                  00001728    00000030                   : sysctl.obj (.const:g_sXTALtoMEMTIM)
                  00001758    00000008                   : sysctl.obj (.const)

.cinit     0    00001760    00000148     
                  00001760    0000010d     (.cinit..data.load) [load image, compression = rle]
                  0000186d    00000003     --HOLE-- [fill = 0]
                  00001870    0000000c     (__TI_handler_table)
                  0000187c    00000004     --HOLE-- [fill = 0]
                  00001880    00000008     (.cinit..bss.load) [load image, compression = zero_init]
                  00001888    00000008     (.cinit..vtable.load) [load image, compression = zero_init]
                  00001890    00000018     (__TI_cinit_table)

.init_array 
*          0    00000000    00000000     UNINITIALIZED

.vtable    0    20000000    0000026c     UNINITIALIZED
                  20000000    0000026c     driverlib.lib : interrupt.obj (.vtable)

.stack     0    2000026c    00000200     UNINITIALIZED
                  2000026c    00000200     --HOLE--

.data      0    2000046c    0000014c     UNINITIALIZED
                  2000046c    0000005c     motors.obj (.data:motor1)
                  200004c8    0000005c     motors.obj (.data:motor2)
                  20000524    00000040     functions.obj (.data:leds)
                  20000564    00000020     functions.obj (.data)
                  20000584    00000014     motors.obj (.data)
                  20000598    00000009     main.obj (.data)
                  200005a1    00000003     --HOLE--
                  200005a4    00000008     rtsv7M4_T_le_v4SPD16_eabi.lib : _lock.obj (.data)
                  200005ac    00000008                                   : exit.obj (.data)
                  200005b4    00000004                                   : stkdepth_vars.obj (.data)

.bss       0    200005b8    00000140     UNINITIALIZED
                  200005b8    00000140     motors.obj (.bss:gui32_moveQ)

.TI.persistent 
*          0    2000046c    00000000     UNINITIALIZED

.TI.noinit 
*          0    200005b8    00000000     UNINITIALIZED


LINKER GENERATED COPY TABLES

__TI_cinit_table @ 00001890 records: 3, size/record: 8, table size: 24
	.data: load addr=00001760, load size=0000010d bytes, run addr=2000046c, run size=0000014c bytes, compression=rle
	.bss: load addr=00001880, load size=00000008 bytes, run addr=200005b8, run size=00000140 bytes, compression=zero_init
	.vtable: load addr=00001888, load size=00000008 bytes, run addr=20000000, run size=0000026c bytes, compression=zero_init


LINKER GENERATED HANDLER TABLE

__TI_handler_table @ 00001870 records: 3, size/record: 4, table size: 12
	index: 0, handler: __TI_zero_init
	index: 1, handler: __TI_decompress_rle24
	index: 2, handler: __TI_decompress_none


GLOBAL SYMBOLS: SORTED ALPHABETICALLY BY Name 

address   name                      
-------   ----                      
000010f9  C$$EXIT                   
00001359  CPUcpsie                  
0000121d  GPIODirModeSet            
00001389  GPIOIntClear              
00001365  GPIOIntEnable             
00001285  GPIOIntRegister           
0000133d  GPIOIntStatus             
00000fbd  GPIOIntTypeSet            
00000cc3  GPIOPadConfigGet          
00000a6d  GPIOPadConfigSet          
0000138f  GPIOPinRead               
00001309  GPIOPinTypeGPIOInput      
0000129d  GPIOPinTypeGPIOOutput     
00001395  GPIOPinWrite              
00000c91  GPIO_Pin_write            
0000071f  ISR_SystickHandler        
000006b7  ISR_gpioUsrSW             
00000f55  IntEnable                 
0000131b  IntMasterEnable           
000011b5  IntRegister               
0000137d  ResetISR                  
UNDEFED   SHT$$INIT_ARRAY$$Base     
UNDEFED   SHT$$INIT_ARRAY$$Limit    
00000869  SysCtlClockFreqSet        
0000139b  SysCtlDelay               
000011e9  SysCtlPeripheralEnable    
0000117d  SysCtlPeripheralReady     
000012cd  SysTickEnable             
000012e1  SysTickIntEnable          
00001269  SysTickIntRegister        
0000132d  SysTickPeriodSet          
2000046c  __STACK_END               
00000200  __STACK_SIZE              
2000046c  __STACK_TOP               
00001890  __TI_CINIT_Base           
000018a8  __TI_CINIT_Limit          
00001870  __TI_Handler_Table_Base   
0000187c  __TI_Handler_Table_Limit  
00000e7d  __TI_auto_init            
200005ac  __TI_cleanup_ptr          
0000134b  __TI_decompress_none      
000013a1  __TI_decompress_rle24     
200005b0  __TI_dtors_ptr            
00000000  __TI_static_base__        
00001371  __TI_zero_init            
00000e03  __aeabi_memclr            
00000e03  __aeabi_memclr4           
00000e03  __aeabi_memclr8           
00000d67  __aeabi_memcpy            
00000d67  __aeabi_memcpy4           
00000d67  __aeabi_memcpy8           
00000e05  __aeabi_memset            
00000e05  __aeabi_memset4           
00000e05  __aeabi_memset8           
ffffffff  __binit__                 
ffffffff  __c_args__                
2000026c  __stack                   
000012b5  _args_main                
00001015  _c_int00                  
200005a4  _lock                     
00001303  _nop                      
000012fb  _register_lock            
000012f5  _register_unlock          
000013a7  _system_pre_init          
200005a8  _unlock                   
000010fd  abort                     
00000389  addMove                   
20000590  angleM1                   
20000594  angleM2                   
ffffffff  binit                     
20000564  buttons                   
00000295  calcAngles                
0000042f  changeActualMove          
000004ff  checkIfQisFull            
00001065  copy_in                   
00001105  exit                      
20000000  g_pfnRAMVectors           
00000000  g_pfnVectors              
20000598  gui32_SysClock            
20000588  gui32_actIdx2add          
20000584  gui32_actIdx2move         
200005b8  gui32_moveQ               
2000058c  gui32_numMovesInQ         
000005a5  inithardware              
00000653  initinterrupts            
20000524  leds                      
00000569  main                      
200005b4  main_func_sp              
000002d7  makeStep                  
00000d67  memcpy                    
00000e0b  memset                    
2000046c  motor1                    
200004c8  motor2                    
00000ca9  ms_delay                  
000004bb  setActualParameters       
0000027d  setDirection              
00000209  setMotorMode              
00000b9f  udef_GPIO_Pin_set_function


GLOBAL SYMBOLS: SORTED BY Symbol Address 

address   name                      
-------   ----                      
00000000  __TI_static_base__        
00000000  g_pfnVectors              
00000200  __STACK_SIZE              
00000209  setMotorMode              
0000027d  setDirection              
00000295  calcAngles                
000002d7  makeStep                  
00000389  addMove                   
0000042f  changeActualMove          
000004bb  setActualParameters       
000004ff  checkIfQisFull            
00000569  main                      
000005a5  inithardware              
00000653  initinterrupts            
000006b7  ISR_gpioUsrSW             
0000071f  ISR_SystickHandler        
00000869  SysCtlClockFreqSet        
00000a6d  GPIOPadConfigSet          
00000b9f  udef_GPIO_Pin_set_function
00000c91  GPIO_Pin_write            
00000ca9  ms_delay                  
00000cc3  GPIOPadConfigGet          
00000d67  __aeabi_memcpy            
00000d67  __aeabi_memcpy4           
00000d67  __aeabi_memcpy8           
00000d67  memcpy                    
00000e03  __aeabi_memclr            
00000e03  __aeabi_memclr4           
00000e03  __aeabi_memclr8           
00000e05  __aeabi_memset            
00000e05  __aeabi_memset4           
00000e05  __aeabi_memset8           
00000e0b  memset                    
00000e7d  __TI_auto_init            
00000f55  IntEnable                 
00000fbd  GPIOIntTypeSet            
00001015  _c_int00                  
00001065  copy_in                   
000010f9  C$$EXIT                   
000010fd  abort                     
00001105  exit                      
0000117d  SysCtlPeripheralReady     
000011b5  IntRegister               
000011e9  SysCtlPeripheralEnable    
0000121d  GPIODirModeSet            
00001269  SysTickIntRegister        
00001285  GPIOIntRegister           
0000129d  GPIOPinTypeGPIOOutput     
000012b5  _args_main                
000012cd  SysTickEnable             
000012e1  SysTickIntEnable          
000012f5  _register_unlock          
000012fb  _register_lock            
00001303  _nop                      
00001309  GPIOPinTypeGPIOInput      
0000131b  IntMasterEnable           
0000132d  SysTickPeriodSet          
0000133d  GPIOIntStatus             
0000134b  __TI_decompress_none      
00001359  CPUcpsie                  
00001365  GPIOIntEnable             
00001371  __TI_zero_init            
0000137d  ResetISR                  
00001389  GPIOIntClear              
0000138f  GPIOPinRead               
00001395  GPIOPinWrite              
0000139b  SysCtlDelay               
000013a1  __TI_decompress_rle24     
000013a7  _system_pre_init          
00001870  __TI_Handler_Table_Base   
0000187c  __TI_Handler_Table_Limit  
00001890  __TI_CINIT_Base           
000018a8  __TI_CINIT_Limit          
20000000  g_pfnRAMVectors           
2000026c  __stack                   
2000046c  __STACK_END               
2000046c  __STACK_TOP               
2000046c  motor1                    
200004c8  motor2                    
20000524  leds                      
20000564  buttons                   
20000584  gui32_actIdx2move         
20000588  gui32_actIdx2add          
2000058c  gui32_numMovesInQ         
20000590  angleM1                   
20000594  angleM2                   
20000598  gui32_SysClock            
200005a4  _lock                     
200005a8  _unlock                   
200005ac  __TI_cleanup_ptr          
200005b0  __TI_dtors_ptr            
200005b4  main_func_sp              
200005b8  gui32_moveQ               
ffffffff  __binit__                 
ffffffff  __c_args__                
ffffffff  binit                     
UNDEFED   SHT$$INIT_ARRAY$$Base     
UNDEFED   SHT$$INIT_ARRAY$$Limit    

[98 symbols]
