******************************************************************************
                  TI ARM Linker PC v5.2.2                      
******************************************************************************
>> Linked Mon May 09 12:27:25 2016

OUTPUT FILE NAME:   <projekt_try1.out>
ENTRY POINT SYMBOL: "_c_int00"  address: 00000d11


MEMORY CONFIGURATION

         name            origin    length      used     unused   attr    fill
----------------------  --------  ---------  --------  --------  ----  --------
  FLASH                 00000000   00100000  00001426  000febda  R  X
  SRAM                  20000000   00040000  000004b8  0003fb48  RW X


SEGMENT ALLOCATION MAP

run origin  load origin   length   init length attrs members
----------  ----------- ---------- ----------- ----- -------
00000000    00000000    00001428   00001428    r-x
  00000000    00000000    00000208   00000208    r-- .intvecs
  00000208    00000208    00000e06   00000e06    r-x .text
  00001010    00001010    000003b8   000003b8    r-- .const
  000013c8    000013c8    00000060   00000060    r-- .cinit
20000000    20000000    000004b8   00000000    rw-
  20000000    20000000    0000026c   00000000    rw- .vtable
  2000026c    2000026c    00000200   00000000    rw- .stack
  2000046c    2000046c    0000004c   00000000    rw- .data


SECTION ALLOCATION MAP

 output                                  attributes/
section   page    origin      length       input sections
--------  ----  ----------  ----------   ----------------
.intvecs   0    00000000    00000208     
                  00000000    00000208     tm4c1294ncpdt_startup_ccs.obj (.intvecs)

.text      0    00000208    00000e06     
                  00000208    00000480     main.obj (.text)
                  00000688    00000204     driverlib.lib : sysctl.obj (.text:SysCtlClockFreqSet)
                  0000088c    00000132                   : gpio.obj (.text:GPIOPadConfigSet)
                  000009be    000000a4                   : gpio.obj (.text:GPIOPadConfigGet)
                  00000a62    0000009c     rtsv7M4_T_le_v4SPD16_eabi.lib : memcpy_t2.obj (.text)
                  00000afe    0000007a                                   : memset_t2.obj (.text)
                  00000b78    0000006c                                   : autoinit.obj (.text)
                  00000be4    0000006a                                   : copy_decompress_rle.obj (.text)
                  00000c4e    00000002     --HOLE-- [fill = 0]
                  00000c50    00000068     driverlib.lib : interrupt.obj (.text:IntEnable)
                  00000cb8    00000056                   : gpio.obj (.text:GPIOIntTypeSet)
                  00000d0e    00000002     --HOLE-- [fill = 0]
                  00000d10    00000050     rtsv7M4_T_le_v4SPD16_eabi.lib : boot.obj (.text)
                  00000d60    0000004c                                   : cpy_tbl.obj (.text)
                  00000dac    00000048     driverlib.lib : sysctl.obj (.text:_SysCtlFrequencyGet)
                  00000df4    00000044     rtsv7M4_T_le_v4SPD16_eabi.lib : exit.obj (.text)
                  00000e38    00000040     driverlib.lib : gpio.obj (.text:_GPIOIntNumberGet)
                  00000e78    00000034                   : interrupt.obj (.text:IntRegister)
                  00000eac    00000034                   : sysctl.obj (.text:SysCtlPeripheralEnable)
                  00000ee0    0000002a                   : gpio.obj (.text:GPIODirModeSet)
                  00000f0a    00000002     --HOLE-- [fill = 0]
                  00000f0c    00000020                   : sysctl.obj (.text:_SysCtlMemTimingGet)
                  00000f2c    00000018                   : gpio.obj (.text:GPIOIntRegister)
                  00000f44    00000018                   : gpio.obj (.text:GPIOPinTypeGPIOOutput)
                  00000f5c    00000018     rtsv7M4_T_le_v4SPD16_eabi.lib : args_main.obj (.text)
                  00000f74    00000014                                   : _lock.obj (.text)
                  00000f88    00000012     driverlib.lib : gpio.obj (.text:GPIOPinTypeGPIOInput)
                  00000f9a    00000002     --HOLE-- [fill = 0]
                  00000f9c    00000010                   : systick.obj (.text:SysTickPeriodSet)
                  00000fac    0000000e                   : gpio.obj (.text:GPIOIntStatus)
                  00000fba    0000000e     rtsv7M4_T_le_v4SPD16_eabi.lib : copy_decompress_none.obj (.text:decompress:none)
                  00000fc8    0000000c     driverlib.lib : gpio.obj (.text:GPIOIntEnable)
                  00000fd4    0000000c     rtsv7M4_T_le_v4SPD16_eabi.lib : copy_zero_init.obj (.text:decompress:ZI)
                  00000fe0    0000000c     tm4c1294ncpdt_startup_ccs.obj (.text)
                  00000fec    00000006     driverlib.lib : gpio.obj (.text:GPIOIntClear)
                  00000ff2    00000006                   : gpio.obj (.text:GPIOPinRead)
                  00000ff8    00000006                   : gpio.obj (.text:GPIOPinWrite)
                  00000ffe    00000006                   : sysctl.obj (.text:SysCtlDelay)
                  00001004    00000006     rtsv7M4_T_le_v4SPD16_eabi.lib : copy_decompress_rle.obj (.text:decompress:rle24)
                  0000100a    00000004                                   : pre_init.obj (.text)

.const     0    00001010    000003b8     
                  00001010    00000120     driverlib.lib : sysctl.obj (.const:g_pppui32XTALtoVCO)
                  00001130    000000c0                   : gpio.obj (.const:g_ppui32GPIOIntMapBlizzard)
                  000011f0    000000c0                   : gpio.obj (.const:g_ppui32GPIOIntMapSnowflake)
                  000012b0    00000070                   : interrupt.obj (.const)
                  00001320    0000006c                   : sysctl.obj (.const:g_pui32Xtals)
                  0000138c    00000030                   : sysctl.obj (.const:g_sXTALtoMEMTIM)
                  000013bc    00000008                   : sysctl.obj (.const)
                  000013c4    00000004     main.obj (.const:.string)

.cinit     0    000013c8    00000060     
                  000013c8    00000037     (.cinit..data.load) [load image, compression = rle]
                  000013ff    00000001     --HOLE-- [fill = 0]
                  00001400    0000000c     (__TI_handler_table)
                  0000140c    00000004     --HOLE-- [fill = 0]
                  00001410    00000008     (.cinit..vtable.load) [load image, compression = zero_init]
                  00001418    00000010     (__TI_cinit_table)

.init_array 
*          0    00000000    00000000     UNINITIALIZED

.vtable    0    20000000    0000026c     UNINITIALIZED
                  20000000    0000026c     driverlib.lib : interrupt.obj (.vtable)

.stack     0    2000026c    00000200     UNINITIALIZED
                  2000026c    00000200     --HOLE--

.data      0    2000046c    0000004c     UNINITIALIZED
                  2000046c    0000002c     main.obj (.data:motor1)
                  20000498    0000000c     main.obj (.data)
                  200004a4    00000008     rtsv7M4_T_le_v4SPD16_eabi.lib : _lock.obj (.data)
                  200004ac    00000008                                   : exit.obj (.data)
                  200004b4    00000004                                   : stkdepth_vars.obj (.data)

.TI.persistent 
*          0    2000046c    00000000     UNINITIALIZED


LINKER GENERATED COPY TABLES

__TI_cinit_table @ 00001418 records: 2, size/record: 8, table size: 16
	.data: load addr=000013c8, load size=00000037 bytes, run addr=2000046c, run size=0000004c bytes, compression=rle
	.vtable: load addr=00001410, load size=00000008 bytes, run addr=20000000, run size=0000026c bytes, compression=zero_init


LINKER GENERATED HANDLER TABLE

__TI_handler_table @ 00001400 records: 3, size/record: 4, table size: 12
	index: 0, handler: __TI_zero_init
	index: 1, handler: __TI_decompress_rle24
	index: 2, handler: __TI_decompress_none


GLOBAL SYMBOLS: SORTED ALPHABETICALLY BY Name 

address   name                    
-------   ----                    
00000df5  C$$EXIT                 
00000ee1  GPIODirModeSet          
00000fed  GPIOIntClear            
00000fc9  GPIOIntEnable           
00000f2d  GPIOIntRegister         
00000fad  GPIOIntStatus           
00000cb9  GPIOIntTypeSet          
000009bf  GPIOPadConfigGet        
0000088d  GPIOPadConfigSet        
00000ff3  GPIOPinRead             
00000f89  GPIOPinTypeGPIOInput    
00000f45  GPIOPinTypeGPIOOutput   
00000ff9  GPIOPinWrite            
000002ad  ISR_gpioUsrSW           
00000c51  IntEnable               
00000e79  IntRegister             
00000fe1  ResetISR                
UNDEFED   SHT$$INIT_ARRAY$$Base   
UNDEFED   SHT$$INIT_ARRAY$$Limit  
00000689  SysCtlClockFreqSet      
00000fff  SysCtlDelay             
00000ead  SysCtlPeripheralEnable  
00000f9d  SysTickPeriodSet        
2000046c  __STACK_END             
00000200  __STACK_SIZE            
2000046c  __STACK_TOP             
00001418  __TI_CINIT_Base         
00001428  __TI_CINIT_Limit        
00001400  __TI_Handler_Table_Base 
0000140c  __TI_Handler_Table_Limit
00000b79  __TI_auto_init          
200004ac  __TI_cleanup_ptr        
00000fbb  __TI_decompress_none    
00001005  __TI_decompress_rle24   
200004b0  __TI_dtors_ptr          
00000000  __TI_static_base__      
00000fd5  __TI_zero_init          
00000aff  __aeabi_memclr          
00000aff  __aeabi_memclr4         
00000aff  __aeabi_memclr8         
00000a63  __aeabi_memcpy          
00000a63  __aeabi_memcpy4         
00000a63  __aeabi_memcpy8         
00000b01  __aeabi_memset          
00000b01  __aeabi_memset4         
00000b01  __aeabi_memset8         
ffffffff  __binit__               
ffffffff  __c_args__              
2000026c  __stack                 
00000f5d  _args_main              
00000d11  _c_int00                
200004a4  _lock                   
00000f83  _nop                    
00000f7b  _register_lock          
00000f75  _register_unlock        
0000100b  _system_pre_init        
200004a8  _unlock                 
00000df9  abort                   
ffffffff  binit                   
00000d61  copy_in                 
00000e01  exit                    
20000000  g_pfnRAMVectors         
00000000  g_pfnVectors            
2000049c  gui32_SysClock          
20000498  gui32_timeout           
200004a0  gvar                    
000002f5  inithardware            
000002cf  initinterrupts          
000004b5  ledSwitcher             
00000209  main                    
200004b4  main_func_sp            
0000062d  makeSteps               
00000a63  memcpy                  
00000b07  memset                  
2000046c  motor1                  


GLOBAL SYMBOLS: SORTED BY Symbol Address 

address   name                    
-------   ----                    
00000000  __TI_static_base__      
00000000  g_pfnVectors            
00000200  __STACK_SIZE            
00000209  main                    
000002ad  ISR_gpioUsrSW           
000002cf  initinterrupts          
000002f5  inithardware            
000004b5  ledSwitcher             
0000062d  makeSteps               
00000689  SysCtlClockFreqSet      
0000088d  GPIOPadConfigSet        
000009bf  GPIOPadConfigGet        
00000a63  __aeabi_memcpy          
00000a63  __aeabi_memcpy4         
00000a63  __aeabi_memcpy8         
00000a63  memcpy                  
00000aff  __aeabi_memclr          
00000aff  __aeabi_memclr4         
00000aff  __aeabi_memclr8         
00000b01  __aeabi_memset          
00000b01  __aeabi_memset4         
00000b01  __aeabi_memset8         
00000b07  memset                  
00000b79  __TI_auto_init          
00000c51  IntEnable               
00000cb9  GPIOIntTypeSet          
00000d11  _c_int00                
00000d61  copy_in                 
00000df5  C$$EXIT                 
00000df9  abort                   
00000e01  exit                    
00000e79  IntRegister             
00000ead  SysCtlPeripheralEnable  
00000ee1  GPIODirModeSet          
00000f2d  GPIOIntRegister         
00000f45  GPIOPinTypeGPIOOutput   
00000f5d  _args_main              
00000f75  _register_unlock        
00000f7b  _register_lock          
00000f83  _nop                    
00000f89  GPIOPinTypeGPIOInput    
00000f9d  SysTickPeriodSet        
00000fad  GPIOIntStatus           
00000fbb  __TI_decompress_none    
00000fc9  GPIOIntEnable           
00000fd5  __TI_zero_init          
00000fe1  ResetISR                
00000fed  GPIOIntClear            
00000ff3  GPIOPinRead             
00000ff9  GPIOPinWrite            
00000fff  SysCtlDelay             
00001005  __TI_decompress_rle24   
0000100b  _system_pre_init        
00001400  __TI_Handler_Table_Base 
0000140c  __TI_Handler_Table_Limit
00001418  __TI_CINIT_Base         
00001428  __TI_CINIT_Limit        
20000000  g_pfnRAMVectors         
2000026c  __stack                 
2000046c  __STACK_END             
2000046c  __STACK_TOP             
2000046c  motor1                  
20000498  gui32_timeout           
2000049c  gui32_SysClock          
200004a0  gvar                    
200004a4  _lock                   
200004a8  _unlock                 
200004ac  __TI_cleanup_ptr        
200004b0  __TI_dtors_ptr          
200004b4  main_func_sp            
ffffffff  __binit__               
ffffffff  __c_args__              
ffffffff  binit                   
UNDEFED   SHT$$INIT_ARRAY$$Base   
UNDEFED   SHT$$INIT_ARRAY$$Limit  

[75 symbols]
